 linkerdialog

 Timestamp is 3ab822bf (Tue Mar 20 19:40:47 2001)

 Preferred load address is 10000000

 Start         Length     Name                   Class
 0001:00000000 000010c0H .text                   CODE
 0001:000010c0 000000b2H .text$x                 CODE
 0002:00000000 00000208H .idata$5                DATA
 0002:00000208 00000348H .rdata                  DATA
 0002:00000550 000000c4H .rdata$r                DATA
 0002:00000618 000000f8H .xdata$x                DATA
 0002:00000710 00000050H .idata$2                DATA
 0002:00000760 00000014H .idata$3                DATA
 0002:00000774 00000208H .idata$4                DATA
 0002:0000097c 000000ecH .idata$6                DATA
 0002:00000a70 000000dfH .edata                  DATA
 0003:00000000 00000004H .CRT$XCA                DATA
 0003:00000004 00000004H .CRT$XCL                DATA
 0003:00000008 00000004H .CRT$XCU                DATA
 0003:0000000c 00000004H .CRT$XCZ                DATA
 0003:00000010 00000004H .CRT$XIA                DATA
 0003:00000014 00000004H .CRT$XIZ                DATA
 0003:00000020 00000098H .data                   DATA
 0003:000000b8 00001330H .bss                    DATA
 0004:00000000 000000a0H .rsrc$01                DATA
 0004:000000a0 00000778H .rsrc$02                DATA

  Address         Publics by Value              Rva+Base     Lib:Object

 0001:00000040       ??1CLinkerDialog@@UAE@XZ   10001040 f i linkerdialog.obj
 0001:000000d0       _LinkerDialog_ShowDialog   100010d0 f   linkerdialog.obj
 0001:00000100       _LinkerDialog_Initialise   10001100 f   linkerdialog.obj
 0001:00000130       _LinkerDialog_Free         10001130 f   linkerdialog.obj
 0001:00000160       _LinkerDialog_GetSettings  10001160 f   linkerdialog.obj
 0001:00000190       _LinkerDialog_SetSettings  10001190 f   linkerdialog.obj
 0001:000001c0       ?_GetBaseMessageMap@CLinkerDialog@@KGPBUAFX_MSGMAP@@XZ 100011c0 f   linkerdialog.obj
 0001:000001d0       ?GetMessageMap@CLinkerDialog@@MBEPBUAFX_MSGMAP@@XZ 100011d0 f   linkerdialog.obj
 0001:000001e0       ??0CLinkerDialog@@QAE@XZ   100011e0 f   linkerdialog.obj
 0001:00000250       ??_ECLinkerDialog@@UAEPAXI@Z 10001250 f i linkerdialog.obj
 0001:00000250       ??_GCLinkerDialog@@UAEPAXI@Z 10001250 f i linkerdialog.obj
 0001:00000270       ?ShowDialog@CLinkerDialog@@QAEH_N@Z 10001270 f   linkerdialog.obj
 0001:000002a0       ?Initialise@CLinkerDialog@@QAEHPAUHWND__@@@Z 100012a0 f   linkerdialog.obj
 0001:000002e0       ?Free@CLinkerDialog@@QAEHXZ 100012e0 f   linkerdialog.obj
 0001:00000310       ?GetSettings@CLinkerDialog@@QAEHPAUtagDialogSettings@@@Z 10001310 f   linkerdialog.obj
 0001:00000400       ?SetSettings@CLinkerDialog@@QAEHPAUtagDialogSettings@@@Z 10001400 f   linkerdialog.obj
 0001:000004c0       ?UpdateEnables@CLinkerDialog@@QAEHXZ 100014c0 f   linkerdialog.obj
 0001:00000670       ?InitInstance@CLinkerDialog@@UAEHXZ 10001670 f   linkerdialog.obj
 0001:00000680       ?ExitInstance@CLinkerDialog@@UAEHXZ 10001680 f   linkerdialog.obj
 0001:00000690       ?Serialize@CObject@@UAEXAAVCArchive@@@Z 10001690 f i linkerdialog.obj
 0001:000006a0       ?AssertValid@CObject@@UBEXXZ 100016a0 f i linkerdialog.obj
 0001:000006b0       ?Dump@CObject@@UBEXAAVCDumpContext@@@Z 100016b0 f i linkerdialog.obj
 0001:000006c0       ??0CTLDialog@@QAE@PAVCWnd@@@Z 100016c0 f   TLDialog.obj
 0001:00000780       ??_GCTLDialog@@UAEPAXI@Z   10001780 f i TLDialog.obj
 0001:00000780       ??_ECTLDialog@@UAEPAXI@Z   10001780 f i TLDialog.obj
 0001:000007a0       ??1CTLDialog@@UAE@XZ       100017a0 f i TLDialog.obj
 0001:00000800       ?DoDataExchange@CTLDialog@@MAEXPAVCDataExchange@@@Z 10001800 f   TLDialog.obj
 0001:00000910       ?_GetBaseMessageMap@CTLDialog@@KGPBUAFX_MSGMAP@@XZ 10001910 f   TLDialog.obj
 0001:00000920       ?GetMessageMap@CTLDialog@@MBEPBUAFX_MSGMAP@@XZ 10001920 f   TLDialog.obj
 0001:00000930       ?OnCreate@CTLDialog@@IAEHPAUtagCREATESTRUCTA@@@Z 10001930 f   TLDialog.obj
 0001:00000940       ?OnInitDialog@CTLDialog@@MAEHXZ 10001940 f   TLDialog.obj
 0001:00000980       ?DoDataExchange@CWnd@@MAEXPAVCDataExchange@@@Z 10001980 f i TLDialog.obj
 0001:00000990       ?BeginModalState@CWnd@@UAEXXZ 10001990 f i TLDialog.obj
 0001:000009a0       ?EndModalState@CWnd@@UAEXXZ 100019a0 f i TLDialog.obj
 0001:000009b0       ??_GCSpinButtonCtrl@@UAEPAXI@Z 100019b0 f i TLDialog.obj
 0001:000009b0       ??_ECSpinButtonCtrl@@UAEPAXI@Z 100019b0 f i TLDialog.obj
 0001:000009d0       ??1CWinApp@@UAE@XZ         100019d0 f   mfc42:MFC42.DLL
 0001:000009d6       ??1CWnd@@UAE@XZ            100019d6 f   mfc42:MFC42.DLL
 0001:000009dc       ??1CDialog@@UAE@XZ         100019dc f   mfc42:MFC42.DLL
 0001:000009e2       ??1CSpinButtonCtrl@@UAE@XZ 100019e2 f   mfc42:MFC42.DLL
 0001:000009e8       ??0AFX_MAINTAIN_STATE2@@QAE@PAVAFX_MODULE_STATE@@@Z 100019e8 f   mfc42:MFC42.DLL
 0001:000009ee       ?WinHelpA@CWinApp@@UAEXKI@Z 100019ee f   mfc42:MFC42.DLL
 0001:000009f4       ?OnDDECommand@CWinApp@@UAEHPAD@Z 100019f4 f   mfc42:MFC42.DLL
 0001:000009fa       ?DoWaitCursor@CWinApp@@UAEXH@Z 100019fa f   mfc42:MFC42.DLL
 0001:00000a00       ?DoMessageBox@CWinApp@@UAEHPBDII@Z 10001a00 f   mfc42:MFC42.DLL
 0001:00000a06       ?SaveAllModified@CWinApp@@UAEHXZ 10001a06 f   mfc42:MFC42.DLL
 0001:00000a0c       ?InitApplication@CWinApp@@UAEHXZ 10001a0c f   mfc42:MFC42.DLL
 0001:00000a12       ?AddToRecentFileList@CWinApp@@UAEXPBD@Z 10001a12 f   mfc42:MFC42.DLL
 0001:00000a18       ?OpenDocumentFile@CWinApp@@UAEPAVCDocument@@PBD@Z 10001a18 f   mfc42:MFC42.DLL
 0001:00000a1e       ?Delete@CWinThread@@UAEXXZ 10001a1e f   mfc42:MFC42.DLL
 0001:00000a24       ?GetMainWnd@CWinThread@@UAEPAVCWnd@@XZ 10001a24 f   mfc42:MFC42.DLL
 0001:00000a2a       ?ProcessMessageFilter@CWinThread@@UAEHHPAUtagMSG@@@Z 10001a2a f   mfc42:MFC42.DLL
 0001:00000a30       ?ProcessWndProcException@CWinApp@@UAEJPAVCException@@PBUtagMSG@@@Z 10001a30 f   mfc42:MFC42.DLL
 0001:00000a36       ?IsIdleMessage@CWinThread@@UAEHPAUtagMSG@@@Z 10001a36 f   mfc42:MFC42.DLL
 0001:00000a3c       ?OnIdle@CWinApp@@UAEHJ@Z   10001a3c f   mfc42:MFC42.DLL
 0001:00000a42       ?PumpMessage@CWinThread@@UAEHXZ 10001a42 f   mfc42:MFC42.DLL
 0001:00000a48       ?PreTranslateMessage@CWinThread@@UAEHPAUtagMSG@@@Z 10001a48 f   mfc42:MFC42.DLL
 0001:00000a4e       ?Run@CWinApp@@UAEHXZ       10001a4e f   mfc42:MFC42.DLL
 0001:00000a54       ?GetConnectionHook@CCmdTarget@@MAEPAUIConnectionPoint@@ABU_GUID@@@Z 10001a54 f   mfc42:MFC42.DLL
 0001:00000a5a       ?GetExtraConnectionPoints@CCmdTarget@@MAEHPAVCPtrArray@@@Z 10001a5a f   mfc42:MFC42.DLL
 0001:00000a60       ?GetInterfaceHook@CCmdTarget@@UAEPAUIUnknown@@PBX@Z 10001a60 f   mfc42:MFC42.DLL
 0001:00000a66       ?OnCreateAggregates@CCmdTarget@@UAEHXZ 10001a66 f   mfc42:MFC42.DLL
 0001:00000a6c       ?GetEventSinkMap@CCmdTarget@@MBEPBUAFX_EVENTSINKMAP@@XZ 10001a6c f   mfc42:MFC42.DLL
 0001:00000a72       ?GetInterfaceMap@CCmdTarget@@MBEPBUAFX_INTERFACEMAP@@XZ 10001a72 f   mfc42:MFC42.DLL
 0001:00000a78       ?GetConnectionMap@CCmdTarget@@MBEPBUAFX_CONNECTIONMAP@@XZ 10001a78 f   mfc42:MFC42.DLL
 0001:00000a7e       ?GetDispatchMap@CCmdTarget@@MBEPBUAFX_DISPMAP@@XZ 10001a7e f   mfc42:MFC42.DLL
 0001:00000a84       ?GetCommandMap@CCmdTarget@@MBEPBUAFX_OLECMDMAP@@XZ 10001a84 f   mfc42:MFC42.DLL
 0001:00000a8a       ?GetTypeLib@CCmdTarget@@UAEJKPAPAUITypeLib@@@Z 10001a8a f   mfc42:MFC42.DLL
 0001:00000a90       ?GetTypeLibCache@CCmdTarget@@UAEPAVCTypeLibCache@@XZ 10001a90 f   mfc42:MFC42.DLL
 0001:00000a96       ?GetTypeInfoCount@CCmdTarget@@UAEIXZ 10001a96 f   mfc42:MFC42.DLL
 0001:00000a9c       ?GetDispatchIID@CCmdTarget@@UAEHPAU_GUID@@@Z 10001a9c f   mfc42:MFC42.DLL
 0001:00000aa2       ?IsInvokeAllowed@CCmdTarget@@UAEHJ@Z 10001aa2 f   mfc42:MFC42.DLL
 0001:00000aa8       ?OnFinalRelease@CCmdTarget@@UAEXXZ 10001aa8 f   mfc42:MFC42.DLL
 0001:00000aae       ?OnCmdMsg@CCmdTarget@@UAEHIHPAXPAUAFX_CMDHANDLERINFO@@@Z 10001aae f   mfc42:MFC42.DLL
 0001:00000ab4       ?GetRuntimeClass@CWinApp@@UBEPAUCRuntimeClass@@XZ 10001ab4 f   mfc42:MFC42.DLL
 0001:00000aba       ??0CWnd@@QAE@XZ            10001aba f   mfc42:MFC42.DLL
 0001:00000ac0       ??0CWinApp@@QAE@PBD@Z      10001ac0 f   mfc42:MFC42.DLL
 0001:00000ac6       ??3@YAXPAX@Z               10001ac6 f   mfc42:MFC42.DLL
 0001:00000acc       ?ShowWindow@CWnd@@QAEHH@Z  10001acc f   mfc42:MFC42.DLL
 0001:00000ad2       ?Create@CDialog@@QAEHPBDPAVCWnd@@@Z 10001ad2 f   mfc42:MFC42.DLL
 0001:00000ad8       ?Attach@CWnd@@QAEHPAUHWND__@@@Z 10001ad8 f   mfc42:MFC42.DLL
 0001:00000ade       ?Detach@CWnd@@QAEPAUHWND__@@XZ 10001ade f   mfc42:MFC42.DLL
 0001:00000ae4       ?UpdateData@CWnd@@QAEHH@Z  10001ae4 f   mfc42:MFC42.DLL
 0001:00000aea       ?EnableWindow@CWnd@@QAEHH@Z 10001aea f   mfc42:MFC42.DLL
 0001:00000af0       ?GetDlgItem@CWnd@@QBEPAV1@H@Z 10001af0 f   mfc42:MFC42.DLL
 0001:00000af6       ?InitInstance@CWinApp@@UAEHXZ 10001af6 f   mfc42:MFC42.DLL
 0001:00000afc       ?ExitInstance@CWinApp@@UAEHXZ 10001afc f   mfc42:MFC42.DLL
 0001:00000b02       ?SetOccDialogInfo@CWnd@@MAEHPAU_AFX_OCC_DIALOG_INFO@@@Z 10001b02 f   mfc42:MFC42.DLL
 0001:00000b08       ?CheckAutoCenter@CWnd@@UAEHXZ 10001b08 f   mfc42:MFC42.DLL
 0001:00000b0e       ?PreTranslateMessage@CWnd@@UAEHPAUtagMSG@@@Z 10001b0e f   mfc42:MFC42.DLL
 0001:00000b14       ?GetMessageMap@CWnd@@MBEPBUAFX_MSGMAP@@XZ 10001b14 f   mfc42:MFC42.DLL
 0001:00000b1a       ?GetRuntimeClass@CSpinButtonCtrl@@UBEPAUCRuntimeClass@@XZ 10001b1a f   mfc42:MFC42.DLL
 0001:00000b20       ?PreInitDialog@CDialog@@MAEXXZ 10001b20 f   mfc42:MFC42.DLL
 0001:00000b26       ?OnCancel@CDialog@@MAEXXZ  10001b26 f   mfc42:MFC42.DLL
 0001:00000b2c       ?OnOK@CDialog@@MAEXXZ      10001b2c f   mfc42:MFC42.DLL
 0001:00000b32       ?OnSetFont@CDialog@@UAEXPAVCFont@@@Z 10001b32 f   mfc42:MFC42.DLL
 0001:00000b38       ?DoModal@CDialog@@UAEHXZ   10001b38 f   mfc42:MFC42.DLL
 0001:00000b3e       ?SetOccDialogInfo@CDialog@@MAEHPAU_AFX_OCC_DIALOG_INFO@@@Z 10001b3e f   mfc42:MFC42.DLL
 0001:00000b44       ?IsFrameWnd@CWnd@@UBEHXZ   10001b44 f   mfc42:MFC42.DLL
 0001:00000b4a       ?CheckAutoCenter@CDialog@@UAEHXZ 10001b4a f   mfc42:MFC42.DLL
 0001:00000b50       ?OnChildNotify@CWnd@@MAEHIIJPAJ@Z 10001b50 f   mfc42:MFC42.DLL
 0001:00000b56       ?PostNcDestroy@CWnd@@MAEXXZ 10001b56 f   mfc42:MFC42.DLL
 0001:00000b5c       ?DefWindowProcA@CWnd@@MAEJIIJ@Z 10001b5c f   mfc42:MFC42.DLL
 0001:00000b62       ?OnWndMsg@CWnd@@MAEHIIJPAJ@Z 10001b62 f   mfc42:MFC42.DLL
 0001:00000b68       ?WindowProc@CWnd@@MAEJIIJ@Z 10001b68 f   mfc42:MFC42.DLL
 0001:00000b6e       ?OnAmbientProperty@CWnd@@UAEHPAVCOleControlSite@@JPAUtagVARIANT@@@Z 10001b6e f   mfc42:MFC42.DLL
 0001:00000b74       ?PreTranslateMessage@CDialog@@UAEHPAUtagMSG@@@Z 10001b74 f   mfc42:MFC42.DLL
 0001:00000b7a       ?GetSuperWndProcAddr@CWnd@@MAEPAP6GJPAUHWND__@@IIJ@ZXZ 10001b7a f   mfc42:MFC42.DLL
 0001:00000b80       ?OnNotify@CWnd@@MAEHIJPAJ@Z 10001b80 f   mfc42:MFC42.DLL
 0001:00000b86       ?OnCommand@CWnd@@MAEHIJ@Z  10001b86 f   mfc42:MFC42.DLL
 0001:00000b8c       ?EndModalLoop@CWnd@@UAEXH@Z 10001b8c f   mfc42:MFC42.DLL
 0001:00000b92       ?ContinueModal@CWnd@@UAEHXZ 10001b92 f   mfc42:MFC42.DLL
 0001:00000b98       ?WinHelpA@CWnd@@UAEXKI@Z   10001b98 f   mfc42:MFC42.DLL
 0001:00000b9e       ?GetScrollBarCtrl@CWnd@@UBEPAVCScrollBar@@H@Z 10001b9e f   mfc42:MFC42.DLL
 0001:00000ba4       ?OnToolHitTest@CWnd@@UBEHVCPoint@@PAUtagTOOLINFOA@@@Z 10001ba4 f   mfc42:MFC42.DLL
 0001:00000baa       ?CalcWindowRect@CWnd@@UAEXPAUtagRECT@@I@Z 10001baa f   mfc42:MFC42.DLL
 0001:00000bb0       ?PreCreateWindow@CWnd@@UAEHAAUtagCREATESTRUCTA@@@Z 10001bb0 f   mfc42:MFC42.DLL
 0001:00000bb6       ?DestroyWindow@CWnd@@UAEHXZ 10001bb6 f   mfc42:MFC42.DLL
 0001:00000bbc       ?Create@CWnd@@UAEHPBD0KABUtagRECT@@PAV1@IPAUCCreateContext@@@Z 10001bbc f   mfc42:MFC42.DLL
 0001:00000bc2       ?PreSubclassWindow@CWnd@@UAEXXZ 10001bc2 f   mfc42:MFC42.DLL
 0001:00000bc8       ?OnFinalRelease@CWnd@@UAEXXZ 10001bc8 f   mfc42:MFC42.DLL
 0001:00000bce       ?OnCmdMsg@CDialog@@UAEHIHPAXPAUAFX_CMDHANDLERINFO@@@Z 10001bce f   mfc42:MFC42.DLL
 0001:00000bd4       ?GetRuntimeClass@CDialog@@UBEPAUCRuntimeClass@@XZ 10001bd4 f   mfc42:MFC42.DLL
 0001:00000bda       ??0CDialog@@QAE@IPAVCWnd@@@Z 10001bda f   mfc42:MFC42.DLL
 0001:00000be0       ?DDX_Check@@YGXPAVCDataExchange@@HAAH@Z 10001be0 f   mfc42:MFC42.DLL
 0001:00000be6       ?DDX_Radio@@YGXPAVCDataExchange@@HAAH@Z 10001be6 f   mfc42:MFC42.DLL
 0001:00000bec       ?DDV_MinMaxDWord@@YGXPAVCDataExchange@@KKK@Z 10001bec f   mfc42:MFC42.DLL
 0001:00000bf2       ?DDX_Text@@YGXPAVCDataExchange@@HAAK@Z 10001bf2 f   mfc42:MFC42.DLL
 0001:00000bf8       ?DDX_Control@@YGXPAVCDataExchange@@HAAVCWnd@@@Z 10001bf8 f   mfc42:MFC42.DLL
 0001:00000bfe       ?Default@CWnd@@IAEJXZ      10001bfe f   mfc42:MFC42.DLL
 0001:00000c04       ?OnInitDialog@CDialog@@UAEHXZ 10001c04 f   mfc42:MFC42.DLL
 0001:00000c1e       ??0_AFX_DLL_MODULE_STATE@@QAE@XZ 10001c1e f i mfcs42:dllmodul.obj
 0001:00000c3c       ??_G_AFX_DLL_MODULE_STATE@@UAEPAXI@Z 10001c3c f i mfcs42:dllmodul.obj
 0001:00000c3c       ??_E_AFX_DLL_MODULE_STATE@@UAEPAXI@Z 10001c3c f i mfcs42:dllmodul.obj
 0001:00000c57       ??1_AFX_DLL_MODULE_STATE@@UAE@XZ 10001c57 f i mfcs42:dllmodul.obj
 0001:00000c72       ?AfxWndProcDllStatic@@YGJPAUHWND__@@IIJ@Z 10001c72 f   mfcs42:dllmodul.obj
 0001:00000cb7       ?AfxGetStaticModuleState@@YGPAVAFX_MODULE_STATE@@XZ 10001cb7 f   mfcs42:dllmodul.obj
 0001:00000cbd       _DllMain@12                10001cbd f   mfcs42:dllmodul.obj
 0001:00000de4       _RawDllMain@12             10001de4 f   mfcs42:dllmodul.obj
 0001:00000e35       ??1AFX_MAINTAIN_STATE2@@QAE@XZ 10001e35 f i mfcs42:dllmodul.obj
 0001:00000e3e       __onexit                   10001e3e f   msvcrt:atonexit.obj
 0001:00000e6a       _atexit                    10001e6a f   msvcrt:atonexit.obj
 0001:00000e7c       ___CxxFrameHandler         10001e7c f   msvcrt:MSVCRT.dll
 0001:00000e90       __CRT_INIT@12              10001e90 f   msvcrt:crtdll.obj
 0001:00000f3b       __DllMainCRTStartup@12     10001f3b f   msvcrt:crtdll.obj
 0001:00000fd8       ??0type_info@@AAE@ABV0@@Z  10001fd8 f   msvcrt:ti_inst.obj
 0001:00000fe3       ??_Etype_info@@UAEPAXI@Z   10001fe3 f i msvcrt:ti_inst.obj
 0001:00000fe3       ??_Gtype_info@@UAEPAXI@Z   10001fe3 f i msvcrt:ti_inst.obj
 0001:00000fff       ??4type_info@@AAEAAV0@ABV0@@Z 10001fff f   msvcrt:ti_inst.obj
 0001:00001004       __EH_prolog                10002004 f   msvcrt:ehprolog.obj
 0001:00001024       ??2@YAPAXI@Z               10002024 f   msvcrt:MSVCRT.dll
 0001:0000102a       ___dllonexit               1000202a f   msvcrt:MSVCRT.dll
 0001:00001030       _free                      10002030 f   msvcrt:MSVCRT.dll
 0001:00001036       __initterm                 10002036 f   msvcrt:MSVCRT.dll
 0001:0000103c       _malloc                    1000203c f   msvcrt:MSVCRT.dll
 0001:00001042       ??1type_info@@UAE@XZ       10002042 f   msvcrt:MSVCRT.dll
 0001:00001048       _LocalFree@4               10002048 f   kernel32:KERNEL32.dll
 0001:0000104e       _LocalAlloc@8              1000204e f   kernel32:KERNEL32.dll
 0001:00001054       _SendMessageA@16           10002054 f   user32:USER32.dll
 0001:0000105a       _EnableWindow@8            1000205a f   user32:USER32.dll
 0001:00001060       ??0AFX_MODULE_STATE@@QAE@HP6GJPAUHWND__@@IIJ@ZK@Z 10002060 f   mfc42:MFC42.DLL
 0001:00001066       ??3CNoTrackObject@@SGXPAX@Z 10002066 f   mfc42:MFC42.DLL
 0001:0000106c       ??1AFX_MODULE_STATE@@UAE@XZ 1000206c f   mfc42:MFC42.DLL
 0001:00001072       ?AfxWndProc@@YGJPAUHWND__@@IIJ@Z 10002072 f   mfc42:MFC42.DLL
 0001:00001078       ?AfxTermThread@@YGXPAUHINSTANCE__@@@Z 10002078 f   mfc42:MFC42.DLL
 0001:0000107e       ?AfxTermExtensionModule@@YGXAAUAFX_EXTENSION_MODULE@@H@Z 1000207e f   mfc42:MFC42.DLL
 0001:00001084       ?AfxUnlockTempMaps@@YGHH@Z 10002084 f   mfc42:MFC42.DLL
 0001:0000108a       ?AfxLockTempMaps@@YGXXZ    1000208a f   mfc42:MFC42.DLL
 0001:00001090       ?AfxSetModuleState@@YGPAVAFX_MODULE_STATE@@PAV1@@Z 10002090 f   mfc42:MFC42.DLL
 0001:00001096       ??0CDynLinkLibrary@@QAE@AAUAFX_EXTENSION_MODULE@@H@Z 10002096 f   mfc42:MFC42.DLL
 0001:0000109c       ?AfxInitExtensionModule@@YGHAAUAFX_EXTENSION_MODULE@@PAUHINSTANCE__@@@Z 1000209c f   mfc42:MFC42.DLL
 0001:000010a2       ?AfxWinTerm@@YGXXZ         100020a2 f   mfc42:MFC42.DLL
 0001:000010a8       ?AfxGetModuleState@@YGPAVAFX_MODULE_STATE@@XZ 100020a8 f   mfc42:MFC42.DLL
 0001:000010ae       ?AfxWinInit@@YGHPAUHINSTANCE__@@0PADH@Z 100020ae f   mfc42:MFC42.DLL
 0001:000010b4       ?AfxGetThreadState@@YGPAV_AFX_THREAD_STATE@@XZ 100020b4 f   mfc42:MFC42.DLL
 0001:000010ba       ?AfxCoreInitModule@@YGXXZ  100020ba f   mfc42:MFC42.DLL
 0002:00000000       __imp__LocalAlloc@8        10003000     kernel32:KERNEL32.dll
 0002:00000004       __imp__LocalFree@4         10003004     kernel32:KERNEL32.dll
 0002:00000008       \177KERNEL32_NULL_THUNK_DATA 10003008     kernel32:KERNEL32.dll
 0002:0000000c       __imp_??1CDialog@@UAE@XZ   1000300c     mfc42:MFC42.DLL
 0002:00000010       __imp_??0AFX_MAINTAIN_STATE2@@QAE@PAVAFX_MODULE_STATE@@@Z 10003010     mfc42:MFC42.DLL
 0002:00000014       __imp_?messageMap@CWinApp@@1UAFX_MSGMAP@@B 10003014     mfc42:MFC42.DLL
 0002:00000018       __imp_?WinHelpA@CWinApp@@UAEXKI@Z 10003018     mfc42:MFC42.DLL
 0002:0000001c       __imp_?OnDDECommand@CWinApp@@UAEHPAD@Z 1000301c     mfc42:MFC42.DLL
 0002:00000020       __imp_?DoWaitCursor@CWinApp@@UAEXH@Z 10003020     mfc42:MFC42.DLL
 0002:00000024       __imp_?DoMessageBox@CWinApp@@UAEHPBDII@Z 10003024     mfc42:MFC42.DLL
 0002:00000028       __imp_?SaveAllModified@CWinApp@@UAEHXZ 10003028     mfc42:MFC42.DLL
 0002:0000002c       __imp_?InitApplication@CWinApp@@UAEHXZ 1000302c     mfc42:MFC42.DLL
 0002:00000030       __imp_?AddToRecentFileList@CWinApp@@UAEXPBD@Z 10003030     mfc42:MFC42.DLL
 0002:00000034       __imp_?OpenDocumentFile@CWinApp@@UAEPAVCDocument@@PBD@Z 10003034     mfc42:MFC42.DLL
 0002:00000038       __imp_?Delete@CWinThread@@UAEXXZ 10003038     mfc42:MFC42.DLL
 0002:0000003c       __imp_?GetMainWnd@CWinThread@@UAEPAVCWnd@@XZ 1000303c     mfc42:MFC42.DLL
 0002:00000040       __imp_?ProcessMessageFilter@CWinThread@@UAEHHPAUtagMSG@@@Z 10003040     mfc42:MFC42.DLL
 0002:00000044       __imp_?ProcessWndProcException@CWinApp@@UAEJPAVCException@@PBUtagMSG@@@Z 10003044     mfc42:MFC42.DLL
 0002:00000048       __imp_?IsIdleMessage@CWinThread@@UAEHPAUtagMSG@@@Z 10003048     mfc42:MFC42.DLL
 0002:0000004c       __imp_?OnIdle@CWinApp@@UAEHJ@Z 1000304c     mfc42:MFC42.DLL
 0002:00000050       __imp_?PumpMessage@CWinThread@@UAEHXZ 10003050     mfc42:MFC42.DLL
 0002:00000054       __imp_?PreTranslateMessage@CWinThread@@UAEHPAUtagMSG@@@Z 10003054     mfc42:MFC42.DLL
 0002:00000058       __imp_?Run@CWinApp@@UAEHXZ 10003058     mfc42:MFC42.DLL
 0002:0000005c       __imp_?GetConnectionHook@CCmdTarget@@MAEPAUIConnectionPoint@@ABU_GUID@@@Z 1000305c     mfc42:MFC42.DLL
 0002:00000060       __imp_?GetExtraConnectionPoints@CCmdTarget@@MAEHPAVCPtrArray@@@Z 10003060     mfc42:MFC42.DLL
 0002:00000064       __imp_?GetInterfaceHook@CCmdTarget@@UAEPAUIUnknown@@PBX@Z 10003064     mfc42:MFC42.DLL
 0002:00000068       __imp_?OnCreateAggregates@CCmdTarget@@UAEHXZ 10003068     mfc42:MFC42.DLL
 0002:0000006c       __imp_?GetEventSinkMap@CCmdTarget@@MBEPBUAFX_EVENTSINKMAP@@XZ 1000306c     mfc42:MFC42.DLL
 0002:00000070       __imp_?GetInterfaceMap@CCmdTarget@@MBEPBUAFX_INTERFACEMAP@@XZ 10003070     mfc42:MFC42.DLL
 0002:00000074       __imp_?GetConnectionMap@CCmdTarget@@MBEPBUAFX_CONNECTIONMAP@@XZ 10003074     mfc42:MFC42.DLL
 0002:00000078       __imp_?GetDispatchMap@CCmdTarget@@MBEPBUAFX_DISPMAP@@XZ 10003078     mfc42:MFC42.DLL
 0002:0000007c       __imp_?GetCommandMap@CCmdTarget@@MBEPBUAFX_OLECMDMAP@@XZ 1000307c     mfc42:MFC42.DLL
 0002:00000080       __imp_?GetTypeLib@CCmdTarget@@UAEJKPAPAUITypeLib@@@Z 10003080     mfc42:MFC42.DLL
 0002:00000084       __imp_?GetTypeLibCache@CCmdTarget@@UAEPAVCTypeLibCache@@XZ 10003084     mfc42:MFC42.DLL
 0002:00000088       __imp_?GetTypeInfoCount@CCmdTarget@@UAEIXZ 10003088     mfc42:MFC42.DLL
 0002:0000008c       __imp_?GetDispatchIID@CCmdTarget@@UAEHPAU_GUID@@@Z 1000308c     mfc42:MFC42.DLL
 0002:00000090       __imp_?IsInvokeAllowed@CCmdTarget@@UAEHJ@Z 10003090     mfc42:MFC42.DLL
 0002:00000094       __imp_?OnFinalRelease@CCmdTarget@@UAEXXZ 10003094     mfc42:MFC42.DLL
 0002:00000098       __imp_?OnCmdMsg@CCmdTarget@@UAEHIHPAXPAUAFX_CMDHANDLERINFO@@@Z 10003098     mfc42:MFC42.DLL
 0002:0000009c       __imp_?GetRuntimeClass@CWinApp@@UBEPAUCRuntimeClass@@XZ 1000309c     mfc42:MFC42.DLL
 0002:000000a0       __imp_??0CWnd@@QAE@XZ      100030a0     mfc42:MFC42.DLL
 0002:000000a4       __imp_??0CWinApp@@QAE@PBD@Z 100030a4     mfc42:MFC42.DLL
 0002:000000a8       __imp_??3@YAXPAX@Z         100030a8     mfc42:MFC42.DLL
 0002:000000ac       __imp_?ShowWindow@CWnd@@QAEHH@Z 100030ac     mfc42:MFC42.DLL
 0002:000000b0       __imp_?Create@CDialog@@QAEHPBDPAVCWnd@@@Z 100030b0     mfc42:MFC42.DLL
 0002:000000b4       __imp_?Attach@CWnd@@QAEHPAUHWND__@@@Z 100030b4     mfc42:MFC42.DLL
 0002:000000b8       __imp_?Detach@CWnd@@QAEPAUHWND__@@XZ 100030b8     mfc42:MFC42.DLL
 0002:000000bc       __imp_?UpdateData@CWnd@@QAEHH@Z 100030bc     mfc42:MFC42.DLL
 0002:000000c0       __imp_?EnableWindow@CWnd@@QAEHH@Z 100030c0     mfc42:MFC42.DLL
 0002:000000c4       __imp_??1CWnd@@UAE@XZ      100030c4     mfc42:MFC42.DLL
 0002:000000c8       __imp_??1CSpinButtonCtrl@@UAE@XZ 100030c8     mfc42:MFC42.DLL
 0002:000000cc       __imp_?ExitInstance@CWinApp@@UAEHXZ 100030cc     mfc42:MFC42.DLL
 0002:000000d0       __imp_?SetOccDialogInfo@CWnd@@MAEHPAU_AFX_OCC_DIALOG_INFO@@@Z 100030d0     mfc42:MFC42.DLL
 0002:000000d4       __imp_?CheckAutoCenter@CWnd@@UAEHXZ 100030d4     mfc42:MFC42.DLL
 0002:000000d8       __imp_?PreTranslateMessage@CWnd@@UAEHPAUtagMSG@@@Z 100030d8     mfc42:MFC42.DLL
 0002:000000dc       __imp_?GetMessageMap@CWnd@@MBEPBUAFX_MSGMAP@@XZ 100030dc     mfc42:MFC42.DLL
 0002:000000e0       __imp_?GetRuntimeClass@CSpinButtonCtrl@@UBEPAUCRuntimeClass@@XZ 100030e0     mfc42:MFC42.DLL
 0002:000000e4       __imp_?PreInitDialog@CDialog@@MAEXXZ 100030e4     mfc42:MFC42.DLL
 0002:000000e8       __imp_?OnCancel@CDialog@@MAEXXZ 100030e8     mfc42:MFC42.DLL
 0002:000000ec       __imp_?OnOK@CDialog@@MAEXXZ 100030ec     mfc42:MFC42.DLL
 0002:000000f0       __imp_?OnSetFont@CDialog@@UAEXPAVCFont@@@Z 100030f0     mfc42:MFC42.DLL
 0002:000000f4       __imp_?DoModal@CDialog@@UAEHXZ 100030f4     mfc42:MFC42.DLL
 0002:000000f8       __imp_?SetOccDialogInfo@CDialog@@MAEHPAU_AFX_OCC_DIALOG_INFO@@@Z 100030f8     mfc42:MFC42.DLL
 0002:000000fc       __imp_?IsFrameWnd@CWnd@@UBEHXZ 100030fc     mfc42:MFC42.DLL
 0002:00000100       __imp_?CheckAutoCenter@CDialog@@UAEHXZ 10003100     mfc42:MFC42.DLL
 0002:00000104       __imp_??1CWinApp@@UAE@XZ   10003104     mfc42:MFC42.DLL
 0002:00000108       __imp_?PostNcDestroy@CWnd@@MAEXXZ 10003108     mfc42:MFC42.DLL
 0002:0000010c       __imp_?DefWindowProcA@CWnd@@MAEJIIJ@Z 1000310c     mfc42:MFC42.DLL
 0002:00000110       __imp_?OnWndMsg@CWnd@@MAEHIIJPAJ@Z 10003110     mfc42:MFC42.DLL
 0002:00000114       __imp_?WindowProc@CWnd@@MAEJIIJ@Z 10003114     mfc42:MFC42.DLL
 0002:00000118       __imp_?OnAmbientProperty@CWnd@@UAEHPAVCOleControlSite@@JPAUtagVARIANT@@@Z 10003118     mfc42:MFC42.DLL
 0002:0000011c       __imp_?PreTranslateMessage@CDialog@@UAEHPAUtagMSG@@@Z 1000311c     mfc42:MFC42.DLL
 0002:00000120       __imp_?GetSuperWndProcAddr@CWnd@@MAEPAP6GJPAUHWND__@@IIJ@ZXZ 10003120     mfc42:MFC42.DLL
 0002:00000124       __imp_?OnNotify@CWnd@@MAEHIJPAJ@Z 10003124     mfc42:MFC42.DLL
 0002:00000128       __imp_?OnCommand@CWnd@@MAEHIJ@Z 10003128     mfc42:MFC42.DLL
 0002:0000012c       __imp_?EndModalLoop@CWnd@@UAEXH@Z 1000312c     mfc42:MFC42.DLL
 0002:00000130       __imp_?ContinueModal@CWnd@@UAEHXZ 10003130     mfc42:MFC42.DLL
 0002:00000134       __imp_?WinHelpA@CWnd@@UAEXKI@Z 10003134     mfc42:MFC42.DLL
 0002:00000138       __imp_?GetScrollBarCtrl@CWnd@@UBEPAVCScrollBar@@H@Z 10003138     mfc42:MFC42.DLL
 0002:0000013c       __imp_?OnToolHitTest@CWnd@@UBEHVCPoint@@PAUtagTOOLINFOA@@@Z 1000313c     mfc42:MFC42.DLL
 0002:00000140       __imp_?CalcWindowRect@CWnd@@UAEXPAUtagRECT@@I@Z 10003140     mfc42:MFC42.DLL
 0002:00000144       __imp_?PreCreateWindow@CWnd@@UAEHAAUtagCREATESTRUCTA@@@Z 10003144     mfc42:MFC42.DLL
 0002:00000148       __imp_?DestroyWindow@CWnd@@UAEHXZ 10003148     mfc42:MFC42.DLL
 0002:0000014c       __imp_?Create@CWnd@@UAEHPBD0KABUtagRECT@@PAV1@IPAUCCreateContext@@@Z 1000314c     mfc42:MFC42.DLL
 0002:00000150       __imp_?PreSubclassWindow@CWnd@@UAEXXZ 10003150     mfc42:MFC42.DLL
 0002:00000154       __imp_?OnFinalRelease@CWnd@@UAEXXZ 10003154     mfc42:MFC42.DLL
 0002:00000158       __imp_?OnCmdMsg@CDialog@@UAEHIHPAXPAUAFX_CMDHANDLERINFO@@@Z 10003158     mfc42:MFC42.DLL
 0002:0000015c       __imp_?GetRuntimeClass@CDialog@@UBEPAUCRuntimeClass@@XZ 1000315c     mfc42:MFC42.DLL
 0002:00000160       __imp_??0CDialog@@QAE@IPAVCWnd@@@Z 10003160     mfc42:MFC42.DLL
 0002:00000164       __imp_?DDX_Check@@YGXPAVCDataExchange@@HAAH@Z 10003164     mfc42:MFC42.DLL
 0002:00000168       __imp_?DDX_Radio@@YGXPAVCDataExchange@@HAAH@Z 10003168     mfc42:MFC42.DLL
 0002:0000016c       __imp_?DDV_MinMaxDWord@@YGXPAVCDataExchange@@KKK@Z 1000316c     mfc42:MFC42.DLL
 0002:00000170       __imp_?DDX_Text@@YGXPAVCDataExchange@@HAAK@Z 10003170     mfc42:MFC42.DLL
 0002:00000174       __imp_?DDX_Control@@YGXPAVCDataExchange@@HAAVCWnd@@@Z 10003174     mfc42:MFC42.DLL
 0002:00000178       __imp_?messageMap@CDialog@@1UAFX_MSGMAP@@B 10003178     mfc42:MFC42.DLL
 0002:0000017c       __imp_?Default@CWnd@@IAEJXZ 1000317c     mfc42:MFC42.DLL
 0002:00000180       __imp_?OnInitDialog@CDialog@@UAEHXZ 10003180     mfc42:MFC42.DLL
 0002:00000184       __imp_?GetDlgItem@CWnd@@QBEPAV1@H@Z 10003184     mfc42:MFC42.DLL
 0002:00000188       __imp_?InitInstance@CWinApp@@UAEHXZ 10003188     mfc42:MFC42.DLL
 0002:0000018c       __imp_?OnChildNotify@CWnd@@MAEHIIJPAJ@Z 1000318c     mfc42:MFC42.DLL
 0002:00000190       __imp_??3CNoTrackObject@@SGXPAX@Z 10003190     mfc42:MFC42.DLL
 0002:00000194       __imp_??1AFX_MODULE_STATE@@UAE@XZ 10003194     mfc42:MFC42.DLL
 0002:00000198       __imp_??0AFX_MODULE_STATE@@QAE@HP6GJPAUHWND__@@IIJ@ZK@Z 10003198     mfc42:MFC42.DLL
 0002:0000019c       __imp_?AfxGetModuleState@@YGPAVAFX_MODULE_STATE@@XZ 1000319c     mfc42:MFC42.DLL
 0002:000001a0       __imp_?AfxWinTerm@@YGXXZ   100031a0     mfc42:MFC42.DLL
 0002:000001a4       __imp_?AfxInitExtensionModule@@YGHAAUAFX_EXTENSION_MODULE@@PAUHINSTANCE__@@@Z 100031a4     mfc42:MFC42.DLL
 0002:000001a8       __imp_??0CDynLinkLibrary@@QAE@AAUAFX_EXTENSION_MODULE@@H@Z 100031a8     mfc42:MFC42.DLL
 0002:000001ac       __imp_?AfxSetModuleState@@YGPAVAFX_MODULE_STATE@@PAV1@@Z 100031ac     mfc42:MFC42.DLL
 0002:000001b0       __imp_?AfxLockTempMaps@@YGXXZ 100031b0     mfc42:MFC42.DLL
 0002:000001b4       __imp_?AfxUnlockTempMaps@@YGHH@Z 100031b4     mfc42:MFC42.DLL
 0002:000001b8       __imp_?AfxCoreInitModule@@YGXXZ 100031b8     mfc42:MFC42.DLL
 0002:000001bc       __imp_?AfxGetThreadState@@YGPAV_AFX_THREAD_STATE@@XZ 100031bc     mfc42:MFC42.DLL
 0002:000001c0       __imp_?AfxWinInit@@YGHPAUHINSTANCE__@@0PADH@Z 100031c0     mfc42:MFC42.DLL
 0002:000001c4       __imp_?AfxTermExtensionModule@@YGXAAUAFX_EXTENSION_MODULE@@H@Z 100031c4     mfc42:MFC42.DLL
 0002:000001c8       __imp_?AfxWndProc@@YGJPAUHWND__@@IIJ@Z 100031c8     mfc42:MFC42.DLL
 0002:000001cc       __imp_?AfxTermThread@@YGXPAUHINSTANCE__@@@Z 100031cc     mfc42:MFC42.DLL
 0002:000001d0       \177MFC42_NULL_THUNK_DATA  100031d0     mfc42:MFC42.DLL
 0002:000001d4       __imp___initterm           100031d4     msvcrt:MSVCRT.dll
 0002:000001d8       __imp____CxxFrameHandler   100031d8     msvcrt:MSVCRT.dll
 0002:000001dc       __imp_??2@YAPAXI@Z         100031dc     msvcrt:MSVCRT.dll
 0002:000001e0       __imp____dllonexit         100031e0     msvcrt:MSVCRT.dll
 0002:000001e4       __imp_??1type_info@@UAE@XZ 100031e4     msvcrt:MSVCRT.dll
 0002:000001e8       __imp___adjust_fdiv        100031e8     msvcrt:MSVCRT.dll
 0002:000001ec       __imp__malloc              100031ec     msvcrt:MSVCRT.dll
 0002:000001f0       __imp___onexit             100031f0     msvcrt:MSVCRT.dll
 0002:000001f4       __imp__free                100031f4     msvcrt:MSVCRT.dll
 0002:000001f8       \177MSVCRT_NULL_THUNK_DATA 100031f8     msvcrt:MSVCRT.dll
 0002:000001fc       __imp__EnableWindow@8      100031fc     user32:USER32.dll
 0002:00000200       __imp__SendMessageA@16     10003200     user32:USER32.dll
 0002:00000204       \177USER32_NULL_THUNK_DATA 10003204     user32:USER32.dll
 0002:00000230       ?messageMap@CLinkerDialog@@1UAFX_MSGMAP@@B 10003230     linkerdialog.obj
 0002:00000238       ?_messageEntries@CLinkerDialog@@0QBUAFX_MSGMAP_ENTRY@@B 10003238     linkerdialog.obj
 0002:00000250       ??_7CLinkerDialog@@6B@     10003250     linkerdialog.obj
 0002:000002f8       ?messageMap@CTLDialog@@1UAFX_MSGMAP@@B 100032f8     TLDialog.obj
 0002:00000300       ?_messageEntries@CTLDialog@@0QBUAFX_MSGMAP_ENTRY@@B 10003300     TLDialog.obj
 0002:00000330       ??_7CTLDialog@@6B@         10003330     TLDialog.obj
 0002:00000408       ??_7CSpinButtonCtrl@@6B@   10003408     TLDialog.obj
 0002:000004cc       ??_7_AFX_DLL_MODULE_STATE@@6B@ 100034cc     mfcs42:dllmodul.obj
 0002:000004d0       ??_C@_00A@?$AA@            100034d0     mfcs42:dllmodul.obj
 0002:000004d8       _IID_IDocHostUIHandlerDispatch 100034d8     mfcs42:stdafx.obj
 0002:000004e8       _IID_IInternalConnection   100034e8     mfcs42:stdafx.obj
 0002:000004f8       _IID_IAxWinAmbientDispatch 100034f8     mfcs42:stdafx.obj
 0002:00000508       _IID_IAxWinHostWindow      10003508     mfcs42:stdafx.obj
 0002:00000518       _IID_IRegistrar            10003518     mfcs42:stdafx.obj
 0002:00000528       _CLSID_Registrar           10003528     mfcs42:stdafx.obj
 0002:00000538       _LIBID_ATLLib              10003538     mfcs42:stdafx.obj
 0002:0000054c       ??_7type_info@@6B@         1000354c     msvcrt:ti_inst.obj
 0002:00000550       ??_R1A@?0A@A@CNoTrackObject@@8 10003550     mfcs42:dllmodul.obj
 0002:00000568       ??_R1A@?0A@A@AFX_MODULE_STATE@@8 10003568     mfcs42:dllmodul.obj
 0002:00000580       ??_R1A@?0A@A@_AFX_DLL_MODULE_STATE@@8 10003580     mfcs42:dllmodul.obj
 0002:00000598       ??_R2_AFX_DLL_MODULE_STATE@@8 10003598     mfcs42:dllmodul.obj
 0002:000005a8       ??_R3_AFX_DLL_MODULE_STATE@@8 100035a8     mfcs42:dllmodul.obj
 0002:000005b8       ??_R4_AFX_DLL_MODULE_STATE@@6B@ 100035b8     mfcs42:dllmodul.obj
 0002:000005d0       ??_R1A@?0A@A@type_info@@8  100035d0     msvcrt:ti_inst.obj
 0002:000005e8       ??_R2type_info@@8          100035e8     msvcrt:ti_inst.obj
 0002:000005f0       ??_R3type_info@@8          100035f0     msvcrt:ti_inst.obj
 0002:00000600       ??_R4type_info@@6B@        10003600     msvcrt:ti_inst.obj
 0002:00000710       __IMPORT_DESCRIPTOR_MFC42  10003710     mfc42:MFC42.DLL
 0002:00000724       __IMPORT_DESCRIPTOR_MSVCRT 10003724     msvcrt:MSVCRT.dll
 0002:00000738       __IMPORT_DESCRIPTOR_KERNEL32 10003738     kernel32:KERNEL32.dll
 0002:0000074c       __IMPORT_DESCRIPTOR_USER32 1000374c     user32:USER32.dll
 0002:00000760       __NULL_IMPORT_DESCRIPTOR   10003760     mfc42:MFC42.DLL
 0003:00000000       ___xc_a                    10004000     msvcrt:cinitexe.obj
 0003:0000000c       ___xc_z                    1000400c     msvcrt:cinitexe.obj
 0003:00000010       ___xi_a                    10004010     msvcrt:cinitexe.obj
 0003:00000014       ___xi_z                    10004014     msvcrt:cinitexe.obj
 0003:00000020       __pRawDllMain              10004020     mfcs42:dllmodul.obj
 0003:00000028       ??_R0?AVCNoTrackObject@@@8 10004028     mfcs42:dllmodul.obj
 0003:00000048       ??_R0?AVAFX_MODULE_STATE@@@8 10004048     mfcs42:dllmodul.obj
 0003:00000068       ??_R0?AV_AFX_DLL_MODULE_STATE@@@8 10004068     mfcs42:dllmodul.obj
 0003:00000090       ?GUID_ATLVer30@ATL@@3U_GUID@@A 10004090     mfcs42:stdafx.obj
 0003:000000a0       ??_R0?AVtype_info@@@8      100040a0     msvcrt:ti_inst.obj
 0003:000000b8       ?theApp@@3VCLinkerDialog@@A 100040b8     linkerdialog.obj
 0003:00000308       __afxForceEXCLUDE          10004308     mfcs42:nolib.obj
 0003:000013b4       __afxForceUSRDLL           100053b4     mfcs42:dllmodul.obj
 0003:000013b8       ?ATL_CREATE_OBJECT@CComApartment@ATL@@2IA 100053b8     mfcs42:stdafx.obj
 0003:000013c0       ?m_libid@CComModule@ATL@@2U_GUID@@A 100053c0     mfcs42:stdafx.obj
 0003:000013d0       ?_pModule@ATL@@3PAVCComModule@1@A 100053d0     mfcs42:stdafx.obj
 0003:000013d4       __afxForceSTDAFX           100053d4     mfcs42:stdafx.obj
 0003:000013dc       __adjust_fdiv              100053dc     <common>
 0003:000013e0       ___onexitend               100053e0     <common>
 0003:000013e4       ___onexitbegin             100053e4     <common>

 entry point at        0001:00000f3b

 Static symbols

 0001:00000000       _$E274                     10001000 f   linkerdialog.obj
 0001:00000010       _$E271                     10001010 f   linkerdialog.obj
 0001:00000020       _$E273                     10001020 f   linkerdialog.obj
 0001:00000030       _$E272                     10001030 f   linkerdialog.obj
 0001:00000c0a       _$E375                     10001c0a f   mfcs42:dllmodul.obj
 0001:00000c14       _$E372                     10001c14 f   mfcs42:dllmodul.obj
 0001:00000c5c       _$E374                     10001c5c f   mfcs42:dllmodul.obj
 0001:00000c68       _$E373                     10001c68 f   mfcs42:dllmodul.obj
