 LinkerDemo

 Timestamp is 3ab7b776 (Tue Mar 20 12:03:02 2001)

 Preferred load address is 10000000

 Start         Length     Name                   Class
 0001:00000000 0006ebe6H .text                   CODE
 0001:0006ebf0 00001e8cH .text$x                 CODE
 0002:00000000 0000021cH .idata$5                DATA
 0002:00000220 00004e40H .rdata                  DATA
 0002:00005060 00001c7cH .xdata$x                DATA
 0002:00006cdc 0000008cH .idata$2                DATA
 0002:00006d68 00000014H .idata$3                DATA
 0002:00006d7c 0000021cH .idata$4                DATA
 0002:00006f98 00000edaH .idata$6                DATA
 0002:00007e80 00000066H .edata                  DATA
 0003:00000000 00000004H .CRT$XCA                DATA
 0003:00000004 00000038H .CRT$XCU                DATA
 0003:0000003c 00000004H .CRT$XCZ                DATA
 0003:00000040 00000004H .CRT$XIA                DATA
 0003:00000044 00000004H .CRT$XIZ                DATA
 0003:00000050 000041d0H .data                   DATA
 0003:00004220 00000cccH .bss                    DATA

  Address         Publics by Value              Rva+Base     Lib:Object

 0001:00000000       ?Trigger@EBTriggerProperty@@UAEXPAVEBPropertySet@@@Z 10001000 f   eb_property.obj
 0001:00000010       ?WriteValue@EBProperty@@UAEXPAVEBPropertySet@@ABVEBValue@@@Z 10001010 f   eb_property.obj
 0001:00000050       ?ReadValue@EBProperty@@UAE?AVEBValue@@PAVEBPropertySet@@@Z 10001050 f   eb_property.obj
 0001:00000160       ??1?$EBStr@D@@UAE@XZ       10001160 f i eb_property.obj
 0001:00000190       ??4?$EBStr@D@@UAEABV0@PBD@Z 10001190 f i eb_property.obj
 0001:000001d0       ??4?$EBStr@D@@UAEABV0@ABV0@@Z 100011d0 f i eb_property.obj
 0001:00000210       ??4?$EBStr@D@@UAEABV0@ABV?$basic_string@DU?$char_traits@D@std@@V?$allocator@D@2@@std@@@Z 10001210 f i eb_property.obj
 0001:00000250       ??H?$EBStr@D@@UAEABV0@PBD@Z 10001250 f i eb_property.obj
 0001:00000290       ??H?$EBStr@D@@UAEABV0@ABV0@@Z 10001290 f i eb_property.obj
 0001:000002e0       ??H?$EBStr@D@@UAEABV0@ABV?$basic_string@DU?$char_traits@D@std@@V?$allocator@D@2@@std@@@Z 100012e0 f i eb_property.obj
 0001:00000320       ??Y?$EBStr@D@@UAEABV0@PBD@Z 10001320 f i eb_property.obj
 0001:00000330       ??Y?$EBStr@D@@UAEABV0@ABV0@@Z 10001330 f i eb_property.obj
 0001:00000340       ??Y?$EBStr@D@@UAEABV0@ABV?$basic_string@DU?$char_traits@D@std@@V?$allocator@D@2@@std@@@Z 10001340 f i eb_property.obj
 0001:00000350       ??B?$EBStr@D@@UBE?BV?$basic_string@DU?$char_traits@D@std@@V?$allocator@D@2@@std@@XZ 10001350 f i eb_property.obj
 0001:00000420       ??B?$EBStr@D@@UBE?AV?$basic_string@DU?$char_traits@D@std@@V?$allocator@D@2@@std@@XZ 10001420 f i eb_property.obj
 0001:000004f0       ??B?$EBStr@D@@UBEPBDXZ     100014f0 f i eb_property.obj
 0001:00000500       ??8?$EBStr@D@@UBE_NABV0@@Z 10001500 f i eb_property.obj
 0001:00000550       ??M?$EBStr@D@@UBE_NABV0@@Z 10001550 f i eb_property.obj
 0001:000005a0       ?c_str@?$EBStr@D@@UBEPBDXZ 100015a0 f i eb_property.obj
 0001:000005b0       ?clear@?$EBStr@D@@UAEXXZ   100015b0 f i eb_property.obj
 0001:000005e0       ?empty@?$EBStr@D@@UBE_NXZ  100015e0 f i eb_property.obj
 0001:000005f0       ?length@?$EBStr@D@@UBEKXZ  100015f0 f i eb_property.obj
 0001:00000600       ?compare@?$EBStr@D@@UBEHABV1@@Z 10001600 f i eb_property.obj
 0001:00000630       ?StringLength@?$EBStr@D@@EBEKPBD@Z 10001630 f i eb_property.obj
 0001:00000650       ?CopyString@?$EBStr@D@@EAEXPAXPBXK@Z 10001650 f i eb_property.obj
 0001:00000680       ?AllocString@?$EBStr@D@@EAE_NK@Z 10001680 f i eb_property.obj
 0001:000006c0       ?ReAllocString@?$EBStr@D@@EAE_NK@Z 100016c0 f i eb_property.obj
 0001:00000710       ??_G?$EBStr@D@@UAEPAXI@Z   10001710 f i eb_property.obj
 0001:00000710       ??_E?$EBStr@D@@UAEPAXI@Z   10001710 f i eb_property.obj
 0001:00000760       ??1EBValue@@UAE@XZ         10001760 f i eb_property.obj
 0001:000007a0       ?IsKindOf@EBValue@@UBE_NW4tagEBPropertyType@@@Z 100017a0 f i eb_property.obj
 0001:000007b0       ??4EBValue@@UAEABV0@ABV0@@Z 100017b0 f i eb_property.obj
 0001:00000810       ??4EBValue@@UAEABV0@_N@Z   10001810 f i eb_property.obj
 0001:00000820       ??4EBValue@@UAEABV0@K@Z    10001820 f i eb_property.obj
 0001:00000830       ??4EBValue@@UAEABV0@ABV?$EBStr@D@@@Z 10001830 f i eb_property.obj
 0001:00000850       ??8EBValue@@UAE_NABV0@@Z   10001850 f i eb_property.obj
 0001:000008b0       ??BEBValue@@UBE_NXZ        100018b0 f i eb_property.obj
 0001:000008c0       ??BEBValue@@UBEKXZ         100018c0 f i eb_property.obj
 0001:000008d0       ??BEBValue@@UAE?AV?$EBStr@D@@XZ 100018d0 f i eb_property.obj
 0001:00000930       ??BEBValue@@UBE?BV?$EBStr@D@@XZ 10001930 f i eb_property.obj
 0001:00000990       ??BEBValue@@UBEPBDXZ       10001990 f i eb_property.obj
 0001:000009a0       ?Write@EBValue@@UBEXPAX@Z  100019a0 f i eb_property.obj
 0001:000009e0       ?Read@EBValue@@UAEXPAX@Z   100019e0 f i eb_property.obj
 0001:00000a20       ??_EEBValue@@UAEPAXI@Z     10001a20 f i eb_property.obj
 0001:00000a20       ??_GEBValue@@UAEPAXI@Z     10001a20 f i eb_property.obj
 0001:00000ac0       ??_H@YGXPAXIHP6EX0@Z@Z     10001ac0 f i lightobjects.obj
 0001:00000b20       ?FreeLightObjects@CShaderLinkerDemo@@AAEXXZ 10001b20 f   lightobjects.obj
 0001:00000ba0       ?RandPlusMinusPI@@YAMXZ    10001ba0 f   lightobjects.obj
 0001:00000bd0       ?RandPlusMinusOneNormalized@@YA?AUD3DXVECTOR3@@XZ 10001bd0 f   lightobjects.obj
 0001:00000c60       ?UpdateLights@CShaderLinkerDemo@@AAEJXZ 10001c60 f   lightobjects.obj
 0001:000013d0       ??0D3DXVECTOR3@@QAE@MMM@Z  100023d0 f i lightobjects.obj
 0001:000013f0       ??1CLight@@UAE@XZ          100023f0 f i lightobjects.obj
 0001:00001400       ??_GCLight@@UAEPAXI@Z      10002400 f i lightobjects.obj
 0001:00001400       ??_ECLight@@UAEPAXI@Z      10002400 f i lightobjects.obj
 0001:00001420       ?DrawLight@CShaderLinkerDemo@@AAEJAAVCLight@@@Z 10002420 f   lightobjects.obj
 0001:00001840       ??HD3DXVECTOR3@@QBE?AU0@ABU0@@Z 10002840 f i lightobjects.obj
 0001:00001870       ?DrawLightObjects@CShaderLinkerDemo@@AAEJXZ 10002870 f   lightobjects.obj
 0001:000018d0       ?LoadLightObjects@CShaderLinkerDemo@@AAEJXZ 100028d0 f   lightobjects.obj
 0001:00002530       ?FindTextureStageState@NVMaterialResource@nv_objects@@QAEPAVNVTextureStageState@2@KW4_D3DTEXTURESTAGESTATETYPE@@@Z 10003530 f i lightobjects.obj
 0001:00002590       ?FindRenderState@NVMaterialResource@nv_objects@@QAEPAVNVRenderState@2@W4_D3DRENDERSTATETYPE@@@Z 10003590 f i lightobjects.obj
 0001:000025f0       ?Transform@NVComplexMeshBounds@nv_objects@@UAEXPBUD3DXMATRIX@@@Z 100035f0 f i lightobjects.obj
 0001:00002850       ?insert@?$map@W4_D3DTEXTURESTAGESTATETYPE@@VNVTextureStageState@nv_objects@@U?$less@W4_D3DTEXTURESTAGESTATETYPE@@@std@@V?$allocator@VNVTextureStageState@nv_objects@@@5@@std@@QAE?AU?$pair@Viterator@?$_Tree@W4_D3DTEXTURESTAGESTATETYPE@@U?$pair@$$CBW4_D3DTEXTURESTAGESTATETYPE@@VNVTextureStageState@nv_objects@@@std@@U_Kfn@?$map@W4_D3DTEXTURESTAGESTATETYPE@@VNVTextureStageState@nv_objects@@U?$less@W4_D3DTEXTURESTAGESTATETYPE@@@std@@V?$allocator@VNVTextureStageState@nv_objects@@@5@@3@U?$less@W4_D3DTEXTURESTAGESTATETYPE@@@3@V?$allocator@VNVTextureStageState@nv_objects@@@3@@std@@_N@2@ABU?$pair@$$CBW4_D3DTEXTURESTAGESTATETYPE@@VNVTextureStageState@nv_objects@@@2@@Z 10003850 f i lightobjects.obj
 0001:00002940       ?find@?$map@W4_D3DTEXTURESTAGESTATETYPE@@VNVTextureStageState@nv_objects@@U?$less@W4_D3DTEXTURESTAGESTATETYPE@@@std@@V?$allocator@VNVTextureStageState@nv_objects@@@5@@std@@QAE?AViterator@?$_Tree@W4_D3DTEXTURESTAGESTATETYPE@@U?$pair@$$CBW4_D3DTEXTURESTAGESTATETYPE@@VNVTextureStageState@nv_objects@@@std@@U_Kfn@?$map@W4_D3DTEXTURESTAGESTATETYPE@@VNVTextureStageState@nv_objects@@U?$less@W4_D3DTEXTURESTAGESTATETYPE@@@std@@V?$allocator@VNVTextureStageState@nv_objects@@@5@@3@U?$less@W4_D3DTEXTURESTAGESTATETYPE@@@3@V?$allocator@VNVTextureStageState@nv_objects@@@3@@2@ABW4_D3DTEXTURESTAGESTATETYPE@@@Z 10003940 f i lightobjects.obj
 0001:000029b0       ?insert@?$map@W4_D3DRENDERSTATETYPE@@VNVRenderState@nv_objects@@U?$less@W4_D3DRENDERSTATETYPE@@@std@@V?$allocator@VNVRenderState@nv_objects@@@5@@std@@QAE?AU?$pair@Viterator@?$_Tree@W4_D3DRENDERSTATETYPE@@U?$pair@$$CBW4_D3DRENDERSTATETYPE@@VNVRenderState@nv_objects@@@std@@U_Kfn@?$map@W4_D3DRENDERSTATETYPE@@VNVRenderState@nv_objects@@U?$less@W4_D3DRENDERSTATETYPE@@@std@@V?$allocator@VNVRenderState@nv_objects@@@5@@3@U?$less@W4_D3DRENDERSTATETYPE@@@3@V?$allocator@VNVRenderState@nv_objects@@@3@@std@@_N@2@ABU?$pair@$$CBW4_D3DRENDERSTATETYPE@@VNVRenderState@nv_objects@@@2@@Z 100039b0 f i lightobjects.obj
 0001:00002aa0       ?find@?$map@W4_D3DRENDERSTATETYPE@@VNVRenderState@nv_objects@@U?$less@W4_D3DRENDERSTATETYPE@@@std@@V?$allocator@VNVRenderState@nv_objects@@@5@@std@@QAE?AViterator@?$_Tree@W4_D3DRENDERSTATETYPE@@U?$pair@$$CBW4_D3DRENDERSTATETYPE@@VNVRenderState@nv_objects@@@std@@U_Kfn@?$map@W4_D3DRENDERSTATETYPE@@VNVRenderState@nv_objects@@U?$less@W4_D3DRENDERSTATETYPE@@@std@@V?$allocator@VNVRenderState@nv_objects@@@5@@3@U?$less@W4_D3DRENDERSTATETYPE@@@3@V?$allocator@VNVRenderState@nv_objects@@@3@@2@ABW4_D3DRENDERSTATETYPE@@@Z 10003aa0 f i lightobjects.obj
 0001:00002b10       ??1?$vector@KV?$allocator@K@std@@@std@@QAE@XZ 10003b10 f i lightobjects.obj
 0001:00002b40       ?find@?$_Tree@KU?$pair@$$CBKPAVNVBaseResource@nv_objects@@@std@@U_Kfn@?$map@KPAVNVBaseResource@nv_objects@@U?$less@K@std@@V?$allocator@PAVNVBaseResource@nv_objects@@@4@@2@U?$less@K@2@V?$allocator@PAVNVBaseResource@nv_objects@@@2@@std@@QAE?AViterator@12@ABK@Z 10003b40 f i lightobjects.obj
 0001:00002bb0       ?find@?$_Tree@$$CBV?$basic_string@DU?$char_traits@D@std@@V?$allocator@D@2@@std@@U?$pair@$$CBV?$basic_string@DU?$char_traits@D@std@@V?$allocator@D@2@@std@@VNVConstant@nv_objects@@@2@U_Kfn@?$map@$$CBV?$basic_string@DU?$char_traits@D@std@@V?$allocator@D@2@@std@@VNVConstant@nv_objects@@U?$less@$$CBV?$basic_string@DU?$char_traits@D@std@@V?$allocator@D@2@@std@@@2@V?$allocator@VNVConstant@nv_objects@@@2@@2@U?$less@$$CBV?$basic_string@DU?$char_traits@D@std@@V?$allocator@D@2@@std@@@2@V?$allocator@VNVConstant@nv_objects@@@2@@std@@QAE?AViterator@12@ABV?$basic_string@DU?$char_traits@D@std@@V?$allocator@D@2@@2@@Z 10003bb0 f i lightobjects.obj
 0001:00002c40       ?insert@?$_Tree@W4_D3DTEXTURESTAGESTATETYPE@@U?$pair@$$CBW4_D3DTEXTURESTAGESTATETYPE@@VNVTextureStageState@nv_objects@@@std@@U_Kfn@?$map@W4_D3DTEXTURESTAGESTATETYPE@@VNVTextureStageState@nv_objects@@U?$less@W4_D3DTEXTURESTAGESTATETYPE@@@std@@V?$allocator@VNVTextureStageState@nv_objects@@@5@@3@U?$less@W4_D3DTEXTURESTAGESTATETYPE@@@3@V?$allocator@VNVTextureStageState@nv_objects@@@3@@std@@QAE?AU?$pair@Viterator@?$_Tree@W4_D3DTEXTURESTAGESTATETYPE@@U?$pair@$$CBW4_D3DTEXTURESTAGESTATETYPE@@VNVTextureStageState@nv_objects@@@std@@U_Kfn@?$map@W4_D3DTEXTURESTAGESTATETYPE@@VNVTextureStageState@nv_objects@@U?$less@W4_D3DTEXTURESTAGESTATETYPE@@@std@@V?$allocator@VNVTextureStageState@nv_objects@@@5@@3@U?$less@W4_D3DTEXTURESTAGESTATETYPE@@@3@V?$allocator@VNVTextureStageState@nv_objects@@@3@@std@@_N@2@ABU?$pair@$$CBW4_D3DTEXTURESTAGESTATETYPE@@VNVTextureStageState@nv_objects@@@2@@Z 10003c40 f i lightobjects.obj
 0001:00002e80       ??0?$pair@Viterator@?$_Tree@W4_D3DTEXTURESTAGESTATETYPE@@U?$pair@$$CBW4_D3DTEXTURESTAGESTATETYPE@@VNVTextureStageState@nv_objects@@@std@@U_Kfn@?$map@W4_D3DTEXTURESTAGESTATETYPE@@VNVTextureStageState@nv_objects@@U?$less@W4_D3DTEXTURESTAGESTATETYPE@@@std@@V?$allocator@VNVTextureStageState@nv_objects@@@5@@3@U?$less@W4_D3DTEXTURESTAGESTATETYPE@@@3@V?$allocator@VNVTextureStageState@nv_objects@@@3@@std@@_N@std@@QAE@ABViterator@?$_Tree@W4_D3DTEXTURESTAGESTATETYPE@@U?$pair@$$CBW4_D3DTEXTURESTAGESTATETYPE@@VNVTextureStageState@nv_objects@@@std@@U_Kfn@?$map@W4_D3DTEXTURESTAGESTATETYPE@@VNVTextureStageState@nv_objects@@U?$less@W4_D3DTEXTURESTAGESTATETYPE@@@std@@V?$allocator@VNVTextureStageState@nv_objects@@@5@@3@U?$less@W4_D3DTEXTURESTAGESTATETYPE@@@3@V?$allocator@VNVTextureStageState@nv_objects@@@3@@1@AB_N@Z 10003e80 f i lightobjects.obj
 0001:00002ea0       ?insert@?$vector@KV?$allocator@K@std@@@std@@QAEPAKPAKABK@Z 10003ea0 f i lightobjects.obj
 0001:00003040       ?erase@?$vector@KV?$allocator@K@std@@@std@@QAEPAKPAK0@Z 10004040 f i lightobjects.obj
 0001:00003080       ?_Destroy@?$vector@KV?$allocator@K@std@@@std@@IAEXPAK0@Z 10004080 f i lightobjects.obj
 0001:00003090       ?insert@?$vector@VCLight@@V?$allocator@VCLight@@@std@@@std@@QAEPAVCLight@@PAV3@ABV3@@Z 10004090 f i lightobjects.obj
 0001:000032d0       ?size@?$vector@VCLight@@V?$allocator@VCLight@@@std@@@std@@QBEIXZ 100042d0 f i lightobjects.obj
 0001:00003300       ?erase@?$vector@VCLight@@V?$allocator@VCLight@@@std@@@std@@QAEPAVCLight@@PAV3@@Z 10004300 f i lightobjects.obj
 0001:000034f0       ?_Insert@?$_Tree@W4_D3DTEXTURESTAGESTATETYPE@@U?$pair@$$CBW4_D3DTEXTURESTAGESTATETYPE@@VNVTextureStageState@nv_objects@@@std@@U_Kfn@?$map@W4_D3DTEXTURESTAGESTATETYPE@@VNVTextureStageState@nv_objects@@U?$less@W4_D3DTEXTURESTAGESTATETYPE@@@std@@V?$allocator@VNVTextureStageState@nv_objects@@@5@@3@U?$less@W4_D3DTEXTURESTAGESTATETYPE@@@3@V?$allocator@VNVTextureStageState@nv_objects@@@3@@std@@IAE?AViterator@12@PAU_Node@12@0ABU?$pair@$$CBW4_D3DTEXTURESTAGESTATETYPE@@VNVTextureStageState@nv_objects@@@2@@Z 100044f0 f i lightobjects.obj
 0001:00003760       ?_Insert@?$_Tree@W4_D3DRENDERSTATETYPE@@U?$pair@$$CBW4_D3DRENDERSTATETYPE@@VNVRenderState@nv_objects@@@std@@U_Kfn@?$map@W4_D3DRENDERSTATETYPE@@VNVRenderState@nv_objects@@U?$less@W4_D3DRENDERSTATETYPE@@@std@@V?$allocator@VNVRenderState@nv_objects@@@5@@3@U?$less@W4_D3DRENDERSTATETYPE@@@3@V?$allocator@VNVRenderState@nv_objects@@@3@@std@@IAE?AViterator@12@PAU_Node@12@0ABU?$pair@$$CBW4_D3DRENDERSTATETYPE@@VNVRenderState@nv_objects@@@2@@Z 10004760 f i lightobjects.obj
 0001:000039d0       ?insert@?$vector@KV?$allocator@K@std@@@std@@QAEXPAKIABK@Z 100049d0 f i lightobjects.obj
 0001:00003be0       ?insert@?$vector@VCLight@@V?$allocator@VCLight@@@std@@@std@@QAEXPAVCLight@@IABV3@@Z 10004be0 f i lightobjects.obj
 0001:000040a0       ?_Destroy@?$vector@VCLight@@V?$allocator@VCLight@@@std@@@std@@IAEXPAVCLight@@0@Z 100050a0 f i lightobjects.obj
 0001:000040d0       ?_Lbound@?$_Tree@W4_D3DTEXTURESTAGESTATETYPE@@U?$pair@$$CBW4_D3DTEXTURESTAGESTATETYPE@@VNVTextureStageState@nv_objects@@@std@@U_Kfn@?$map@W4_D3DTEXTURESTAGESTATETYPE@@VNVTextureStageState@nv_objects@@U?$less@W4_D3DTEXTURESTAGESTATETYPE@@@std@@V?$allocator@VNVTextureStageState@nv_objects@@@5@@3@U?$less@W4_D3DTEXTURESTAGESTATETYPE@@@3@V?$allocator@VNVTextureStageState@nv_objects@@@3@@std@@IBEPAU_Node@12@ABW4_D3DTEXTURESTAGESTATETYPE@@@Z 100050d0 f i lightobjects.obj
 0001:00004100       ?_Lrotate@?$_Tree@W4_D3DTEXTURESTAGESTATETYPE@@U?$pair@$$CBW4_D3DTEXTURESTAGESTATETYPE@@VNVTextureStageState@nv_objects@@@std@@U_Kfn@?$map@W4_D3DTEXTURESTAGESTATETYPE@@VNVTextureStageState@nv_objects@@U?$less@W4_D3DTEXTURESTAGESTATETYPE@@@std@@V?$allocator@VNVTextureStageState@nv_objects@@@5@@3@U?$less@W4_D3DTEXTURESTAGESTATETYPE@@@3@V?$allocator@VNVTextureStageState@nv_objects@@@3@@std@@IAEXPAU_Node@12@@Z 10005100 f i lightobjects.obj
 0001:00004160       ?_Rrotate@?$_Tree@W4_D3DTEXTURESTAGESTATETYPE@@U?$pair@$$CBW4_D3DTEXTURESTAGESTATETYPE@@VNVTextureStageState@nv_objects@@@std@@U_Kfn@?$map@W4_D3DTEXTURESTAGESTATETYPE@@VNVTextureStageState@nv_objects@@U?$less@W4_D3DTEXTURESTAGESTATETYPE@@@std@@V?$allocator@VNVTextureStageState@nv_objects@@@5@@3@U?$less@W4_D3DTEXTURESTAGESTATETYPE@@@3@V?$allocator@VNVTextureStageState@nv_objects@@@3@@std@@IAEXPAU_Node@12@@Z 10005160 f i lightobjects.obj
 0001:000041c0       ?_Buynode@?$_Tree@W4_D3DTEXTURESTAGESTATETYPE@@U?$pair@$$CBW4_D3DTEXTURESTAGESTATETYPE@@VNVTextureStageState@nv_objects@@@std@@U_Kfn@?$map@W4_D3DTEXTURESTAGESTATETYPE@@VNVTextureStageState@nv_objects@@U?$less@W4_D3DTEXTURESTAGESTATETYPE@@@std@@V?$allocator@VNVTextureStageState@nv_objects@@@5@@3@U?$less@W4_D3DTEXTURESTAGESTATETYPE@@@3@V?$allocator@VNVTextureStageState@nv_objects@@@3@@std@@IAEPAU_Node@12@PAU312@W4_Redbl@12@@Z 100051c0 f i lightobjects.obj
 0001:000041e0       ?_Dec@const_iterator@?$_Tree@W4_D3DTEXTURESTAGESTATETYPE@@U?$pair@$$CBW4_D3DTEXTURESTAGESTATETYPE@@VNVTextureStageState@nv_objects@@@std@@U_Kfn@?$map@W4_D3DTEXTURESTAGESTATETYPE@@VNVTextureStageState@nv_objects@@U?$less@W4_D3DTEXTURESTAGESTATETYPE@@@std@@V?$allocator@VNVTextureStageState@nv_objects@@@5@@3@U?$less@W4_D3DTEXTURESTAGESTATETYPE@@@3@V?$allocator@VNVTextureStageState@nv_objects@@@3@@std@@QAEXXZ 100051e0 f i lightobjects.obj
 0001:00004240       ?_Lbound@?$_Tree@W4_D3DRENDERSTATETYPE@@U?$pair@$$CBW4_D3DRENDERSTATETYPE@@VNVRenderState@nv_objects@@@std@@U_Kfn@?$map@W4_D3DRENDERSTATETYPE@@VNVRenderState@nv_objects@@U?$less@W4_D3DRENDERSTATETYPE@@@std@@V?$allocator@VNVRenderState@nv_objects@@@5@@3@U?$less@W4_D3DRENDERSTATETYPE@@@3@V?$allocator@VNVRenderState@nv_objects@@@3@@std@@IBEPAU_Node@12@ABW4_D3DRENDERSTATETYPE@@@Z 10005240 f i lightobjects.obj
 0001:00004270       ?_Dec@const_iterator@?$_Tree@W4_D3DRENDERSTATETYPE@@U?$pair@$$CBW4_D3DRENDERSTATETYPE@@VNVRenderState@nv_objects@@@std@@U_Kfn@?$map@W4_D3DRENDERSTATETYPE@@VNVRenderState@nv_objects@@U?$less@W4_D3DRENDERSTATETYPE@@@std@@V?$allocator@VNVRenderState@nv_objects@@@5@@3@U?$less@W4_D3DRENDERSTATETYPE@@@3@V?$allocator@VNVRenderState@nv_objects@@@3@@std@@QAEXXZ 10005270 f i lightobjects.obj
 0001:000042d0       ?size@?$vector@KV?$allocator@K@std@@@std@@QBEIXZ 100052d0 f i lightobjects.obj
 0001:000042f0       ?_Ucopy@?$vector@KV?$allocator@K@std@@@std@@IAEPAKPBK0PAK@Z 100052f0 f i lightobjects.obj
 0001:00004320       ?_Ufill@?$vector@KV?$allocator@K@std@@@std@@IAEXPAKIABK@Z 10005320 f i lightobjects.obj
 0001:00004350       ?_Ucopy@?$vector@VCLight@@V?$allocator@VCLight@@@std@@@std@@IAEPAVCLight@@PBV3@0PAV3@@Z 10005350 f i lightobjects.obj
 0001:00004390       ?_Ufill@?$vector@VCLight@@V?$allocator@VCLight@@@std@@@std@@IAEXPAVCLight@@IABV3@@Z 10005390 f i lightobjects.obj
 0001:000043c0       ?fill@std@@YAXPAVCLight@@0ABV2@@Z 100053c0 f i lightobjects.obj
 0001:00004550       ?copy_backward@std@@YAPAVCLight@@PAV2@00@Z 10005550 f i lightobjects.obj
 0001:000046f0       ?_Construct@std@@YAXPAKABK@Z 100056f0 f i lightobjects.obj
 0001:00004710       ?_Construct@std@@YAXPAU?$pair@$$CBW4_D3DTEXTURESTAGESTATETYPE@@VNVTextureStageState@nv_objects@@@1@ABU21@@Z 10005710 f i lightobjects.obj
 0001:00004730       ?_Construct@std@@YAXPAU?$pair@$$CBW4_D3DRENDERSTATETYPE@@VNVRenderState@nv_objects@@@1@ABU21@@Z 10005730 f i lightobjects.obj
 0001:00004750       ?_Construct@std@@YAXPAVCLight@@ABV2@@Z 10005750 f i lightobjects.obj
 0001:000048d0       ??4CLight@@QAEAAV0@ABV0@@Z 100058d0 f i lightobjects.obj
 0001:00004a40       ??0NVComplexMesh@nv_objects@@QAE@XZ 10005a40 f   nvcomplexmesh.obj
 0001:00004b60       ??_GNVComplexMesh@nv_objects@@UAEPAXI@Z 10005b60 f i nvcomplexmesh.obj
 0001:00004b60       ??_ENVComplexMesh@nv_objects@@UAEPAXI@Z 10005b60 f i nvcomplexmesh.obj
 0001:00004b80       ??1NVComplexMesh@nv_objects@@UAE@XZ 10005b80 f   nvcomplexmesh.obj
 0001:00004c80       ??1?$map@$$CBV?$basic_string@DU?$char_traits@D@std@@V?$allocator@D@2@@std@@VNVComplexMeshVertexData@nv_objects@@U?$less@$$CBV?$basic_string@DU?$char_traits@D@std@@V?$allocator@D@2@@std@@@2@V?$allocator@VNVComplexMeshVertexData@nv_objects@@@2@@std@@QAE@XZ 10005c80 f i nvcomplexmesh.obj
 0001:00004d80       ?Release@NVComplexMesh@nv_objects@@UAEXXZ 10005d80 f   nvcomplexmesh.obj
 0001:00004eb0       ?FlipNormals@NVComplexMesh@nv_objects@@UAE_NXZ 10005eb0 f   nvcomplexmesh.obj
 0001:00004fc0       ?GenerateNormals@NVComplexMesh@nv_objects@@UAE_NXZ 10005fc0 f   nvcomplexmesh.obj
 0001:000052a0       ?UnIndex@NVComplexMesh@nv_objects@@UAE_NXZ 100062a0 f   nvcomplexmesh.obj
 0001:00005650       ?GenerateBasis@NVComplexMesh@nv_objects@@UAE_NK@Z 10006650 f   nvcomplexmesh.obj
 0001:00006220       ?CreateFromXFile@NVComplexMesh@nv_objects@@UAE_NPAUIDirect3DDevice8@@PBD@Z 10007220 f   nvcomplexmesh.obj
 0001:00007820       ?CreateFromMFile@NVComplexMesh@nv_objects@@UAE_NPAUIDirect3DDevice8@@PBD@Z 10008820 f   nvcomplexmesh.obj
 0001:00008160       ??1?$map@KKU?$less@K@std@@V?$allocator@K@2@@std@@QAE@XZ 10009160 f i nvcomplexmesh.obj
 0001:00008250       ?CreateFromSphere@NVComplexMesh@nv_objects@@UAE_NMGGABUD3DXVECTOR3@@ABUD3DXVECTOR2@@@Z 10009250 f   nvcomplexmesh.obj
 0001:00008ef0       ?Render@NVComplexMesh@nv_objects@@UAE_NPAUIDirect3DDevice8@@@Z 10009ef0 f   nvcomplexmesh.obj
 0001:00008f30       ?Translate@NVComplexMesh@nv_objects@@UAE_NABUD3DXVECTOR3@@@Z 10009f30 f   nvcomplexmesh.obj
 0001:00009050       ?Scale@NVComplexMesh@nv_objects@@UAE_NM@Z 1000a050 f   nvcomplexmesh.obj
 0001:00009170       ?Transform@NVComplexMesh@nv_objects@@UAE_NABUD3DXMATRIX@@@Z 1000a170 f   nvcomplexmesh.obj
 0001:00009280       ?ComputeBounds@NVComplexMesh@nv_objects@@UAE_NAAVNVComplexMeshBounds@2@@Z 1000a280 f   nvcomplexmesh.obj
 0001:00009580       ?SetupFVFStream@NVComplexMesh@nv_objects@@UAE_NXZ 1000a580 f   nvcomplexmesh.obj
 0001:00009e80       ?PrepareDeviceObjects@NVComplexMesh@nv_objects@@UAE_NPAUIDirect3DDevice8@@@Z 1000ae80 f   nvcomplexmesh.obj
 0001:0000a230       ?AddVertexData@NVComplexMesh@nv_objects@@UAEPAVNVComplexMeshVertexData@2@ABV?$basic_string@DU?$char_traits@D@std@@V?$allocator@D@2@@std@@W4tageNVComplexMeshVertexDataType@2@K@Z 1000b230 f   nvcomplexmesh.obj
 0001:0000a500       ??1?$pair@$$CBV?$basic_string@DU?$char_traits@D@std@@V?$allocator@D@2@@std@@VNVComplexMeshVertexData@nv_objects@@@std@@QAE@XZ 1000b500 f i nvcomplexmesh.obj
 0001:0000a600       ?FindVertexData@NVComplexMesh@nv_objects@@UAEPAVNVComplexMeshVertexData@2@ABV?$basic_string@DU?$char_traits@D@std@@V?$allocator@D@2@@std@@@Z 1000b600 f   nvcomplexmesh.obj
 0001:0000a660       ?DuplicatePass@NVComplexMesh@nv_objects@@UAEPAVNVComplexMeshPass@2@KK@Z 1000b660 f   nvcomplexmesh.obj
 0001:0000aa00       ??0NVBaseResource@nv_objects@@QAE@ABV01@@Z 1000ba00 f i nvcomplexmesh.obj
 0001:0000aa20       ??0?$map@$$CBV?$basic_string@DU?$char_traits@D@std@@V?$allocator@D@2@@std@@VNVConstant@nv_objects@@U?$less@$$CBV?$basic_string@DU?$char_traits@D@std@@V?$allocator@D@2@@std@@@2@V?$allocator@VNVConstant@nv_objects@@@2@@std@@QAE@ABV01@@Z 1000ba20 f i nvcomplexmesh.obj
 0001:0000aba0       ??0?$map@W4_D3DTEXTURESTAGESTATETYPE@@VNVTextureStageState@nv_objects@@U?$less@W4_D3DTEXTURESTAGESTATETYPE@@@std@@V?$allocator@VNVTextureStageState@nv_objects@@@5@@std@@QAE@ABV01@@Z 1000bba0 f i nvcomplexmesh.obj
 0001:0000ad20       ??0?$map@W4_D3DRENDERSTATETYPE@@VNVRenderState@nv_objects@@U?$less@W4_D3DRENDERSTATETYPE@@@std@@V?$allocator@VNVRenderState@nv_objects@@@5@@std@@QAE@ABV01@@Z 1000bd20 f i nvcomplexmesh.obj
 0001:0000af20       ??A?$map@KPAVNVBaseResource@nv_objects@@U?$less@K@std@@V?$allocator@PAVNVBaseResource@nv_objects@@@4@@std@@QAEAAPAVNVBaseResource@nv_objects@@ABK@Z 1000bf20 f i nvcomplexmesh.obj
 0001:0000b040       ?insert@?$set@KU?$less@K@std@@V?$allocator@K@2@@std@@QAE?AU?$pair@Viterator@?$_Tree@KKU_Kfn@?$set@KU?$less@K@std@@V?$allocator@K@2@@std@@U?$less@K@3@V?$allocator@K@3@@std@@_N@2@ABK@Z 1000c040 f i nvcomplexmesh.obj
 0001:0000b130       ??0NVBaseResource@nv_objects@@QAE@W4NVBaseResourceType@01@@Z 1000c130 f i nvcomplexmesh.obj
 0001:0000b150       ??1NVBaseResource@nv_objects@@UAE@XZ 1000c150 f i nvcomplexmesh.obj
 0001:0000b160       ?IsLocked@NVBaseResource@nv_objects@@UBE_NXZ 1000c160 f i nvcomplexmesh.obj
 0001:0000b170       ??_GNVBaseResource@nv_objects@@UAEPAXI@Z 1000c170 f i nvcomplexmesh.obj
 0001:0000b170       ??_ENVBaseResource@nv_objects@@UAEPAXI@Z 1000c170 f i nvcomplexmesh.obj
 0001:0000b190       ??0?$map@$$CBV?$basic_string@DU?$char_traits@D@std@@V?$allocator@D@2@@std@@VNVConstant@nv_objects@@U?$less@$$CBV?$basic_string@DU?$char_traits@D@std@@V?$allocator@D@2@@std@@@2@V?$allocator@VNVConstant@nv_objects@@@2@@std@@QAE@ABU?$less@$$CBV?$basic_string@DU?$char_traits@D@std@@V?$allocator@D@2@@std@@@1@ABV?$allocator@VNVConstant@nv_objects@@@1@@Z 1000c190 f i nvcomplexmesh.obj
 0001:0000b240       ?insert@?$map@$$CBV?$basic_string@DU?$char_traits@D@std@@V?$allocator@D@2@@std@@VNVConstant@nv_objects@@U?$less@$$CBV?$basic_string@DU?$char_traits@D@std@@V?$allocator@D@2@@std@@@2@V?$allocator@VNVConstant@nv_objects@@@2@@std@@QAE?AU?$pair@Viterator@?$_Tree@$$CBV?$basic_string@DU?$char_traits@D@std@@V?$allocator@D@2@@std@@U?$pair@$$CBV?$basic_string@DU?$char_traits@D@std@@V?$allocator@D@2@@std@@VNVConstant@nv_objects@@@2@U_Kfn@?$map@$$CBV?$basic_string@DU?$char_traits@D@std@@V?$allocator@D@2@@std@@VNVConstant@nv_objects@@U?$less@$$CBV?$basic_string@DU?$char_traits@D@std@@V?$allocator@D@2@@std@@@2@V?$allocator@VNVConstant@nv_objects@@@2@@2@U?$less@$$CBV?$basic_string@DU?$char_traits@D@std@@V?$allocator@D@2@@std@@@2@V?$allocator@VNVConstant@nv_objects@@@2@@std@@_N@2@ABU?$pair@$$CBV?$basic_string@DU?$char_traits@D@std@@V?$allocator@D@2@@std@@VNVConstant@nv_objects@@@2@@Z 1000c240 f i nvcomplexmesh.obj
 0001:0000b340       ?find@?$map@$$CBV?$basic_string@DU?$char_traits@D@std@@V?$allocator@D@2@@std@@VNVConstant@nv_objects@@U?$less@$$CBV?$basic_string@DU?$char_traits@D@std@@V?$allocator@D@2@@std@@@2@V?$allocator@VNVConstant@nv_objects@@@2@@std@@QAE?AViterator@?$_Tree@$$CBV?$basic_string@DU?$char_traits@D@std@@V?$allocator@D@2@@std@@U?$pair@$$CBV?$basic_string@DU?$char_traits@D@std@@V?$allocator@D@2@@std@@VNVConstant@nv_objects@@@2@U_Kfn@?$map@$$CBV?$basic_string@DU?$char_traits@D@std@@V?$allocator@D@2@@std@@VNVConstant@nv_objects@@U?$less@$$CBV?$basic_string@DU?$char_traits@D@std@@V?$allocator@D@2@@std@@@2@V?$allocator@VNVConstant@nv_objects@@@2@@2@U?$less@$$CBV?$basic_string@DU?$char_traits@D@std@@V?$allocator@D@2@@std@@@2@V?$allocator@VNVConstant@nv_objects@@@2@@2@ABV?$basic_string@DU?$char_traits@D@std@@V?$allocator@D@2@@2@@Z 1000c340 f i nvcomplexmesh.obj
 0001:0000b3d0       ??0?$pair@$$CBV?$basic_string@DU?$char_traits@D@std@@V?$allocator@D@2@@std@@VNVConstant@nv_objects@@@std@@QAE@ABV?$basic_string@DU?$char_traits@D@std@@V?$allocator@D@2@@1@ABVNVConstant@nv_objects@@@Z 1000c3d0 f i nvcomplexmesh.obj
 0001:0000b500       ?FindResourceA@NVResourceManager@nv_objects@@QAEPAVNVBaseResource@2@K@Z 1000c500 f i nvcomplexmesh.obj
 0001:0000b580       ??0?$map@W4_D3DRENDERSTATETYPE@@VNVRenderState@nv_objects@@U?$less@W4_D3DRENDERSTATETYPE@@@std@@V?$allocator@VNVRenderState@nv_objects@@@5@@std@@QAE@ABU?$less@W4_D3DRENDERSTATETYPE@@@1@ABV?$allocator@VNVRenderState@nv_objects@@@1@@Z 1000c580 f i nvcomplexmesh.obj
 0001:0000b630       ??4?$list@VNVComplexMeshSection@nv_objects@@V?$allocator@VNVComplexMeshSection@nv_objects@@@std@@@std@@QAEAAV01@ABV01@@Z 1000c630 f i nvcomplexmesh.obj
 0001:0000b710       ??Eiterator@?$list@VNVComplexMeshSection@nv_objects@@V?$allocator@VNVComplexMeshSection@nv_objects@@@std@@@std@@QAE?AV012@H@Z 1000c710 f i nvcomplexmesh.obj
 0001:0000b720       ??0?$vector@UD3DXVECTOR2@@V?$allocator@UD3DXVECTOR2@@@std@@@std@@QAE@ABV?$allocator@UD3DXVECTOR2@@@1@@Z 1000c720 f i nvcomplexmesh.obj
 0001:0000b740       ??1?$vector@UD3DXVECTOR2@@V?$allocator@UD3DXVECTOR2@@@std@@@std@@QAE@XZ 1000c740 f i nvcomplexmesh.obj
 0001:0000b770       ??4?$vector@UD3DXVECTOR2@@V?$allocator@UD3DXVECTOR2@@@std@@@std@@QAEAAV01@ABV01@@Z 1000c770 f i nvcomplexmesh.obj
 0001:0000b910       ?resize@?$vector@UD3DXVECTOR2@@V?$allocator@UD3DXVECTOR2@@@std@@@std@@QAEXIABUD3DXVECTOR2@@@Z 1000c910 f i nvcomplexmesh.obj
 0001:0000bb20       ?size@?$vector@UD3DXVECTOR2@@V?$allocator@UD3DXVECTOR2@@@std@@@std@@QBEIXZ 1000cb20 f i nvcomplexmesh.obj
 0001:0000bb40       ??0?$vector@UD3DXVECTOR3@@V?$allocator@UD3DXVECTOR3@@@std@@@std@@QAE@ABV?$allocator@UD3DXVECTOR3@@@1@@Z 1000cb40 f i nvcomplexmesh.obj
 0001:0000bb60       ??1?$vector@UD3DXVECTOR3@@V?$allocator@UD3DXVECTOR3@@@std@@@std@@QAE@XZ 1000cb60 f i nvcomplexmesh.obj
 0001:0000bb90       ??4?$vector@UD3DXVECTOR3@@V?$allocator@UD3DXVECTOR3@@@std@@@std@@QAEAAV01@ABV01@@Z 1000cb90 f i nvcomplexmesh.obj
 0001:0000be00       ?resize@?$vector@UD3DXVECTOR3@@V?$allocator@UD3DXVECTOR3@@@std@@@std@@QAEXIABUD3DXVECTOR3@@@Z 1000ce00 f i nvcomplexmesh.obj
 0001:0000c0a0       ?size@?$vector@UD3DXVECTOR3@@V?$allocator@UD3DXVECTOR3@@@std@@@std@@QBEIXZ 1000d0a0 f i nvcomplexmesh.obj
 0001:0000c0c0       ??0?$vector@UD3DXVECTOR4@@V?$allocator@UD3DXVECTOR4@@@std@@@std@@QAE@ABV?$allocator@UD3DXVECTOR4@@@1@@Z 1000d0c0 f i nvcomplexmesh.obj
 0001:0000c0e0       ??1?$vector@UD3DXVECTOR4@@V?$allocator@UD3DXVECTOR4@@@std@@@std@@QAE@XZ 1000d0e0 f i nvcomplexmesh.obj
 0001:0000c110       ??4?$vector@UD3DXVECTOR4@@V?$allocator@UD3DXVECTOR4@@@std@@@std@@QAEAAV01@ABV01@@Z 1000d110 f i nvcomplexmesh.obj
 0001:0000c300       ?resize@?$vector@UD3DXVECTOR4@@V?$allocator@UD3DXVECTOR4@@@std@@@std@@QAEXIABUD3DXVECTOR4@@@Z 1000d300 f i nvcomplexmesh.obj
 0001:0000c550       ?size@?$vector@UD3DXVECTOR4@@V?$allocator@UD3DXVECTOR4@@@std@@@std@@QBEIXZ 1000d550 f i nvcomplexmesh.obj
 0001:0000c570       ?clear@?$vector@UD3DXVECTOR4@@V?$allocator@UD3DXVECTOR4@@@std@@@std@@QAEXXZ 1000d570 f i nvcomplexmesh.obj
 0001:0000c5d0       ??1?$vector@GV?$allocator@G@std@@@std@@QAE@XZ 1000d5d0 f i nvcomplexmesh.obj
 0001:0000c600       ?size@?$vector@GV?$allocator@G@std@@@std@@QBEIXZ 1000d600 f i nvcomplexmesh.obj
 0001:0000c620       ??1?$vector@PAVNVComplexMeshPass@nv_objects@@V?$allocator@PAVNVComplexMeshPass@nv_objects@@@std@@@std@@QAE@XZ 1000d620 f i nvcomplexmesh.obj
 0001:0000c650       ?size@?$vector@PAVNVComplexMeshPass@nv_objects@@V?$allocator@PAVNVComplexMeshPass@nv_objects@@@std@@@std@@QBEIXZ 1000d650 f i nvcomplexmesh.obj
 0001:0000c670       ??1?$vector@PAUIDirect3DIndexBuffer8@@V?$allocator@PAUIDirect3DIndexBuffer8@@@std@@@std@@QAE@XZ 1000d670 f i nvcomplexmesh.obj
 0001:0000c6a0       ??A?$map@KKU?$less@K@std@@V?$allocator@K@2@@std@@QAEAAKABK@Z 1000d6a0 f i nvcomplexmesh.obj
 0001:0000c7c0       ??1?$_Tree@KU?$pair@$$CBKK@std@@U_Kfn@?$map@KKU?$less@K@std@@V?$allocator@K@2@@2@U?$less@K@2@V?$allocator@K@2@@std@@QAE@XZ 1000d7c0 f i nvcomplexmesh.obj
 0001:0000c8a0       ??1?$vector@PAVNVComplexMeshVertexData@nv_objects@@V?$allocator@PAVNVComplexMeshVertexData@nv_objects@@@std@@@std@@QAE@XZ 1000d8a0 f i nvcomplexmesh.obj
 0001:0000c8d0       ??0NVComplexMeshVertexData@nv_objects@@QAE@ABV01@@Z 1000d8d0 f i nvcomplexmesh.obj
 0001:0000ca70       ??1NVTextureResource@nv_objects@@UAE@XZ 1000da70 f i nvcomplexmesh.obj
 0001:0000cad0       ?IsDisposed@NVTextureResource@nv_objects@@UBE_NXZ 1000dad0 f i nvcomplexmesh.obj
 0001:0000cae0       ??_GNVTextureResource@nv_objects@@UAEPAXI@Z 1000dae0 f i nvcomplexmesh.obj
 0001:0000cae0       ??_ENVTextureResource@nv_objects@@UAEPAXI@Z 1000dae0 f i nvcomplexmesh.obj
 0001:0000cb00       ?Invoke@NVTextureFileResource@nv_objects@@UAE_NXZ 1000db00 f i nvcomplexmesh.obj
 0001:0000cbc0       ?Dispose@NVTextureFileResource@nv_objects@@UAE_NXZ 1000dbc0 f i nvcomplexmesh.obj
 0001:0000cbf0       ?IsDeviceObject@NVTextureFileResource@nv_objects@@UBE_NXZ 1000dbf0 f i nvcomplexmesh.obj
 0001:0000cc00       ??_ENVTextureFileResource@nv_objects@@UAEPAXI@Z 1000dc00 f i nvcomplexmesh.obj
 0001:0000cc00       ??_GNVTextureFileResource@nv_objects@@UAEPAXI@Z 1000dc00 f i nvcomplexmesh.obj
 0001:0000cc20       ??1NVTextureFileResource@nv_objects@@UAE@XZ 1000dc20 f i nvcomplexmesh.obj
 0001:0000ccb0       ?IsDisposed@NVMaterialResource@nv_objects@@UBE_NXZ 1000dcb0 f i nvcomplexmesh.obj
 0001:0000ccc0       ?Dispose@NVMaterialResource@nv_objects@@UAE_NXZ 1000dcc0 f i nvcomplexmesh.obj
 0001:0000ccd0       ?Invoke@NVMaterialResource@nv_objects@@UAE_NXZ 1000dcd0 f i nvcomplexmesh.obj
 0001:0000cce0       ?IsDeviceObject@NVMaterialResource@nv_objects@@UBE_NXZ 1000dce0 f i nvcomplexmesh.obj
 0001:0000ccf0       ?FindConstant@NVMaterialResource@nv_objects@@QAEPAVNVConstant@2@ABV?$basic_string@DU?$char_traits@D@std@@V?$allocator@D@2@@std@@@Z 1000dcf0 f i nvcomplexmesh.obj
 0001:0000cd50       ?AddTextureStageState@NVMaterialResource@nv_objects@@QAEPAVNVTextureStageState@2@KW4_D3DTEXTURESTAGESTATETYPE@@K@Z 1000dd50 f i nvcomplexmesh.obj
 0001:0000cec0       ??_ENVMaterialResource@nv_objects@@UAEPAXI@Z 1000dec0 f i nvcomplexmesh.obj
 0001:0000cec0       ??_GNVMaterialResource@nv_objects@@UAEPAXI@Z 1000dec0 f i nvcomplexmesh.obj
 0001:0000cee0       ??1NVMaterialResource@nv_objects@@UAE@XZ 1000dee0 f i nvcomplexmesh.obj
 0001:0000d050       ??1?$map@$$CBV?$basic_string@DU?$char_traits@D@std@@V?$allocator@D@2@@std@@VNVConstant@nv_objects@@U?$less@$$CBV?$basic_string@DU?$char_traits@D@std@@V?$allocator@D@2@@std@@@2@V?$allocator@VNVConstant@nv_objects@@@2@@std@@QAE@XZ 1000e050 f i nvcomplexmesh.obj
 0001:0000d150       ??_F?$map@W4_D3DTEXTURESTAGESTATETYPE@@VNVTextureStageState@nv_objects@@U?$less@W4_D3DTEXTURESTAGESTATETYPE@@@std@@V?$allocator@VNVTextureStageState@nv_objects@@@5@@std@@QAEXXZ 1000e150 f i nvcomplexmesh.obj
 0001:0000d170       ??0?$map@W4_D3DTEXTURESTAGESTATETYPE@@VNVTextureStageState@nv_objects@@U?$less@W4_D3DTEXTURESTAGESTATETYPE@@@std@@V?$allocator@VNVTextureStageState@nv_objects@@@5@@std@@QAE@ABU?$less@W4_D3DTEXTURESTAGESTATETYPE@@@1@ABV?$allocator@VNVTextureStageState@nv_objects@@@1@@Z 1000e170 f i nvcomplexmesh.obj
 0001:0000d220       ??1?$map@W4_D3DTEXTURESTAGESTATETYPE@@VNVTextureStageState@nv_objects@@U?$less@W4_D3DTEXTURESTAGESTATETYPE@@@std@@V?$allocator@VNVTextureStageState@nv_objects@@@5@@std@@QAE@XZ 1000e220 f i nvcomplexmesh.obj
 0001:0000d310       ??1?$map@W4_D3DRENDERSTATETYPE@@VNVRenderState@nv_objects@@U?$less@W4_D3DRENDERSTATETYPE@@@std@@V?$allocator@VNVRenderState@nv_objects@@@5@@std@@QAE@XZ 1000e310 f i nvcomplexmesh.obj
 0001:0000d400       ??1?$pair@$$CBV?$basic_string@DU?$char_traits@D@std@@V?$allocator@D@2@@std@@VNVConstant@nv_objects@@@std@@QAE@XZ 1000e400 f i nvcomplexmesh.obj
 0001:0000d440       ??1NVComplexMeshVertexData@nv_objects@@UAE@XZ 1000e440 f i nvcomplexmesh.obj
 0001:0000d520       ?Release@NVComplexMeshVertexData@nv_objects@@QAEXXZ 1000e520 f i nvcomplexmesh.obj
 0001:0000d5d0       ??_ENVComplexMeshVertexData@nv_objects@@UAEPAXI@Z 1000e5d0 f i nvcomplexmesh.obj
 0001:0000d5d0       ??_GNVComplexMeshVertexData@nv_objects@@UAEPAXI@Z 1000e5d0 f i nvcomplexmesh.obj
 0001:0000d5f0       ?GetIndexArray@NVComplexMesh@nv_objects@@UAEAAV?$vector@GV?$allocator@G@std@@@std@@XZ 1000e5f0 f i nvcomplexmesh.obj
 0001:0000d600       ?GetTrianglesDrawn@NVComplexMesh@nv_objects@@UAEKXZ 1000e600 f i nvcomplexmesh.obj
 0001:0000d610       ?GetVerticesDrawn@NVComplexMesh@nv_objects@@UBEKXZ 1000e610 f i nvcomplexmesh.obj
 0001:0000d620       ?SetNumVertices@NVComplexMesh@nv_objects@@UAEXK@Z 1000e620 f i nvcomplexmesh.obj
 0001:0000d630       ?GetNumVertices@NVComplexMesh@nv_objects@@UBEKXZ 1000e630 f i nvcomplexmesh.obj
 0001:0000d640       ?SetNumIndices@NVComplexMesh@nv_objects@@UAEXK@Z 1000e640 f i nvcomplexmesh.obj
 0001:0000d650       ?GetNumIndices@NVComplexMesh@nv_objects@@UBEKXZ 1000e650 f i nvcomplexmesh.obj
 0001:0000d660       ?AddPass@NVComplexMesh@nv_objects@@UAEPAVNVComplexMeshPass@2@K@Z 1000e660 f i nvcomplexmesh.obj
 0001:0000d770       ?RemovePass@NVComplexMesh@nv_objects@@UAEXK@Z 1000e770 f i nvcomplexmesh.obj
 0001:0000d7b0       ?GetPass@NVComplexMesh@nv_objects@@UAEPAVNVComplexMeshPass@2@K@Z 1000e7b0 f i nvcomplexmesh.obj
 0001:0000d7e0       ?GetVertexBuffer@NVComplexMesh@nv_objects@@UAEPAUIDirect3DVertexBuffer8@@XZ 1000e7e0 f i nvcomplexmesh.obj
 0001:0000d800       ?GetIndexBuffers@NVComplexMesh@nv_objects@@UAEABV?$vector@PAUIDirect3DIndexBuffer8@@V?$allocator@PAUIDirect3DIndexBuffer8@@@std@@@std@@XZ 1000e800 f i nvcomplexmesh.obj
 0001:0000d810       ?AddTrianglesDrawn@NVComplexMesh@nv_objects@@UAEXK@Z 1000e810 f i nvcomplexmesh.obj
 0001:0000d820       ?AddVerticesDrawn@NVComplexMesh@nv_objects@@UAEXK@Z 1000e820 f i nvcomplexmesh.obj
 0001:0000d830       ?ResetStats@NVComplexMesh@nv_objects@@UAEXXZ 1000e830 f i nvcomplexmesh.obj
 0001:0000d840       ?insert@?$map@KPAVNVBaseResource@nv_objects@@U?$less@K@std@@V?$allocator@PAVNVBaseResource@nv_objects@@@4@@std@@QAE?AU?$pair@Viterator@?$_Tree@KU?$pair@$$CBKPAVNVBaseResource@nv_objects@@@std@@U_Kfn@?$map@KPAVNVBaseResource@nv_objects@@U?$less@K@std@@V?$allocator@PAVNVBaseResource@nv_objects@@@4@@2@U?$less@K@2@V?$allocator@PAVNVBaseResource@nv_objects@@@2@@std@@_N@2@ABU?$pair@$$CBKPAVNVBaseResource@nv_objects@@@2@@Z 1000e840 f i nvcomplexmesh.obj
 0001:0000d930       ?begin@?$_Tree@KU?$pair@$$CBKPAVNVBaseResource@nv_objects@@@std@@U_Kfn@?$map@KPAVNVBaseResource@nv_objects@@U?$less@K@std@@V?$allocator@PAVNVBaseResource@nv_objects@@@4@@2@U?$less@K@2@V?$allocator@PAVNVBaseResource@nv_objects@@@2@@std@@QAE?AViterator@12@XZ 1000e930 f i nvcomplexmesh.obj
 0001:0000d940       ??0?$pair@$$CBKPAVNVBaseResource@nv_objects@@@std@@QAE@ABKABQAVNVBaseResource@nv_objects@@@Z 1000e940 f i nvcomplexmesh.obj
 0001:0000d960       ?insert@?$_Tree@KKU_Kfn@?$set@KU?$less@K@std@@V?$allocator@K@2@@std@@U?$less@K@3@V?$allocator@K@3@@std@@QAE?AU?$pair@Viterator@?$_Tree@KKU_Kfn@?$set@KU?$less@K@std@@V?$allocator@K@2@@std@@U?$less@K@3@V?$allocator@K@3@@std@@_N@2@ABK@Z 1000e960 f i nvcomplexmesh.obj
 0001:0000dba0       ??0?$pair@Viterator@?$_Tree@KKU_Kfn@?$set@KU?$less@K@std@@V?$allocator@K@2@@std@@U?$less@K@3@V?$allocator@K@3@@std@@_N@std@@QAE@ABViterator@?$_Tree@KKU_Kfn@?$set@KU?$less@K@std@@V?$allocator@K@2@@std@@U?$less@K@3@V?$allocator@K@3@@1@AB_N@Z 1000eba0 f i nvcomplexmesh.obj
 0001:0000dbc0       ??0?$_Tree@$$CBV?$basic_string@DU?$char_traits@D@std@@V?$allocator@D@2@@std@@U?$pair@$$CBV?$basic_string@DU?$char_traits@D@std@@V?$allocator@D@2@@std@@VNVConstant@nv_objects@@@2@U_Kfn@?$map@$$CBV?$basic_string@DU?$char_traits@D@std@@V?$allocator@D@2@@std@@VNVConstant@nv_objects@@U?$less@$$CBV?$basic_string@DU?$char_traits@D@std@@V?$allocator@D@2@@std@@@2@V?$allocator@VNVConstant@nv_objects@@@2@@2@U?$less@$$CBV?$basic_string@DU?$char_traits@D@std@@V?$allocator@D@2@@std@@@2@V?$allocator@VNVConstant@nv_objects@@@2@@std@@QAE@ABU?$less@$$CBV?$basic_string@DU?$char_traits@D@std@@V?$allocator@D@2@@std@@@1@_NABV?$allocator@VNVConstant@nv_objects@@@1@@Z 1000ebc0 f i nvcomplexmesh.obj
 0001:0000dbf0       ?begin@?$_Tree@$$CBV?$basic_string@DU?$char_traits@D@std@@V?$allocator@D@2@@std@@U?$pair@$$CBV?$basic_string@DU?$char_traits@D@std@@V?$allocator@D@2@@std@@VNVConstant@nv_objects@@@2@U_Kfn@?$map@$$CBV?$basic_string@DU?$char_traits@D@std@@V?$allocator@D@2@@std@@VNVConstant@nv_objects@@U?$less@$$CBV?$basic_string@DU?$char_traits@D@std@@V?$allocator@D@2@@std@@@2@V?$allocator@VNVConstant@nv_objects@@@2@@2@U?$less@$$CBV?$basic_string@DU?$char_traits@D@std@@V?$allocator@D@2@@std@@@2@V?$allocator@VNVConstant@nv_objects@@@2@@std@@QAE?AViterator@12@XZ 1000ebf0 f i nvcomplexmesh.obj
 0001:0000dc00       ?erase@?$_Tree@$$CBV?$basic_string@DU?$char_traits@D@std@@V?$allocator@D@2@@std@@U?$pair@$$CBV?$basic_string@DU?$char_traits@D@std@@V?$allocator@D@2@@std@@VNVConstant@nv_objects@@@2@U_Kfn@?$map@$$CBV?$basic_string@DU?$char_traits@D@std@@V?$allocator@D@2@@std@@VNVConstant@nv_objects@@U?$less@$$CBV?$basic_string@DU?$char_traits@D@std@@V?$allocator@D@2@@std@@@2@V?$allocator@VNVConstant@nv_objects@@@2@@2@U?$less@$$CBV?$basic_string@DU?$char_traits@D@std@@V?$allocator@D@2@@std@@@2@V?$allocator@VNVConstant@nv_objects@@@2@@std@@QAE?AViterator@12@V312@0@Z 1000ec00 f i nvcomplexmesh.obj
 0001:0000dcb0       ?_Init@?$_Tree@$$CBV?$basic_string@DU?$char_traits@D@std@@V?$allocator@D@2@@std@@U?$pair@$$CBV?$basic_string@DU?$char_traits@D@std@@V?$allocator@D@2@@std@@VNVConstant@nv_objects@@@2@U_Kfn@?$map@$$CBV?$basic_string@DU?$char_traits@D@std@@V?$allocator@D@2@@std@@VNVConstant@nv_objects@@U?$less@$$CBV?$basic_string@DU?$char_traits@D@std@@V?$allocator@D@2@@std@@@2@V?$allocator@VNVConstant@nv_objects@@@2@@2@U?$less@$$CBV?$basic_string@DU?$char_traits@D@std@@V?$allocator@D@2@@std@@@2@V?$allocator@VNVConstant@nv_objects@@@2@@std@@IAEXXZ 1000ecb0 f i nvcomplexmesh.obj
 0001:0000dd50       ?begin@?$_Tree@W4_D3DTEXTURESTAGESTATETYPE@@U?$pair@$$CBW4_D3DTEXTURESTAGESTATETYPE@@VNVTextureStageState@nv_objects@@@std@@U_Kfn@?$map@W4_D3DTEXTURESTAGESTATETYPE@@VNVTextureStageState@nv_objects@@U?$less@W4_D3DTEXTURESTAGESTATETYPE@@@std@@V?$allocator@VNVTextureStageState@nv_objects@@@5@@3@U?$less@W4_D3DTEXTURESTAGESTATETYPE@@@3@V?$allocator@VNVTextureStageState@nv_objects@@@3@@std@@QAE?AViterator@12@XZ 1000ed50 f i nvcomplexmesh.obj
 0001:0000dd60       ?find@?$_Tree@W4_D3DTEXTURESTAGESTATETYPE@@U?$pair@$$CBW4_D3DTEXTURESTAGESTATETYPE@@VNVTextureStageState@nv_objects@@@std@@U_Kfn@?$map@W4_D3DTEXTURESTAGESTATETYPE@@VNVTextureStageState@nv_objects@@U?$less@W4_D3DTEXTURESTAGESTATETYPE@@@std@@V?$allocator@VNVTextureStageState@nv_objects@@@5@@3@U?$less@W4_D3DTEXTURESTAGESTATETYPE@@@3@V?$allocator@VNVTextureStageState@nv_objects@@@3@@std@@QAE?AViterator@12@ABW4_D3DTEXTURESTAGESTATETYPE@@@Z 1000ed60 f i nvcomplexmesh.obj
 0001:0000ddd0       ?begin@?$_Tree@W4_D3DRENDERSTATETYPE@@U?$pair@$$CBW4_D3DRENDERSTATETYPE@@VNVRenderState@nv_objects@@@std@@U_Kfn@?$map@W4_D3DRENDERSTATETYPE@@VNVRenderState@nv_objects@@U?$less@W4_D3DRENDERSTATETYPE@@@std@@V?$allocator@VNVRenderState@nv_objects@@@5@@3@U?$less@W4_D3DRENDERSTATETYPE@@@3@V?$allocator@VNVRenderState@nv_objects@@@3@@std@@QAE?AViterator@12@XZ 1000edd0 f i nvcomplexmesh.obj
 0001:0000dde0       ?insert@?$_Tree@W4_D3DRENDERSTATETYPE@@U?$pair@$$CBW4_D3DRENDERSTATETYPE@@VNVRenderState@nv_objects@@@std@@U_Kfn@?$map@W4_D3DRENDERSTATETYPE@@VNVRenderState@nv_objects@@U?$less@W4_D3DRENDERSTATETYPE@@@std@@V?$allocator@VNVRenderState@nv_objects@@@5@@3@U?$less@W4_D3DRENDERSTATETYPE@@@3@V?$allocator@VNVRenderState@nv_objects@@@3@@std@@QAE?AU?$pair@Viterator@?$_Tree@W4_D3DRENDERSTATETYPE@@U?$pair@$$CBW4_D3DRENDERSTATETYPE@@VNVRenderState@nv_objects@@@std@@U_Kfn@?$map@W4_D3DRENDERSTATETYPE@@VNVRenderState@nv_objects@@U?$less@W4_D3DRENDERSTATETYPE@@@std@@V?$allocator@VNVRenderState@nv_objects@@@5@@3@U?$less@W4_D3DRENDERSTATETYPE@@@3@V?$allocator@VNVRenderState@nv_objects@@@3@@std@@_N@2@ABU?$pair@$$CBW4_D3DRENDERSTATETYPE@@VNVRenderState@nv_objects@@@2@@Z 1000ede0 f i nvcomplexmesh.obj
 0001:0000e020       ?erase@?$_Tree@W4_D3DRENDERSTATETYPE@@U?$pair@$$CBW4_D3DRENDERSTATETYPE@@VNVRenderState@nv_objects@@@std@@U_Kfn@?$map@W4_D3DRENDERSTATETYPE@@VNVRenderState@nv_objects@@U?$less@W4_D3DRENDERSTATETYPE@@@std@@V?$allocator@VNVRenderState@nv_objects@@@5@@3@U?$less@W4_D3DRENDERSTATETYPE@@@3@V?$allocator@VNVRenderState@nv_objects@@@3@@std@@QAE?AViterator@12@V312@0@Z 1000f020 f i nvcomplexmesh.obj
 0001:0000e0d0       ??0?$pair@Viterator@?$_Tree@W4_D3DRENDERSTATETYPE@@U?$pair@$$CBW4_D3DRENDERSTATETYPE@@VNVRenderState@nv_objects@@@std@@U_Kfn@?$map@W4_D3DRENDERSTATETYPE@@VNVRenderState@nv_objects@@U?$less@W4_D3DRENDERSTATETYPE@@@std@@V?$allocator@VNVRenderState@nv_objects@@@5@@3@U?$less@W4_D3DRENDERSTATETYPE@@@3@V?$allocator@VNVRenderState@nv_objects@@@3@@std@@_N@std@@QAE@ABViterator@?$_Tree@W4_D3DRENDERSTATETYPE@@U?$pair@$$CBW4_D3DRENDERSTATETYPE@@VNVRenderState@nv_objects@@@std@@U_Kfn@?$map@W4_D3DRENDERSTATETYPE@@VNVRenderState@nv_objects@@U?$less@W4_D3DRENDERSTATETYPE@@@std@@V?$allocator@VNVRenderState@nv_objects@@@5@@3@U?$less@W4_D3DRENDERSTATETYPE@@@3@V?$allocator@VNVRenderState@nv_objects@@@3@@1@AB_N@Z 1000f0d0 f i nvcomplexmesh.obj
 0001:0000e0f0       ?insert@?$list@VNVComplexMeshSection@nv_objects@@V?$allocator@VNVComplexMeshSection@nv_objects@@@std@@@std@@QAE?AViterator@12@V312@ABVNVComplexMeshSection@nv_objects@@@Z 1000f0f0 f i nvcomplexmesh.obj
 0001:0000e150       ?insert@?$vector@UD3DXVECTOR2@@V?$allocator@UD3DXVECTOR2@@@std@@@std@@QAEXPAUD3DXVECTOR2@@IABU3@@Z 1000f150 f i nvcomplexmesh.obj
 0001:0000e3a0       ?erase@?$vector@UD3DXVECTOR2@@V?$allocator@UD3DXVECTOR2@@@std@@@std@@QAEPAUD3DXVECTOR2@@PAU3@0@Z 1000f3a0 f i nvcomplexmesh.obj
 0001:0000e3e0       ?_Destroy@?$vector@UD3DXVECTOR2@@V?$allocator@UD3DXVECTOR2@@@std@@@std@@IAEXPAUD3DXVECTOR2@@0@Z 1000f3e0 f i nvcomplexmesh.obj
 0001:0000e3f0       ?_Ucopy@?$vector@UD3DXVECTOR2@@V?$allocator@UD3DXVECTOR2@@@std@@@std@@IAEPAUD3DXVECTOR2@@PBU3@0PAU3@@Z 1000f3f0 f i nvcomplexmesh.obj
 0001:0000e430       ?insert@?$vector@UD3DXVECTOR3@@V?$allocator@UD3DXVECTOR3@@@std@@@std@@QAEPAUD3DXVECTOR3@@PAU3@ABU3@@Z 1000f430 f i nvcomplexmesh.obj
 0001:0000e650       ?insert@?$vector@UD3DXVECTOR3@@V?$allocator@UD3DXVECTOR3@@@std@@@std@@QAEXPAUD3DXVECTOR3@@IABU3@@Z 1000f650 f i nvcomplexmesh.obj
 0001:0000e980       ?erase@?$vector@UD3DXVECTOR3@@V?$allocator@UD3DXVECTOR3@@@std@@@std@@QAEPAUD3DXVECTOR3@@PAU3@0@Z 1000f980 f i nvcomplexmesh.obj
 0001:0000e9d0       ?_Destroy@?$vector@UD3DXVECTOR3@@V?$allocator@UD3DXVECTOR3@@@std@@@std@@IAEXPAUD3DXVECTOR3@@0@Z 1000f9d0 f i nvcomplexmesh.obj
 0001:0000e9e0       ?_Ucopy@?$vector@UD3DXVECTOR3@@V?$allocator@UD3DXVECTOR3@@@std@@@std@@IAEPAUD3DXVECTOR3@@PBU3@0PAU3@@Z 1000f9e0 f i nvcomplexmesh.obj
 0001:0000ea30       ?insert@?$vector@UD3DXVECTOR4@@V?$allocator@UD3DXVECTOR4@@@std@@@std@@QAEXPAUD3DXVECTOR4@@IABU3@@Z 1000fa30 f i nvcomplexmesh.obj
 0001:0000ed40       ?erase@?$vector@UD3DXVECTOR4@@V?$allocator@UD3DXVECTOR4@@@std@@@std@@QAEPAUD3DXVECTOR4@@PAU3@0@Z 1000fd40 f i nvcomplexmesh.obj
 0001:0000ed90       ?_Destroy@?$vector@UD3DXVECTOR4@@V?$allocator@UD3DXVECTOR4@@@std@@@std@@IAEXPAUD3DXVECTOR4@@0@Z 1000fd90 f i nvcomplexmesh.obj
 0001:0000eda0       ?_Ucopy@?$vector@UD3DXVECTOR4@@V?$allocator@UD3DXVECTOR4@@@std@@@std@@IAEPAUD3DXVECTOR4@@PBU3@0PAU3@@Z 1000fda0 f i nvcomplexmesh.obj
 0001:0000edf0       ?insert@?$vector@GV?$allocator@G@std@@@std@@QAEXPAGIABG@Z 1000fdf0 f i nvcomplexmesh.obj
 0001:0000f000       ?erase@?$vector@GV?$allocator@G@std@@@std@@QAEPAGPAG0@Z 10010000 f i nvcomplexmesh.obj
 0001:0000f040       ?insert@?$vector@PAVNVComplexMeshPass@nv_objects@@V?$allocator@PAVNVComplexMeshPass@nv_objects@@@std@@@std@@QAEPAPAVNVComplexMeshPass@nv_objects@@PAPAV34@ABQAV34@@Z 10010040 f i nvcomplexmesh.obj
 0001:0000f1e0       ?insert@?$vector@PAVNVComplexMeshPass@nv_objects@@V?$allocator@PAVNVComplexMeshPass@nv_objects@@@std@@@std@@QAEXPAPAVNVComplexMeshPass@nv_objects@@IABQAV34@@Z 100101e0 f i nvcomplexmesh.obj
 0001:0000f3f0       ?erase@?$vector@PAVNVComplexMeshPass@nv_objects@@V?$allocator@PAVNVComplexMeshPass@nv_objects@@@std@@@std@@QAEPAPAVNVComplexMeshPass@nv_objects@@PAPAV34@0@Z 100103f0 f i nvcomplexmesh.obj
 0001:0000f430       ?_Destroy@?$vector@PAVNVComplexMeshPass@nv_objects@@V?$allocator@PAVNVComplexMeshPass@nv_objects@@@std@@@std@@IAEXPAPAVNVComplexMeshPass@nv_objects@@0@Z 10010430 f i nvcomplexmesh.obj
 0001:0000f440       ?begin@?$_Tree@$$CBV?$basic_string@DU?$char_traits@D@std@@V?$allocator@D@2@@std@@U?$pair@$$CBV?$basic_string@DU?$char_traits@D@std@@V?$allocator@D@2@@std@@VNVComplexMeshVertexData@nv_objects@@@2@U_Kfn@?$map@$$CBV?$basic_string@DU?$char_traits@D@std@@V?$allocator@D@2@@std@@VNVComplexMeshVertexData@nv_objects@@U?$less@$$CBV?$basic_string@DU?$char_traits@D@std@@V?$allocator@D@2@@std@@@2@V?$allocator@VNVComplexMeshVertexData@nv_objects@@@2@@2@U?$less@$$CBV?$basic_string@DU?$char_traits@D@std@@V?$allocator@D@2@@std@@@2@V?$allocator@VNVComplexMeshVertexData@nv_objects@@@2@@std@@QAE?AViterator@12@XZ 10010440 f i nvcomplexmesh.obj
 0001:0000f450       ?insert@?$_Tree@$$CBV?$basic_string@DU?$char_traits@D@std@@V?$allocator@D@2@@std@@U?$pair@$$CBV?$basic_string@DU?$char_traits@D@std@@V?$allocator@D@2@@std@@VNVComplexMeshVertexData@nv_objects@@@2@U_Kfn@?$map@$$CBV?$basic_string@DU?$char_traits@D@std@@V?$allocator@D@2@@std@@VNVComplexMeshVertexData@nv_objects@@U?$less@$$CBV?$basic_string@DU?$char_traits@D@std@@V?$allocator@D@2@@std@@@2@V?$allocator@VNVComplexMeshVertexData@nv_objects@@@2@@2@U?$less@$$CBV?$basic_string@DU?$char_traits@D@std@@V?$allocator@D@2@@std@@@2@V?$allocator@VNVComplexMeshVertexData@nv_objects@@@2@@std@@QAE?AU?$pair@Viterator@?$_Tree@$$CBV?$basic_string@DU?$char_traits@D@std@@V?$allocator@D@2@@std@@U?$pair@$$CBV?$basic_string@DU?$char_traits@D@std@@V?$allocator@D@2@@std@@VNVComplexMeshVertexData@nv_objects@@@2@U_Kfn@?$map@$$CBV?$basic_string@DU?$char_traits@D@std@@V?$allocator@D@2@@std@@VNVComplexMeshVertexData@nv_objects@@U?$less@$$CBV?$basic_string@DU?$char_traits@D@std@@V?$allocator@D@2@@std@@@2@V?$allocator@VNVComplexMeshVertexData@nv_objects@@@2@@2@U?$less@$$CBV?$basic_string@DU?$char_traits@D@std@@V?$allocator@D@2@@std@@@2@V?$allocator@VNVComplexMeshVertexData@nv_objects@@@2@@std@@_N@2@ABU?$pair@$$CBV?$basic_string@DU?$char_traits@D@std@@V?$allocator@D@2@@std@@VNVComplexMeshVertexData@nv_objects@@@2@@Z 10010450 f i nvcomplexmesh.obj
 0001:0000f6a0       ?erase@?$_Tree@$$CBV?$basic_string@DU?$char_traits@D@std@@V?$allocator@D@2@@std@@U?$pair@$$CBV?$basic_string@DU?$char_traits@D@std@@V?$allocator@D@2@@std@@VNVComplexMeshVertexData@nv_objects@@@2@U_Kfn@?$map@$$CBV?$basic_string@DU?$char_traits@D@std@@V?$allocator@D@2@@std@@VNVComplexMeshVertexData@nv_objects@@U?$less@$$CBV?$basic_string@DU?$char_traits@D@std@@V?$allocator@D@2@@std@@@2@V?$allocator@VNVComplexMeshVertexData@nv_objects@@@2@@2@U?$less@$$CBV?$basic_string@DU?$char_traits@D@std@@V?$allocator@D@2@@std@@@2@V?$allocator@VNVComplexMeshVertexData@nv_objects@@@2@@std@@QAE?AViterator@12@V312@0@Z 100106a0 f i nvcomplexmesh.obj
 0001:0000f750       ?erase@?$vector@PAUIDirect3DIndexBuffer8@@V?$allocator@PAUIDirect3DIndexBuffer8@@@std@@@std@@QAEPAPAUIDirect3DIndexBuffer8@@PAPAU3@0@Z 10010750 f i nvcomplexmesh.obj
 0001:0000f790       ??0?$_Tree@KU?$pair@$$CBKK@std@@U_Kfn@?$map@KKU?$less@K@std@@V?$allocator@K@2@@2@U?$less@K@2@V?$allocator@K@2@@std@@QAE@ABU?$less@K@1@_NABV?$allocator@K@1@@Z 10010790 f i nvcomplexmesh.obj
 0001:0000f7c0       ?begin@?$_Tree@KU?$pair@$$CBKK@std@@U_Kfn@?$map@KKU?$less@K@std@@V?$allocator@K@2@@2@U?$less@K@2@V?$allocator@K@2@@std@@QAE?AViterator@12@XZ 100107c0 f i nvcomplexmesh.obj
 0001:0000f7d0       ?insert@?$_Tree@KU?$pair@$$CBKK@std@@U_Kfn@?$map@KKU?$less@K@std@@V?$allocator@K@2@@2@U?$less@K@2@V?$allocator@K@2@@std@@QAE?AU?$pair@Viterator@?$_Tree@KU?$pair@$$CBKK@std@@U_Kfn@?$map@KKU?$less@K@std@@V?$allocator@K@2@@2@U?$less@K@2@V?$allocator@K@2@@std@@_N@2@ABU?$pair@$$CBKK@2@@Z 100107d0 f i nvcomplexmesh.obj
 0001:0000fa10       ?find@?$_Tree@KU?$pair@$$CBKK@std@@U_Kfn@?$map@KKU?$less@K@std@@V?$allocator@K@2@@2@U?$less@K@2@V?$allocator@K@2@@std@@QAE?AViterator@12@ABK@Z 10010a10 f i nvcomplexmesh.obj
 0001:0000fa80       ??0?$pair@Viterator@?$_Tree@KU?$pair@$$CBKK@std@@U_Kfn@?$map@KKU?$less@K@std@@V?$allocator@K@2@@2@U?$less@K@2@V?$allocator@K@2@@std@@_N@std@@QAE@ABViterator@?$_Tree@KU?$pair@$$CBKK@std@@U_Kfn@?$map@KKU?$less@K@std@@V?$allocator@K@2@@2@U?$less@K@2@V?$allocator@K@2@@1@AB_N@Z 10010a80 f i nvcomplexmesh.obj
 0001:0000faa0       ?insert@?$vector@PAVNVComplexMeshVertexData@nv_objects@@V?$allocator@PAVNVComplexMeshVertexData@nv_objects@@@std@@@std@@QAEPAPAVNVComplexMeshVertexData@nv_objects@@PAPAV34@ABQAV34@@Z 10010aa0 f i nvcomplexmesh.obj
 0001:0000fc40       ?_Destroy@?$vector@PAVNVComplexMeshVertexData@nv_objects@@V?$allocator@PAVNVComplexMeshVertexData@nv_objects@@@std@@@std@@IAEXPAPAVNVComplexMeshVertexData@nv_objects@@0@Z 10010c40 f i nvcomplexmesh.obj
 0001:0000fc50       ?lower_bound@?$_Tree@KU?$pair@$$CBKPAVNVBaseResource@nv_objects@@@std@@U_Kfn@?$map@KPAVNVBaseResource@nv_objects@@U?$less@K@std@@V?$allocator@PAVNVBaseResource@nv_objects@@@4@@2@U?$less@K@2@V?$allocator@PAVNVBaseResource@nv_objects@@@2@@std@@QAE?AViterator@12@ABK@Z 10010c50 f i nvcomplexmesh.obj
 0001:0000fc90       ?_Insert@?$_Tree@KKU_Kfn@?$set@KU?$less@K@std@@V?$allocator@K@2@@std@@U?$less@K@3@V?$allocator@K@3@@std@@IAE?AViterator@12@PAU_Node@12@0ABK@Z 10010c90 f i nvcomplexmesh.obj
 0001:0000ff00       ?erase@?$_Tree@$$CBV?$basic_string@DU?$char_traits@D@std@@V?$allocator@D@2@@std@@U?$pair@$$CBV?$basic_string@DU?$char_traits@D@std@@V?$allocator@D@2@@std@@VNVConstant@nv_objects@@@2@U_Kfn@?$map@$$CBV?$basic_string@DU?$char_traits@D@std@@V?$allocator@D@2@@std@@VNVConstant@nv_objects@@U?$less@$$CBV?$basic_string@DU?$char_traits@D@std@@V?$allocator@D@2@@std@@@2@V?$allocator@VNVConstant@nv_objects@@@2@@2@U?$less@$$CBV?$basic_string@DU?$char_traits@D@std@@V?$allocator@D@2@@std@@@2@V?$allocator@VNVConstant@nv_objects@@@2@@std@@QAE?AViterator@12@V312@@Z 10010f00 f i nvcomplexmesh.obj
 0001:000102e0       ?_Copy@?$_Tree@$$CBV?$basic_string@DU?$char_traits@D@std@@V?$allocator@D@2@@std@@U?$pair@$$CBV?$basic_string@DU?$char_traits@D@std@@V?$allocator@D@2@@std@@VNVConstant@nv_objects@@@2@U_Kfn@?$map@$$CBV?$basic_string@DU?$char_traits@D@std@@V?$allocator@D@2@@std@@VNVConstant@nv_objects@@U?$less@$$CBV?$basic_string@DU?$char_traits@D@std@@V?$allocator@D@2@@std@@@2@V?$allocator@VNVConstant@nv_objects@@@2@@2@U?$less@$$CBV?$basic_string@DU?$char_traits@D@std@@V?$allocator@D@2@@std@@@2@V?$allocator@VNVConstant@nv_objects@@@2@@std@@IAEPAU_Node@12@PAU312@0@Z 100112e0 f i nvcomplexmesh.obj
 0001:00010370       ?_Erase@?$_Tree@$$CBV?$basic_string@DU?$char_traits@D@std@@V?$allocator@D@2@@std@@U?$pair@$$CBV?$basic_string@DU?$char_traits@D@std@@V?$allocator@D@2@@std@@VNVConstant@nv_objects@@@2@U_Kfn@?$map@$$CBV?$basic_string@DU?$char_traits@D@std@@V?$allocator@D@2@@std@@VNVConstant@nv_objects@@U?$less@$$CBV?$basic_string@DU?$char_traits@D@std@@V?$allocator@D@2@@std@@@2@V?$allocator@VNVConstant@nv_objects@@@2@@2@U?$less@$$CBV?$basic_string@DU?$char_traits@D@std@@V?$allocator@D@2@@std@@@2@V?$allocator@VNVConstant@nv_objects@@@2@@std@@IAEXPAU_Node@12@@Z 10011370 f i nvcomplexmesh.obj
 0001:000103c0       ?_Insert@?$_Tree@$$CBV?$basic_string@DU?$char_traits@D@std@@V?$allocator@D@2@@std@@U?$pair@$$CBV?$basic_string@DU?$char_traits@D@std@@V?$allocator@D@2@@std@@VNVConstant@nv_objects@@@2@U_Kfn@?$map@$$CBV?$basic_string@DU?$char_traits@D@std@@V?$allocator@D@2@@std@@VNVConstant@nv_objects@@U?$less@$$CBV?$basic_string@DU?$char_traits@D@std@@V?$allocator@D@2@@std@@@2@V?$allocator@VNVConstant@nv_objects@@@2@@2@U?$less@$$CBV?$basic_string@DU?$char_traits@D@std@@V?$allocator@D@2@@std@@@2@V?$allocator@VNVConstant@nv_objects@@@2@@std@@IAE?AViterator@12@PAU_Node@12@0ABU?$pair@$$CBV?$basic_string@DU?$char_traits@D@std@@V?$allocator@D@2@@std@@VNVConstant@nv_objects@@@2@@Z 100113c0 f i nvcomplexmesh.obj
 0001:00010630       ?_Buynode@?$_Tree@$$CBV?$basic_string@DU?$char_traits@D@std@@V?$allocator@D@2@@std@@U?$pair@$$CBV?$basic_string@DU?$char_traits@D@std@@V?$allocator@D@2@@std@@VNVConstant@nv_objects@@@2@U_Kfn@?$map@$$CBV?$basic_string@DU?$char_traits@D@std@@V?$allocator@D@2@@std@@VNVConstant@nv_objects@@U?$less@$$CBV?$basic_string@DU?$char_traits@D@std@@V?$allocator@D@2@@std@@@2@V?$allocator@VNVConstant@nv_objects@@@2@@2@U?$less@$$CBV?$basic_string@DU?$char_traits@D@std@@V?$allocator@D@2@@std@@@2@V?$allocator@VNVConstant@nv_objects@@@2@@std@@IAEPAU_Node@12@PAU312@W4_Redbl@12@@Z 10011630 f i nvcomplexmesh.obj
 0001:00010650       ?_Inc@const_iterator@?$_Tree@$$CBV?$basic_string@DU?$char_traits@D@std@@V?$allocator@D@2@@std@@U?$pair@$$CBV?$basic_string@DU?$char_traits@D@std@@V?$allocator@D@2@@std@@VNVConstant@nv_objects@@@2@U_Kfn@?$map@$$CBV?$basic_string@DU?$char_traits@D@std@@V?$allocator@D@2@@std@@VNVConstant@nv_objects@@U?$less@$$CBV?$basic_string@DU?$char_traits@D@std@@V?$allocator@D@2@@std@@@2@V?$allocator@VNVConstant@nv_objects@@@2@@2@U?$less@$$CBV?$basic_string@DU?$char_traits@D@std@@V?$allocator@D@2@@std@@@2@V?$allocator@VNVConstant@nv_objects@@@2@@std@@QAEXXZ 10011650 f i nvcomplexmesh.obj
 0001:000106a0       ?erase@?$_Tree@W4_D3DTEXTURESTAGESTATETYPE@@U?$pair@$$CBW4_D3DTEXTURESTAGESTATETYPE@@VNVTextureStageState@nv_objects@@@std@@U_Kfn@?$map@W4_D3DTEXTURESTAGESTATETYPE@@VNVTextureStageState@nv_objects@@U?$less@W4_D3DTEXTURESTAGESTATETYPE@@@std@@V?$allocator@VNVTextureStageState@nv_objects@@@5@@3@U?$less@W4_D3DTEXTURESTAGESTATETYPE@@@3@V?$allocator@VNVTextureStageState@nv_objects@@@3@@std@@QAE?AViterator@12@V312@@Z 100116a0 f i nvcomplexmesh.obj
 0001:00010a70       ?_Copy@?$_Tree@W4_D3DTEXTURESTAGESTATETYPE@@U?$pair@$$CBW4_D3DTEXTURESTAGESTATETYPE@@VNVTextureStageState@nv_objects@@@std@@U_Kfn@?$map@W4_D3DTEXTURESTAGESTATETYPE@@VNVTextureStageState@nv_objects@@U?$less@W4_D3DTEXTURESTAGESTATETYPE@@@std@@V?$allocator@VNVTextureStageState@nv_objects@@@5@@3@U?$less@W4_D3DTEXTURESTAGESTATETYPE@@@3@V?$allocator@VNVTextureStageState@nv_objects@@@3@@std@@IAEPAU_Node@12@PAU312@0@Z 10011a70 f i nvcomplexmesh.obj
 0001:00010b00       ?_Erase@?$_Tree@W4_D3DTEXTURESTAGESTATETYPE@@U?$pair@$$CBW4_D3DTEXTURESTAGESTATETYPE@@VNVTextureStageState@nv_objects@@@std@@U_Kfn@?$map@W4_D3DTEXTURESTAGESTATETYPE@@VNVTextureStageState@nv_objects@@U?$less@W4_D3DTEXTURESTAGESTATETYPE@@@std@@V?$allocator@VNVTextureStageState@nv_objects@@@5@@3@U?$less@W4_D3DTEXTURESTAGESTATETYPE@@@3@V?$allocator@VNVTextureStageState@nv_objects@@@3@@std@@IAEXPAU_Node@12@@Z 10011b00 f i nvcomplexmesh.obj
 0001:00010b40       ?_Inc@const_iterator@?$_Tree@W4_D3DTEXTURESTAGESTATETYPE@@U?$pair@$$CBW4_D3DTEXTURESTAGESTATETYPE@@VNVTextureStageState@nv_objects@@@std@@U_Kfn@?$map@W4_D3DTEXTURESTAGESTATETYPE@@VNVTextureStageState@nv_objects@@U?$less@W4_D3DTEXTURESTAGESTATETYPE@@@std@@V?$allocator@VNVTextureStageState@nv_objects@@@5@@3@U?$less@W4_D3DTEXTURESTAGESTATETYPE@@@3@V?$allocator@VNVTextureStageState@nv_objects@@@3@@std@@QAEXXZ 10011b40 f i nvcomplexmesh.obj
 0001:00010b90       ?erase@?$_Tree@W4_D3DRENDERSTATETYPE@@U?$pair@$$CBW4_D3DRENDERSTATETYPE@@VNVRenderState@nv_objects@@@std@@U_Kfn@?$map@W4_D3DRENDERSTATETYPE@@VNVRenderState@nv_objects@@U?$less@W4_D3DRENDERSTATETYPE@@@std@@V?$allocator@VNVRenderState@nv_objects@@@5@@3@U?$less@W4_D3DRENDERSTATETYPE@@@3@V?$allocator@VNVRenderState@nv_objects@@@3@@std@@QAE?AViterator@12@V312@@Z 10011b90 f i nvcomplexmesh.obj
 0001:00010f60       ?_Copy@?$_Tree@W4_D3DRENDERSTATETYPE@@U?$pair@$$CBW4_D3DRENDERSTATETYPE@@VNVRenderState@nv_objects@@@std@@U_Kfn@?$map@W4_D3DRENDERSTATETYPE@@VNVRenderState@nv_objects@@U?$less@W4_D3DRENDERSTATETYPE@@@std@@V?$allocator@VNVRenderState@nv_objects@@@5@@3@U?$less@W4_D3DRENDERSTATETYPE@@@3@V?$allocator@VNVRenderState@nv_objects@@@3@@std@@IAEPAU_Node@12@PAU312@0@Z 10011f60 f i nvcomplexmesh.obj
 0001:00010ff0       ?_Erase@?$_Tree@W4_D3DRENDERSTATETYPE@@U?$pair@$$CBW4_D3DRENDERSTATETYPE@@VNVRenderState@nv_objects@@@std@@U_Kfn@?$map@W4_D3DRENDERSTATETYPE@@VNVRenderState@nv_objects@@U?$less@W4_D3DRENDERSTATETYPE@@@std@@V?$allocator@VNVRenderState@nv_objects@@@5@@3@U?$less@W4_D3DRENDERSTATETYPE@@@3@V?$allocator@VNVRenderState@nv_objects@@@3@@std@@IAEXPAU_Node@12@@Z 10011ff0 f i nvcomplexmesh.obj
 0001:00011030       ?_Buynode@?$_Tree@W4_D3DRENDERSTATETYPE@@U?$pair@$$CBW4_D3DRENDERSTATETYPE@@VNVRenderState@nv_objects@@@std@@U_Kfn@?$map@W4_D3DRENDERSTATETYPE@@VNVRenderState@nv_objects@@U?$less@W4_D3DRENDERSTATETYPE@@@std@@V?$allocator@VNVRenderState@nv_objects@@@5@@3@U?$less@W4_D3DRENDERSTATETYPE@@@3@V?$allocator@VNVRenderState@nv_objects@@@3@@std@@IAEPAU_Node@12@PAU312@W4_Redbl@12@@Z 10012030 f i nvcomplexmesh.obj
 0001:00011050       ?_Inc@const_iterator@?$_Tree@W4_D3DRENDERSTATETYPE@@U?$pair@$$CBW4_D3DRENDERSTATETYPE@@VNVRenderState@nv_objects@@@std@@U_Kfn@?$map@W4_D3DRENDERSTATETYPE@@VNVRenderState@nv_objects@@U?$less@W4_D3DRENDERSTATETYPE@@@std@@V?$allocator@VNVRenderState@nv_objects@@@5@@3@U?$less@W4_D3DRENDERSTATETYPE@@@3@V?$allocator@VNVRenderState@nv_objects@@@3@@std@@QAEXXZ 10012050 f i nvcomplexmesh.obj
 0001:000110a0       ?_Ufill@?$vector@UD3DXVECTOR2@@V?$allocator@UD3DXVECTOR2@@@std@@@std@@IAEXPAUD3DXVECTOR2@@IABU3@@Z 100120a0 f i nvcomplexmesh.obj
 0001:000110d0       ?_Ufill@?$vector@UD3DXVECTOR3@@V?$allocator@UD3DXVECTOR3@@@std@@@std@@IAEXPAUD3DXVECTOR3@@IABU3@@Z 100120d0 f i nvcomplexmesh.obj
 0001:00011110       ?_Ufill@?$vector@UD3DXVECTOR4@@V?$allocator@UD3DXVECTOR4@@@std@@@std@@IAEXPAUD3DXVECTOR4@@IABU3@@Z 10012110 f i nvcomplexmesh.obj
 0001:00011150       ?_Ucopy@?$vector@PAVNVComplexMeshPass@nv_objects@@V?$allocator@PAVNVComplexMeshPass@nv_objects@@@std@@@std@@IAEPAPAVNVComplexMeshPass@nv_objects@@PBQAV34@0PAPAV34@@Z 10012150 f i nvcomplexmesh.obj
 0001:00011180       ?_Ufill@?$vector@PAVNVComplexMeshPass@nv_objects@@V?$allocator@PAVNVComplexMeshPass@nv_objects@@@std@@@std@@IAEXPAPAVNVComplexMeshPass@nv_objects@@IABQAV34@@Z 10012180 f i nvcomplexmesh.obj
 0001:000111b0       ?erase@?$_Tree@$$CBV?$basic_string@DU?$char_traits@D@std@@V?$allocator@D@2@@std@@U?$pair@$$CBV?$basic_string@DU?$char_traits@D@std@@V?$allocator@D@2@@std@@VNVComplexMeshVertexData@nv_objects@@@2@U_Kfn@?$map@$$CBV?$basic_string@DU?$char_traits@D@std@@V?$allocator@D@2@@std@@VNVComplexMeshVertexData@nv_objects@@U?$less@$$CBV?$basic_string@DU?$char_traits@D@std@@V?$allocator@D@2@@std@@@2@V?$allocator@VNVComplexMeshVertexData@nv_objects@@@2@@2@U?$less@$$CBV?$basic_string@DU?$char_traits@D@std@@V?$allocator@D@2@@std@@@2@V?$allocator@VNVComplexMeshVertexData@nv_objects@@@2@@std@@QAE?AViterator@12@V312@@Z 100121b0 f i nvcomplexmesh.obj
 0001:00011590       ?_Erase@?$_Tree@$$CBV?$basic_string@DU?$char_traits@D@std@@V?$allocator@D@2@@std@@U?$pair@$$CBV?$basic_string@DU?$char_traits@D@std@@V?$allocator@D@2@@std@@VNVComplexMeshVertexData@nv_objects@@@2@U_Kfn@?$map@$$CBV?$basic_string@DU?$char_traits@D@std@@V?$allocator@D@2@@std@@VNVComplexMeshVertexData@nv_objects@@U?$less@$$CBV?$basic_string@DU?$char_traits@D@std@@V?$allocator@D@2@@std@@@2@V?$allocator@VNVComplexMeshVertexData@nv_objects@@@2@@2@U?$less@$$CBV?$basic_string@DU?$char_traits@D@std@@V?$allocator@D@2@@std@@@2@V?$allocator@VNVComplexMeshVertexData@nv_objects@@@2@@std@@IAEXPAU_Node@12@@Z 10012590 f i nvcomplexmesh.obj
 0001:000115e0       ?_Insert@?$_Tree@$$CBV?$basic_string@DU?$char_traits@D@std@@V?$allocator@D@2@@std@@U?$pair@$$CBV?$basic_string@DU?$char_traits@D@std@@V?$allocator@D@2@@std@@VNVComplexMeshVertexData@nv_objects@@@2@U_Kfn@?$map@$$CBV?$basic_string@DU?$char_traits@D@std@@V?$allocator@D@2@@std@@VNVComplexMeshVertexData@nv_objects@@U?$less@$$CBV?$basic_string@DU?$char_traits@D@std@@V?$allocator@D@2@@std@@@2@V?$allocator@VNVComplexMeshVertexData@nv_objects@@@2@@2@U?$less@$$CBV?$basic_string@DU?$char_traits@D@std@@V?$allocator@D@2@@std@@@2@V?$allocator@VNVComplexMeshVertexData@nv_objects@@@2@@std@@IAE?AViterator@12@PAU_Node@12@0ABU?$pair@$$CBV?$basic_string@DU?$char_traits@D@std@@V?$allocator@D@2@@std@@VNVComplexMeshVertexData@nv_objects@@@2@@Z 100125e0 f i nvcomplexmesh.obj
 0001:00011850       ?_Inc@const_iterator@?$_Tree@$$CBV?$basic_string@DU?$char_traits@D@std@@V?$allocator@D@2@@std@@U?$pair@$$CBV?$basic_string@DU?$char_traits@D@std@@V?$allocator@D@2@@std@@VNVComplexMeshVertexData@nv_objects@@@2@U_Kfn@?$map@$$CBV?$basic_string@DU?$char_traits@D@std@@V?$allocator@D@2@@std@@VNVComplexMeshVertexData@nv_objects@@U?$less@$$CBV?$basic_string@DU?$char_traits@D@std@@V?$allocator@D@2@@std@@@2@V?$allocator@VNVComplexMeshVertexData@nv_objects@@@2@@2@U?$less@$$CBV?$basic_string@DU?$char_traits@D@std@@V?$allocator@D@2@@std@@@2@V?$allocator@VNVComplexMeshVertexData@nv_objects@@@2@@std@@QAEXXZ 10012850 f i nvcomplexmesh.obj
 0001:000118a0       ?insert@?$vector@PAUIDirect3DIndexBuffer8@@V?$allocator@PAUIDirect3DIndexBuffer8@@@std@@@std@@QAEXPAPAUIDirect3DIndexBuffer8@@IABQAU3@@Z 100128a0 f i nvcomplexmesh.obj
 0001:00011ab0       ?erase@?$_Tree@KU?$pair@$$CBKK@std@@U_Kfn@?$map@KKU?$less@K@std@@V?$allocator@K@2@@2@U?$less@K@2@V?$allocator@K@2@@std@@QAE?AViterator@12@V312@@Z 10012ab0 f i nvcomplexmesh.obj
 0001:00011e80       ?_Erase@?$_Tree@KU?$pair@$$CBKK@std@@U_Kfn@?$map@KKU?$less@K@std@@V?$allocator@K@2@@2@U?$less@K@2@V?$allocator@K@2@@std@@IAEXPAU_Node@12@@Z 10012e80 f i nvcomplexmesh.obj
 0001:00011ec0       ?_Init@?$_Tree@KU?$pair@$$CBKK@std@@U_Kfn@?$map@KKU?$less@K@std@@V?$allocator@K@2@@2@U?$less@K@2@V?$allocator@K@2@@std@@IAEXXZ 10012ec0 f i nvcomplexmesh.obj
 0001:00011f60       ?_Insert@?$_Tree@KU?$pair@$$CBKK@std@@U_Kfn@?$map@KKU?$less@K@std@@V?$allocator@K@2@@2@U?$less@K@2@V?$allocator@K@2@@std@@IAE?AViterator@12@PAU_Node@12@0ABU?$pair@$$CBKK@2@@Z 10012f60 f i nvcomplexmesh.obj
 0001:000121d0       ??0?$pair@Viterator@?$_Tree@KU?$pair@$$CBKPAVNVBaseResource@nv_objects@@@std@@U_Kfn@?$map@KPAVNVBaseResource@nv_objects@@U?$less@K@std@@V?$allocator@PAVNVBaseResource@nv_objects@@@4@@2@U?$less@K@2@V?$allocator@PAVNVBaseResource@nv_objects@@@2@@std@@_N@std@@QAE@ABViterator@?$_Tree@KU?$pair@$$CBKPAVNVBaseResource@nv_objects@@@std@@U_Kfn@?$map@KPAVNVBaseResource@nv_objects@@U?$less@K@std@@V?$allocator@PAVNVBaseResource@nv_objects@@@4@@2@U?$less@K@2@V?$allocator@PAVNVBaseResource@nv_objects@@@2@@1@AB_N@Z 100131d0 f i nvcomplexmesh.obj
 0001:000121f0       ?_Insert@?$_Tree@KU?$pair@$$CBKPAVNVBaseResource@nv_objects@@@std@@U_Kfn@?$map@KPAVNVBaseResource@nv_objects@@U?$less@K@std@@V?$allocator@PAVNVBaseResource@nv_objects@@@4@@2@U?$less@K@2@V?$allocator@PAVNVBaseResource@nv_objects@@@2@@std@@IAE?AViterator@12@PAU_Node@12@0ABU?$pair@$$CBKPAVNVBaseResource@nv_objects@@@2@@Z 100131f0 f i nvcomplexmesh.obj
 0001:00012460       ?_Lrotate@?$_Tree@KKU_Kfn@?$set@KU?$less@K@std@@V?$allocator@K@2@@std@@U?$less@K@3@V?$allocator@K@3@@std@@IAEXPAU_Node@12@@Z 10013460 f i nvcomplexmesh.obj
 0001:000124c0       ?_Rrotate@?$_Tree@KKU_Kfn@?$set@KU?$less@K@std@@V?$allocator@K@2@@std@@U?$less@K@3@V?$allocator@K@3@@std@@IAEXPAU_Node@12@@Z 100134c0 f i nvcomplexmesh.obj
 0001:00012520       ?_Buynode@?$_Tree@KKU_Kfn@?$set@KU?$less@K@std@@V?$allocator@K@2@@std@@U?$less@K@3@V?$allocator@K@3@@std@@IAEPAU_Node@12@PAU312@W4_Redbl@12@@Z 10013520 f i nvcomplexmesh.obj
 0001:00012540       ?_Dec@const_iterator@?$_Tree@KKU_Kfn@?$set@KU?$less@K@std@@V?$allocator@K@2@@std@@U?$less@K@3@V?$allocator@K@3@@std@@QAEXXZ 10013540 f i nvcomplexmesh.obj
 0001:000125a0       ?_Lbound@?$_Tree@$$CBV?$basic_string@DU?$char_traits@D@std@@V?$allocator@D@2@@std@@U?$pair@$$CBV?$basic_string@DU?$char_traits@D@std@@V?$allocator@D@2@@std@@VNVConstant@nv_objects@@@2@U_Kfn@?$map@$$CBV?$basic_string@DU?$char_traits@D@std@@V?$allocator@D@2@@std@@VNVConstant@nv_objects@@U?$less@$$CBV?$basic_string@DU?$char_traits@D@std@@V?$allocator@D@2@@std@@@2@V?$allocator@VNVConstant@nv_objects@@@2@@2@U?$less@$$CBV?$basic_string@DU?$char_traits@D@std@@V?$allocator@D@2@@std@@@2@V?$allocator@VNVConstant@nv_objects@@@2@@std@@IBEPAU_Node@12@ABV?$basic_string@DU?$char_traits@D@std@@V?$allocator@D@2@@2@@Z 100135a0 f i nvcomplexmesh.obj
 0001:000125f0       ?_Dec@const_iterator@?$_Tree@$$CBV?$basic_string@DU?$char_traits@D@std@@V?$allocator@D@2@@std@@U?$pair@$$CBV?$basic_string@DU?$char_traits@D@std@@V?$allocator@D@2@@std@@VNVConstant@nv_objects@@@2@U_Kfn@?$map@$$CBV?$basic_string@DU?$char_traits@D@std@@V?$allocator@D@2@@std@@VNVConstant@nv_objects@@U?$less@$$CBV?$basic_string@DU?$char_traits@D@std@@V?$allocator@D@2@@std@@@2@V?$allocator@VNVConstant@nv_objects@@@2@@2@U?$less@$$CBV?$basic_string@DU?$char_traits@D@std@@V?$allocator@D@2@@std@@@2@V?$allocator@VNVConstant@nv_objects@@@2@@std@@QAEXXZ 100135f0 f i nvcomplexmesh.obj
 0001:00012650       ?_Lrotate@?$_Tree@W4_D3DRENDERSTATETYPE@@U?$pair@$$CBW4_D3DRENDERSTATETYPE@@VNVRenderState@nv_objects@@@std@@U_Kfn@?$map@W4_D3DRENDERSTATETYPE@@VNVRenderState@nv_objects@@U?$less@W4_D3DRENDERSTATETYPE@@@std@@V?$allocator@VNVRenderState@nv_objects@@@5@@3@U?$less@W4_D3DRENDERSTATETYPE@@@3@V?$allocator@VNVRenderState@nv_objects@@@3@@std@@IAEXPAU_Node@12@@Z 10013650 f i nvcomplexmesh.obj
 0001:000126b0       ?_Rrotate@?$_Tree@W4_D3DRENDERSTATETYPE@@U?$pair@$$CBW4_D3DRENDERSTATETYPE@@VNVRenderState@nv_objects@@@std@@U_Kfn@?$map@W4_D3DRENDERSTATETYPE@@VNVRenderState@nv_objects@@U?$less@W4_D3DRENDERSTATETYPE@@@std@@V?$allocator@VNVRenderState@nv_objects@@@5@@3@U?$less@W4_D3DRENDERSTATETYPE@@@3@V?$allocator@VNVRenderState@nv_objects@@@3@@std@@IAEXPAU_Node@12@@Z 100136b0 f i nvcomplexmesh.obj
 0001:00012710       ?_Lbound@?$_Tree@$$CBV?$basic_string@DU?$char_traits@D@std@@V?$allocator@D@2@@std@@U?$pair@$$CBV?$basic_string@DU?$char_traits@D@std@@V?$allocator@D@2@@std@@VNVComplexMeshVertexData@nv_objects@@@2@U_Kfn@?$map@$$CBV?$basic_string@DU?$char_traits@D@std@@V?$allocator@D@2@@std@@VNVComplexMeshVertexData@nv_objects@@U?$less@$$CBV?$basic_string@DU?$char_traits@D@std@@V?$allocator@D@2@@std@@@2@V?$allocator@VNVComplexMeshVertexData@nv_objects@@@2@@2@U?$less@$$CBV?$basic_string@DU?$char_traits@D@std@@V?$allocator@D@2@@std@@@2@V?$allocator@VNVComplexMeshVertexData@nv_objects@@@2@@std@@IBEPAU_Node@12@ABV?$basic_string@DU?$char_traits@D@std@@V?$allocator@D@2@@2@@Z 10013710 f i nvcomplexmesh.obj
 0001:00012760       ?_Lrotate@?$_Tree@$$CBV?$basic_string@DU?$char_traits@D@std@@V?$allocator@D@2@@std@@U?$pair@$$CBV?$basic_string@DU?$char_traits@D@std@@V?$allocator@D@2@@std@@VNVComplexMeshVertexData@nv_objects@@@2@U_Kfn@?$map@$$CBV?$basic_string@DU?$char_traits@D@std@@V?$allocator@D@2@@std@@VNVComplexMeshVertexData@nv_objects@@U?$less@$$CBV?$basic_string@DU?$char_traits@D@std@@V?$allocator@D@2@@std@@@2@V?$allocator@VNVComplexMeshVertexData@nv_objects@@@2@@2@U?$less@$$CBV?$basic_string@DU?$char_traits@D@std@@V?$allocator@D@2@@std@@@2@V?$allocator@VNVComplexMeshVertexData@nv_objects@@@2@@std@@IAEXPAU_Node@12@@Z 10013760 f i nvcomplexmesh.obj
 0001:000127c0       ?_Min@?$_Tree@$$CBV?$basic_string@DU?$char_traits@D@std@@V?$allocator@D@2@@std@@U?$pair@$$CBV?$basic_string@DU?$char_traits@D@std@@V?$allocator@D@2@@std@@VNVComplexMeshVertexData@nv_objects@@@2@U_Kfn@?$map@$$CBV?$basic_string@DU?$char_traits@D@std@@V?$allocator@D@2@@std@@VNVComplexMeshVertexData@nv_objects@@U?$less@$$CBV?$basic_string@DU?$char_traits@D@std@@V?$allocator@D@2@@std@@@2@V?$allocator@VNVComplexMeshVertexData@nv_objects@@@2@@2@U?$less@$$CBV?$basic_string@DU?$char_traits@D@std@@V?$allocator@D@2@@std@@@2@V?$allocator@VNVComplexMeshVertexData@nv_objects@@@2@@std@@KAPAU_Node@12@PAU312@@Z 100137c0 f i nvcomplexmesh.obj
 0001:000127e0       ?_Rrotate@?$_Tree@$$CBV?$basic_string@DU?$char_traits@D@std@@V?$allocator@D@2@@std@@U?$pair@$$CBV?$basic_string@DU?$char_traits@D@std@@V?$allocator@D@2@@std@@VNVComplexMeshVertexData@nv_objects@@@2@U_Kfn@?$map@$$CBV?$basic_string@DU?$char_traits@D@std@@V?$allocator@D@2@@std@@VNVComplexMeshVertexData@nv_objects@@U?$less@$$CBV?$basic_string@DU?$char_traits@D@std@@V?$allocator@D@2@@std@@@2@V?$allocator@VNVComplexMeshVertexData@nv_objects@@@2@@2@U?$less@$$CBV?$basic_string@DU?$char_traits@D@std@@V?$allocator@D@2@@std@@@2@V?$allocator@VNVComplexMeshVertexData@nv_objects@@@2@@std@@IAEXPAU_Node@12@@Z 100137e0 f i nvcomplexmesh.obj
 0001:00012840       ?_Buynode@?$_Tree@$$CBV?$basic_string@DU?$char_traits@D@std@@V?$allocator@D@2@@std@@U?$pair@$$CBV?$basic_string@DU?$char_traits@D@std@@V?$allocator@D@2@@std@@VNVComplexMeshVertexData@nv_objects@@@2@U_Kfn@?$map@$$CBV?$basic_string@DU?$char_traits@D@std@@V?$allocator@D@2@@std@@VNVComplexMeshVertexData@nv_objects@@U?$less@$$CBV?$basic_string@DU?$char_traits@D@std@@V?$allocator@D@2@@std@@@2@V?$allocator@VNVComplexMeshVertexData@nv_objects@@@2@@2@U?$less@$$CBV?$basic_string@DU?$char_traits@D@std@@V?$allocator@D@2@@std@@@2@V?$allocator@VNVComplexMeshVertexData@nv_objects@@@2@@std@@IAEPAU_Node@12@PAU312@W4_Redbl@12@@Z 10013840 f i nvcomplexmesh.obj
 0001:00012860       ?_Dec@const_iterator@?$_Tree@$$CBV?$basic_string@DU?$char_traits@D@std@@V?$allocator@D@2@@std@@U?$pair@$$CBV?$basic_string@DU?$char_traits@D@std@@V?$allocator@D@2@@std@@VNVComplexMeshVertexData@nv_objects@@@2@U_Kfn@?$map@$$CBV?$basic_string@DU?$char_traits@D@std@@V?$allocator@D@2@@std@@VNVComplexMeshVertexData@nv_objects@@U?$less@$$CBV?$basic_string@DU?$char_traits@D@std@@V?$allocator@D@2@@std@@@2@V?$allocator@VNVComplexMeshVertexData@nv_objects@@@2@@2@U?$less@$$CBV?$basic_string@DU?$char_traits@D@std@@V?$allocator@D@2@@std@@@2@V?$allocator@VNVComplexMeshVertexData@nv_objects@@@2@@std@@QAEXXZ 10013860 f i nvcomplexmesh.obj
 0001:000128c0       ?_Lrotate@?$_Tree@KU?$pair@$$CBKK@std@@U_Kfn@?$map@KKU?$less@K@std@@V?$allocator@K@2@@2@U?$less@K@2@V?$allocator@K@2@@std@@IAEXPAU_Node@12@@Z 100138c0 f i nvcomplexmesh.obj
 0001:00012920       ?_Rrotate@?$_Tree@KU?$pair@$$CBKK@std@@U_Kfn@?$map@KKU?$less@K@std@@V?$allocator@K@2@@2@U?$less@K@2@V?$allocator@K@2@@std@@IAEXPAU_Node@12@@Z 10013920 f i nvcomplexmesh.obj
 0001:00012980       ?_Buynode@?$_Tree@KU?$pair@$$CBKK@std@@U_Kfn@?$map@KKU?$less@K@std@@V?$allocator@K@2@@2@U?$less@K@2@V?$allocator@K@2@@std@@IAEPAU_Node@12@PAU312@W4_Redbl@12@@Z 10013980 f i nvcomplexmesh.obj
 0001:000129a0       ?_Dec@const_iterator@?$_Tree@KU?$pair@$$CBKK@std@@U_Kfn@?$map@KKU?$less@K@std@@V?$allocator@K@2@@2@U?$less@K@2@V?$allocator@K@2@@std@@QAEXXZ 100139a0 f i nvcomplexmesh.obj
 0001:00012a00       ?size@?$vector@PAVNVComplexMeshVertexData@nv_objects@@V?$allocator@PAVNVComplexMeshVertexData@nv_objects@@@std@@@std@@QBEIXZ 10013a00 f i nvcomplexmesh.obj
 0001:00012a20       ?_Ucopy@?$vector@PAVNVComplexMeshVertexData@nv_objects@@V?$allocator@PAVNVComplexMeshVertexData@nv_objects@@@std@@@std@@IAEPAPAVNVComplexMeshVertexData@nv_objects@@PBQAV34@0PAPAV34@@Z 10013a20 f i nvcomplexmesh.obj
 0001:00012a50       ?_Ufill@?$vector@PAVNVComplexMeshVertexData@nv_objects@@V?$allocator@PAVNVComplexMeshVertexData@nv_objects@@@std@@@std@@IAEXPAPAVNVComplexMeshVertexData@nv_objects@@IABQAV34@@Z 10013a50 f i nvcomplexmesh.obj
 0001:00012a80       ?_Dec@const_iterator@?$_Tree@KU?$pair@$$CBKPAVNVBaseResource@nv_objects@@@std@@U_Kfn@?$map@KPAVNVBaseResource@nv_objects@@U?$less@K@std@@V?$allocator@PAVNVBaseResource@nv_objects@@@4@@2@U?$less@K@2@V?$allocator@PAVNVBaseResource@nv_objects@@@2@@std@@QAEXXZ 10013a80 f i nvcomplexmesh.obj
 0001:00012ae0       ?_Inc@const_iterator@?$_Tree@KU?$pair@$$CBKK@std@@U_Kfn@?$map@KKU?$less@K@std@@V?$allocator@K@2@@2@U?$less@K@2@V?$allocator@K@2@@std@@QAEXXZ 10013ae0 f i nvcomplexmesh.obj
 0001:00012b30       ?copy@std@@YAPAUD3DXVECTOR3@@PAU2@00@Z 10013b30 f i nvcomplexmesh.obj
 0001:00012b70       ?copy@std@@YAPAPAVNVComplexMeshPass@nv_objects@@PAPAV23@00@Z 10013b70 f i nvcomplexmesh.obj
 0001:00012ba0       ?_Construct@std@@YAXPAUD3DXVECTOR3@@ABU2@@Z 10013ba0 f i nvcomplexmesh.obj
 0001:00012bc0       ?_Construct@std@@YAXPAU?$pair@$$CBV?$basic_string@DU?$char_traits@D@std@@V?$allocator@D@2@@std@@VNVConstant@nv_objects@@@1@ABU21@@Z 10013bc0 f i nvcomplexmesh.obj
 0001:00012d30       ??3@YAXPAX0@Z              10013d30 f i nvcomplexmesh.obj
 0001:00012d40       ?_Construct@std@@YAXPAPAVNVComplexMeshPass@nv_objects@@ABQAV23@@Z 10013d40 f i nvcomplexmesh.obj
 0001:00012d60       ?_Construct@std@@YAXPAU?$pair@$$CBV?$basic_string@DU?$char_traits@D@std@@V?$allocator@D@2@@std@@VNVComplexMeshVertexData@nv_objects@@@1@ABU21@@Z 10013d60 f i nvcomplexmesh.obj
 0001:00012ee0       ?_Construct@std@@YAXPAU?$pair@$$CBKK@1@ABU21@@Z 10013ee0 f i nvcomplexmesh.obj
 0001:00012f00       ?_Construct@std@@YAXPAU?$pair@$$CBKPAVNVBaseResource@nv_objects@@@1@ABU21@@Z 10013f00 f i nvcomplexmesh.obj
 0001:00012f20       ?_Construct@std@@YAXPAPAVNVComplexMeshVertexData@nv_objects@@ABQAV23@@Z 10013f20 f i nvcomplexmesh.obj
 0001:00012f40       ??_G?$pair@$$CBV?$basic_string@DU?$char_traits@D@std@@V?$allocator@D@2@@std@@VNVConstant@nv_objects@@@std@@QAEPAXI@Z 10013f40 f i nvcomplexmesh.obj
 0001:00012f60       ??_G?$pair@$$CBV?$basic_string@DU?$char_traits@D@std@@V?$allocator@D@2@@std@@VNVComplexMeshVertexData@nv_objects@@@std@@QAEPAXI@Z 10013f60 f i nvcomplexmesh.obj
 0001:00012f80       ?_Sort_0@std@@YAXPAPAVNVComplexMeshVertexData@nv_objects@@0VDataSorter@3@0@Z 10013f80 f i nvcomplexmesh.obj
 0001:000131e0       ??RDataSorter@nv_objects@@QBE_NPBVNVComplexMeshVertexData@1@0@Z 100141e0 f i nvcomplexmesh.obj
 0001:00013200       ?_Sort@std@@YAXPAPAVNVComplexMeshVertexData@nv_objects@@0VDataSorter@3@0@Z 10014200 f i nvcomplexmesh.obj
 0001:000132f0       ?_Unguarded_partition@std@@YAPAPAVNVComplexMeshVertexData@nv_objects@@PAPAV23@0PAV23@VDataSorter@3@@Z 100142f0 f i nvcomplexmesh.obj
 0001:00013330       ??0NVComplexMeshPass@nv_objects@@QAE@PAVNVComplexMesh@1@@Z 10014330 f   nvcomplexmeshpass.obj
 0001:00013370       ??_ENVComplexMeshPass@nv_objects@@UAEPAXI@Z 10014370 f i nvcomplexmeshpass.obj
 0001:00013370       ??_GNVComplexMeshPass@nv_objects@@UAEPAXI@Z 10014370 f i nvcomplexmeshpass.obj
 0001:00013390       ??0NVComplexMeshPass@nv_objects@@QAE@ABV01@@Z 10014390 f   nvcomplexmeshpass.obj
 0001:00013440       ??1NVComplexMeshPass@nv_objects@@UAE@XZ 10014440 f   nvcomplexmeshpass.obj
 0001:000134d0       ?Release@NVComplexMeshPass@nv_objects@@UAEXXZ 100144d0 f   nvcomplexmeshpass.obj
 0001:00013510       ?Render@NVComplexMeshPass@nv_objects@@UAE_NPAUIDirect3DDevice8@@@Z 10014510 f   nvcomplexmeshpass.obj
 0001:00013750       ?RenderSection@NVComplexMeshPass@nv_objects@@UAE_NPAUIDirect3DDevice8@@Vconst_iterator@?$list@VNVComplexMeshSection@nv_objects@@V?$allocator@VNVComplexMeshSection@nv_objects@@@std@@@std@@@Z 10014750 f   nvcomplexmeshpass.obj
 0001:00013a80       ??Econst_iterator@?$_Tree@W4_D3DTEXTURESTAGESTATETYPE@@U?$pair@$$CBW4_D3DTEXTURESTAGESTATETYPE@@VNVTextureStageState@nv_objects@@@std@@U_Kfn@?$map@W4_D3DTEXTURESTAGESTATETYPE@@VNVTextureStageState@nv_objects@@U?$less@W4_D3DTEXTURESTAGESTATETYPE@@@std@@V?$allocator@VNVTextureStageState@nv_objects@@@5@@3@U?$less@W4_D3DTEXTURESTAGESTATETYPE@@@3@V?$allocator@VNVTextureStageState@nv_objects@@@3@@std@@QAE?AV012@H@Z 10014a80 f i nvcomplexmeshpass.obj
 0001:00013ae0       ??Econst_iterator@?$_Tree@W4_D3DRENDERSTATETYPE@@U?$pair@$$CBW4_D3DRENDERSTATETYPE@@VNVRenderState@nv_objects@@@std@@U_Kfn@?$map@W4_D3DRENDERSTATETYPE@@VNVRenderState@nv_objects@@U?$less@W4_D3DRENDERSTATETYPE@@@std@@V?$allocator@VNVRenderState@nv_objects@@@5@@3@U?$less@W4_D3DRENDERSTATETYPE@@@3@V?$allocator@VNVRenderState@nv_objects@@@3@@std@@QAE?AV012@H@Z 10014ae0 f i nvcomplexmeshpass.obj
 0001:00013b40       ??1?$list@VNVComplexMeshSection@nv_objects@@V?$allocator@VNVComplexMeshSection@nv_objects@@@std@@@std@@QAE@XZ 10014b40 f i nvcomplexmeshpass.obj
 0001:00013b90       ??0NVStateID@nv_objects@@QAE@W4eStateType@1@KK@Z 10014b90 f i nvcomplexmeshpass.obj
 0001:00013bb0       ?FlushState@NVStateManager@nv_objects@@QAEXXZ 10014bb0 f i nvcomplexmeshpass.obj
 0001:000140b0       ?insert@?$vector@VNVStateID@nv_objects@@V?$allocator@VNVStateID@nv_objects@@@std@@@std@@QAEPAVNVStateID@nv_objects@@PAV34@ABV34@@Z 100150b0 f i nvcomplexmeshpass.obj
 0001:000142d0       ?_Destroy@?$vector@VNVStateID@nv_objects@@V?$allocator@VNVStateID@nv_objects@@@std@@@std@@IAEXPAVNVStateID@nv_objects@@0@Z 100152d0 f i nvcomplexmeshpass.obj
 0001:000142e0       ?GetTexture@NVTextureResource@nv_objects@@SAPAUIDirect3DBaseTexture8@@K@Z 100152e0 f i nvcomplexmeshpass.obj
 0001:00014360       ?RestoreMaterial@NVMaterialResource@nv_objects@@QAE_NXZ 10015360 f i nvcomplexmeshpass.obj
 0001:00014490       ?GetSections@NVComplexMeshPass@nv_objects@@UAEAAV?$list@VNVComplexMeshSection@nv_objects@@V?$allocator@VNVComplexMeshSection@nv_objects@@@std@@@std@@XZ 10015490 f i nvcomplexmeshpass.obj
 0001:000144a0       ?size@?$vector@VNVStateID@nv_objects@@V?$allocator@VNVStateID@nv_objects@@@std@@@std@@QBEIXZ 100154a0 f i nvcomplexmeshpass.obj
 0001:000144c0       ?_Ucopy@?$vector@VNVStateID@nv_objects@@V?$allocator@VNVStateID@nv_objects@@@std@@@std@@IAEPAVNVStateID@nv_objects@@PBV34@0PAV34@@Z 100154c0 f i nvcomplexmeshpass.obj
 0001:00014510       ?_Ufill@?$vector@VNVStateID@nv_objects@@V?$allocator@VNVStateID@nv_objects@@@std@@@std@@IAEXPAVNVStateID@nv_objects@@IABV34@@Z 10015510 f i nvcomplexmeshpass.obj
 0001:00014550       ?_Construct@std@@YAXPAVNVStateID@nv_objects@@ABV23@@Z 10015550 f i nvcomplexmeshpass.obj
 0001:000146c0       _DllMain@12                100156c0 f   shader_LinkerDemo.obj
 0001:00014860       _GetNumEffects             10015860 f   shader_LinkerDemo.obj
 0001:00014870       _CreateEffect              10015870 f   shader_LinkerDemo.obj
 0001:000148d0       ??0CShaderLinkerDemo@@QAE@XZ 100158d0 f   shader_LinkerDemo.obj
 0001:00014de0       ??_ECShaderLinkerDemo@@UAEPAXI@Z 10015de0 f i shader_LinkerDemo.obj
 0001:00014de0       ??_GCShaderLinkerDemo@@UAEPAXI@Z 10015de0 f i shader_LinkerDemo.obj
 0001:00014e00       ??_F?$map@VCLinkerConstantSlot@@KU?$less@VCLinkerConstantSlot@@@std@@V?$allocator@K@3@@std@@QAEXXZ 10015e00 f i shader_LinkerDemo.obj
[...]
 0001:00002810       _$E33                      10003810 f   lightobjects.obj
 0001:00002820       _$E30                      10003820 f   lightobjects.obj
 0001:00002830       _$E32                      10003830 f   lightobjects.obj
 0001:00002840       _$E31                      10003840 f   lightobjects.obj
 0001:00000a40       _$E27                      10001a40 f   eb_property.obj
 0001:00000a50       _$E24                      10001a50 f   eb_property.obj
 0001:00000a60       _$E26                      10001a60 f   eb_property.obj
 0001:00000a70       _$E25                      10001a70 f   eb_property.obj
 0001:00000a80       _$E33                      10001a80 f   eb_property.obj
 0001:00000a90       _$E30                      10001a90 f   eb_property.obj
 0001:00000aa0       _$E32                      10001aa0 f   eb_property.obj
 0001:00000ab0       _$E31                      10001ab0 f   eb_property.obj
 0001:0006bee2       ?huft_build@D3DX@@YAHPAIIIPBI1PAPAUinflate_huft_s@1@0PAU21@00@Z 1006cee2 f   d3dx8:inftrees.obj
 0001:000699e3       ?select_ncolors@D3DX@@YAHPAUjpeg_decompress_struct@1@QAH@Z 1006a9e3 f   d3dx8:jquant1.obj
 0001:00069aae       ?output_value@D3DX@@YAHPAUjpeg_decompress_struct@1@HHH@Z 1006aaae f   d3dx8:jquant1.obj
 0001:00069ac7       ?largest_input_value@D3DX@@YAHPAUjpeg_decompress_struct@1@HHH@Z 1006aac7 f   d3dx8:jquant1.obj
 0001:00069ada       ?create_colormap@D3DX@@YAXPAUjpeg_decompress_struct@1@@Z 1006aada f   d3dx8:jquant1.obj
 0001:00069bf7       ?create_colorindex@D3DX@@YAXPAUjpeg_decompress_struct@1@@Z 1006abf7 f   d3dx8:jquant1.obj
 0001:00069d18       ?make_odither_array@D3DX@@YAPAY0BA@HPAUjpeg_decompress_struct@1@H@Z 1006ad18 f   d3dx8:jquant1.obj
 0001:00069d7a       ?create_odither_tables@D3DX@@YAXPAUjpeg_decompress_struct@1@@Z 1006ad7a f   d3dx8:jquant1.obj
 0001:00069dd3       ?color_quantize@D3DX@@YAXPAUjpeg_decompress_struct@1@PAPAE1H@Z 1006add3 f   d3dx8:jquant1.obj
 0001:00069e5b       ?color_quantize3@D3DX@@YAXPAUjpeg_decompress_struct@1@PAPAE1H@Z 1006ae5b f   d3dx8:jquant1.obj
 0001:00069ee8       ?quantize_ord_dither@D3DX@@YAXPAUjpeg_decompress_struct@1@PAPAE1H@Z 1006aee8 f   d3dx8:jquant1.obj
 0001:00069fd3       ?quantize3_ord_dither@D3DX@@YAXPAUjpeg_decompress_struct@1@PAPAE1H@Z 1006afd3 f   d3dx8:jquant1.obj
 0001:0006a0d2       ?quantize_fs_dither@D3DX@@YAXPAUjpeg_decompress_struct@1@PAPAE1H@Z 1006b0d2 f   d3dx8:jquant1.obj
 0001:0006a256       ?alloc_fs_workspace@D3DX@@YAXPAUjpeg_decompress_struct@1@@Z 1006b256 f   d3dx8:jquant1.obj
 0001:0006a28c       ?start_pass_1_quant@D3DX@@YAXPAUjpeg_decompress_struct@1@E@Z 1006b28c f   d3dx8:jquant1.obj
 0001:0006a354       ?finish_pass_1_quant@D3DX@@YAXPAUjpeg_decompress_struct@1@@Z 1006b354 f   d3dx8:jquant1.obj
 0001:0006a355       ?new_color_map_1_quant@D3DX@@YAXPAUjpeg_decompress_struct@1@@Z 1006b355 f   d3dx8:jquant1.obj
 0001:000689bc       ?prescan_quantize@D3DX@@YAXPAUjpeg_decompress_struct@1@PAPAE1H@Z 100699bc f   d3dx8:jquant2.obj
 0001:00068a28       ?find_biggest_color_pop@D3DX@@YAPAUbox@1@PAU21@H@Z 10069a28 f   d3dx8:jquant2.obj
 0001:00068a51       ?find_biggest_volume@D3DX@@YAPAUbox@1@PAU21@H@Z 10069a51 f   d3dx8:jquant2.obj
 0001:00068a74       ?update_box@D3DX@@YAXPAUjpeg_decompress_struct@1@PAUbox@1@@Z 10069a74 f   d3dx8:jquant2.obj
 0001:00068dac       ?median_cut@D3DX@@YAHPAUjpeg_decompress_struct@1@PAUbox@1@HH@Z 10069dac f   d3dx8:jquant2.obj
 0001:00068ec6       ?compute_color@D3DX@@YAXPAUjpeg_decompress_struct@1@PAUbox@1@H@Z 10069ec6 f   d3dx8:jquant2.obj
 0001:00068ffe       ?select_colors@D3DX@@YAXPAUjpeg_decompress_struct@1@H@Z 10069ffe f   d3dx8:jquant2.obj
 0001:0006908b       ?find_nearby_colors@D3DX@@YAHPAUjpeg_decompress_struct@1@HHHQAE@Z 1006a08b f   d3dx8:jquant2.obj
 0001:0006920b       ?find_best_colors@D3DX@@YAXPAUjpeg_decompress_struct@1@HHHHQAE1@Z 1006a20b f   d3dx8:jquant2.obj
 0001:00069325       ?fill_inverse_cmap@D3DX@@YAXPAUjpeg_decompress_struct@1@HHH@Z 1006a325 f   d3dx8:jquant2.obj
 0001:000693f5       ?pass2_no_dither@D3DX@@YAXPAUjpeg_decompress_struct@1@PAPAE1H@Z 1006a3f5 f   d3dx8:jquant2.obj
 0001:0006949e       ?pass2_fs_dither@D3DX@@YAXPAUjpeg_decompress_struct@1@PAPAE1H@Z 1006a49e f   d3dx8:jquant2.obj
 0001:0006970c       ?init_error_limit@D3DX@@YAXPAUjpeg_decompress_struct@1@@Z 1006a70c f   d3dx8:jquant2.obj
 0001:0006979c       ?finish_pass1@D3DX@@YAXPAUjpeg_decompress_struct@1@@Z 1006a79c f   d3dx8:jquant2.obj
 0001:000697be       ?finish_pass2@D3DX@@YAXPAUjpeg_decompress_struct@1@@Z 1006a7be f   d3dx8:jquant2.obj
 0001:000697bf       ?start_pass_2_quant@D3DX@@YAXPAUjpeg_decompress_struct@1@E@Z 1006a7bf f   d3dx8:jquant2.obj
 0001:000698c1       ?new_color_map_2_quant@D3DX@@YAXPAUjpeg_decompress_struct@1@@Z 1006a8c1 f   d3dx8:jquant2.obj
 0001:0006846f       ?build_ycc_rgb_table@D3DX@@YAXPAUjpeg_decompress_struct@1@@Z 1006946f f   d3dx8:jdmerge.obj
 0001:0006851f       ?start_pass_merged_upsample@D3DX@@YAXPAUjpeg_decompress_struct@1@@Z 1006951f f   d3dx8:jdmerge.obj
 0001:00068534       ?merged_2v_upsample@D3DX@@YAXPAUjpeg_decompress_struct@1@PAPAPAEPAIIPAPAE2I@Z 10069534 f   d3dx8:jdmerge.obj
 0001:000685da       ?merged_1v_upsample@D3DX@@YAXPAUjpeg_decompress_struct@1@PAPAPAEPAIIPAPAE2I@Z 100695da f   d3dx8:jdmerge.obj
 0001:0006860b       ?h2v1_merged_upsample@D3DX@@YAXPAUjpeg_decompress_struct@1@PAPAPAEIPAPAE@Z 1006960b f   d3dx8:jdmerge.obj
 0001:00068761       ?h2v2_merged_upsample@D3DX@@YAXPAUjpeg_decompress_struct@1@PAPAPAEIPAPAE@Z 10069761 f   d3dx8:jdmerge.obj
 0001:00067b0d       ?build_ycc_rgb_table@D3DX@@YAXPAUjpeg_decompress_struct@1@@Z 10068b0d f   d3dx8:jdcolor.obj
 0001:00067bbd       ?null_convert@D3DX@@YAXPAUjpeg_decompress_struct@1@PAPAPAEIPAPAEH@Z 10068bbd f   d3dx8:jdcolor.obj
 0001:00067c27       ?grayscale_convert@D3DX@@YAXPAUjpeg_decompress_struct@1@PAPAPAEIPAPAEH@Z 10068c27 f   d3dx8:jdcolor.obj
 0001:00067c4a       ?ycck_cmyk_convert@D3DX@@YAXPAUjpeg_decompress_struct@1@PAPAPAEIPAPAEH@Z 10068c4a f   d3dx8:jdcolor.obj
 0001:00067d7c       ?start_pass_dcolor@D3DX@@YAXPAUjpeg_decompress_struct@1@@Z 10068d7c f   d3dx8:jdcolor.obj
 0001:00068130       ?ycc_rgb_convert@D3DX@@YAXPAUjpeg_decompress_struct@1@PAPAPAEIPAPAEH@Z 10069130 f   d3dx8:jdcolor.obj
 0001:0006750f       ?start_pass_upsample@D3DX@@YAXPAUjpeg_decompress_struct@1@@Z 1006850f f   d3dx8:jdsample.obj
 0001:00067529       ?sep_upsample@D3DX@@YAXPAUjpeg_decompress_struct@1@PAPAPAEPAIIPAPAE2I@Z 10068529 f   d3dx8:jdsample.obj
 0001:000675ef       ?fullsize_upsample@D3DX@@YAXPAUjpeg_decompress_struct@1@PAUjpeg_component_info@1@PAPAEPAPAPAE@Z 100685ef f   d3dx8:jdsample.obj
 0001:000675fa       ?noop_upsample@D3DX@@YAXPAUjpeg_decompress_struct@1@PAUjpeg_component_info@1@PAPAEPAPAPAE@Z 100685fa f   d3dx8:jdsample.obj
 0001:00067602       ?int_upsample@D3DX@@YAXPAUjpeg_decompress_struct@1@PAUjpeg_component_info@1@PAPAEPAPAPAE@Z 10068602 f   d3dx8:jdsample.obj
 0001:000676e1       ?h2v1_upsample@D3DX@@YAXPAUjpeg_decompress_struct@1@PAUjpeg_component_info@1@PAPAEPAPAPAE@Z 100686e1 f   d3dx8:jdsample.obj
 0001:00067738       ?h2v2_upsample@D3DX@@YAXPAUjpeg_decompress_struct@1@PAUjpeg_component_info@1@PAPAEPAPAPAE@Z 10068738 f   d3dx8:jdsample.obj
 0001:000677a2       ?h2v1_fancy_upsample@D3DX@@YAXPAUjpeg_decompress_struct@1@PAUjpeg_component_info@1@PAPAEPAPAPAE@Z 100687a2 f   d3dx8:jdsample.obj
 0001:00067845       ?h2v2_fancy_upsample@D3DX@@YAXPAUjpeg_decompress_struct@1@PAUjpeg_component_info@1@PAPAEPAPAPAE@Z 10068845 f   d3dx8:jdsample.obj
 0001:00067265       ?post_process_1pass@D3DX@@YAXPAUjpeg_decompress_struct@1@PAPAPAEPAIIPAPAE2I@Z 10068265 f   d3dx8:jdpostct.obj
 0001:000672ca       ?post_process_prepass@D3DX@@YAXPAUjpeg_decompress_struct@1@PAPAPAEPAIIPAPAE2I@Z 100682ca f   d3dx8:jdpostct.obj
 0001:0006735a       ?post_process_2pass@D3DX@@YAXPAUjpeg_decompress_struct@1@PAPAPAEPAIIPAPAE2I@Z 1006835a f   d3dx8:jdpostct.obj
 0001:000673e6       ?start_pass_dpost@D3DX@@YAXPAUjpeg_decompress_struct@1@W4J_BUF_MODE@1@@Z 100683e6 f   d3dx8:jdpostct.obj
 0001:0006703a       ?start_pass@D3DX@@YAXPAUjpeg_decompress_struct@1@@Z 1006803a f   d3dx8:jddctmgr.obj
 0001:00066461       ?process_restart@D3DX@@YAEPAUjpeg_decompress_struct@1@@Z 10067461 f   d3dx8:jdphuff.obj
 0001:000664bc       ?decode_mcu_DC_first@D3DX@@YAEPAUjpeg_decompress_struct@1@PAPAY0EA@F@Z 100674bc f   d3dx8:jdphuff.obj
 0001:000666b9       ?decode_mcu_AC_first@D3DX@@YAEPAUjpeg_decompress_struct@1@PAPAY0EA@F@Z 100676b9 f   d3dx8:jdphuff.obj
 0001:000668e6       ?decode_mcu_DC_refine@D3DX@@YAEPAUjpeg_decompress_struct@1@PAPAY0EA@F@Z 100678e6 f   d3dx8:jdphuff.obj
 0001:000669c8       ?decode_mcu_AC_refine@D3DX@@YAEPAUjpeg_decompress_struct@1@PAPAY0EA@F@Z 100679c8 f   d3dx8:jdphuff.obj
 0001:00066d36       ?start_pass_phuff_decoder@D3DX@@YAXPAUjpeg_decompress_struct@1@@Z 10067d36 f   d3dx8:jdphuff.obj
 0001:00065ecd       ?process_restart@D3DX@@YAEPAUjpeg_decompress_struct@1@@Z 10066ecd f   d3dx8:jdhuff.obj
 0001:00065f2b       ?decode_mcu@D3DX@@YAEPAUjpeg_decompress_struct@1@PAPAY0EA@F@Z 10066f2b f   d3dx8:jdhuff.obj
 0001:000662f8       ?start_pass_huff_decoder@D3DX@@YAXPAUjpeg_decompress_struct@1@@Z 100672f8 f   d3dx8:jdhuff.obj
 0001:00064efb       ?start_iMCU_row@D3DX@@YAXPAUjpeg_decompress_struct@1@@Z 10065efb f   d3dx8:jdcoefct.obj
 0001:00064f3a       ?start_input_pass@D3DX@@YAXPAUjpeg_decompress_struct@1@@Z 10065f3a f   d3dx8:jdcoefct.obj
 0001:00064f4a       ?decompress_onepass@D3DX@@YAHPAUjpeg_decompress_struct@1@PAPAPAE@Z 10065f4a f   d3dx8:jdcoefct.obj
 0001:00065124       ?dummy_consume_data@D3DX@@YAHPAUjpeg_decompress_struct@1@@Z 10066124 f   d3dx8:jdcoefct.obj
 0001:00065127       ?consume_data@D3DX@@YAHPAUjpeg_decompress_struct@1@@Z 10066127 f   d3dx8:jdcoefct.obj
 0001:000652c6       ?decompress_data@D3DX@@YAHPAUjpeg_decompress_struct@1@PAPAPAE@Z 100662c6 f   d3dx8:jdcoefct.obj
 0001:0006542c       ?smoothing_ok@D3DX@@YAEPAUjpeg_decompress_struct@1@@Z 1006642c f   d3dx8:jdcoefct.obj
 0001:0006550f       ?decompress_smooth_data@D3DX@@YAHPAUjpeg_decompress_struct@1@PAPAPAE@Z 1006650f f   d3dx8:jdcoefct.obj
 0001:00065a27       ?start_output_pass@D3DX@@YAXPAUjpeg_decompress_struct@1@@Z 10066a27 f   d3dx8:jdcoefct.obj
 0001:000648ea       ?alloc_funny_pointers@D3DX@@YAXPAUjpeg_decompress_struct@1@@Z 100658ea f   d3dx8:jdmainct.obj
 0001:00064992       ?make_funny_pointers@D3DX@@YAXPAUjpeg_decompress_struct@1@@Z 10065992 f   d3dx8:jdmainct.obj
 0001:00064ac3       ?set_wraparound_pointers@D3DX@@YAXPAUjpeg_decompress_struct@1@@Z 10065ac3 f   d3dx8:jdmainct.obj
 0001:00064b97       ?set_bottom_pointers@D3DX@@YAXPAUjpeg_decompress_struct@1@@Z 10065b97 f   d3dx8:jdmainct.obj
 0001:00064c2d       ?process_data_simple_main@D3DX@@YAXPAUjpeg_decompress_struct@1@PAPAEPAII@Z 10065c2d f   d3dx8:jdmainct.obj
 0001:00064c95       ?process_data_context_main@D3DX@@YAXPAUjpeg_decompress_struct@1@PAPAEPAII@Z 10065c95 f   d3dx8:jdmainct.obj
 0001:00064d9d       ?process_data_crank_post@D3DX@@YAXPAUjpeg_decompress_struct@1@PAPAEPAII@Z 10065d9d f   d3dx8:jdmainct.obj
 0001:00064dc0       ?start_pass_main@D3DX@@YAXPAUjpeg_decompress_struct@1@W4J_BUF_MODE@1@@Z 10065dc0 f   d3dx8:jdmainct.obj
 0001:00062725       ?use_merged_upsample@D3DX@@YAEPAUjpeg_decompress_struct@1@@Z 10063725 f   d3dx8:jdmaster.obj
 0001:00062985       ?prepare_range_limit_table@D3DX@@YAXPAUjpeg_decompress_struct@1@@Z 10063985 f   d3dx8:jdmaster.obj
 0001:000629f4       ?master_selection@D3DX@@YAXPAUjpeg_decompress_struct@1@@Z 100639f4 f   d3dx8:jdmaster.obj
 0001:00062ba1       ?prepare_for_output_pass@D3DX@@YAXPAUjpeg_decompress_struct@1@@Z 10063ba1 f   d3dx8:jdmaster.obj
 0001:00062cce       ?finish_output_pass@D3DX@@YAXPAUjpeg_decompress_struct@1@@Z 10063cce f   d3dx8:jdmaster.obj
 0001:00061c87       ?out_of_memory@D3DX@@YAXPAUjpeg_common_struct@1@H@Z 10062c87 f   d3dx8:jmemmgr.obj
 0001:00061c9c       ?alloc_small@D3DX@@YAPAXPAUjpeg_common_struct@1@HI@Z 10062c9c f   d3dx8:jmemmgr.obj
 0001:00061d98       ?alloc_large@D3DX@@YAPAXPAUjpeg_common_struct@1@HI@Z 10062d98 f   d3dx8:jmemmgr.obj
 0001:00061e26       ?alloc_sarray@D3DX@@YAPAPAEPAUjpeg_common_struct@1@HII@Z 10062e26 f   d3dx8:jmemmgr.obj
 0001:00061eb8       ?alloc_barray@D3DX@@YAPAPAY0EA@FPAUjpeg_common_struct@1@HII@Z 10062eb8 f   d3dx8:jmemmgr.obj
 0001:00061f56       ?request_virt_sarray@D3DX@@YAPAUjvirt_sarray_control@1@PAUjpeg_common_struct@1@HEIII@Z 10062f56 f   d3dx8:jmemmgr.obj
 0001:00061fb7       ?request_virt_barray@D3DX@@YAPAUjvirt_barray_control@1@PAUjpeg_common_struct@1@HEIII@Z 10062fb7 f   d3dx8:jmemmgr.obj
 0001:00062018       ?realize_virt_arrays@D3DX@@YAXPAUjpeg_common_struct@1@@Z 10063018 f   d3dx8:jmemmgr.obj
 0001:00062197       ?do_sarray_io@D3DX@@YAXPAUjpeg_common_struct@1@PAUjvirt_sarray_control@1@E@Z 10063197 f   d3dx8:jmemmgr.obj
 0001:0006221f       ?do_barray_io@D3DX@@YAXPAUjpeg_common_struct@1@PAUjvirt_barray_control@1@E@Z 1006321f f   d3dx8:jmemmgr.obj
 0001:000622aa       ?access_virt_sarray@D3DX@@YAPAPAEPAUjpeg_common_struct@1@PAUjvirt_sarray_control@1@IIE@Z 100632aa f   d3dx8:jmemmgr.obj
 0001:000623c8       ?access_virt_barray@D3DX@@YAPAPAY0EA@FPAUjpeg_common_struct@1@PAUjvirt_barray_control@1@IIE@Z 100633c8 f   d3dx8:jmemmgr.obj
 0001:000624eb       ?free_pool@D3DX@@YAXPAUjpeg_common_struct@1@H@Z 100634eb f   d3dx8:jmemmgr.obj
 0001:000625cc       ?self_destruct@D3DX@@YAXPAUjpeg_common_struct@1@@Z 100635cc f   d3dx8:jmemmgr.obj
 0001:0006176e       ?initial_setup@D3DX@@YAXPAUjpeg_decompress_struct@1@@Z 1006276e f   d3dx8:jdinput.obj
 0001:00061929       ?per_scan_setup@D3DX@@YAXPAUjpeg_decompress_struct@1@@Z 10062929 f   d3dx8:jdinput.obj
 0001:00061a9f       ?latch_quant_tables@D3DX@@YAXPAUjpeg_decompress_struct@1@@Z 10062a9f f   d3dx8:jdinput.obj
 0001:00061b31       ?start_input_pass@D3DX@@YAXPAUjpeg_decompress_struct@1@@Z 10062b31 f   d3dx8:jdinput.obj
 0001:00061b6b       ?consume_markers@D3DX@@YAHPAUjpeg_decompress_struct@1@@Z 10062b6b f   d3dx8:jdinput.obj
 0001:00061bfe       ?reset_input_controller@D3DX@@YAXPAUjpeg_decompress_struct@1@@Z 10062bfe f   d3dx8:jdinput.obj
 0001:00061c35       ?finish_input_pass@D3DX@@YAXPAUjpeg_decompress_struct@1@@Z 10062c35 f   d3dx8:jdinput.obj
 0001:00060a41       ?ColorToFcolor@@YAXPAUS3TC_COLOR@@PAUFCOLOR@@@Z 10061a41 f   d3dx8:s3tc.obj
 0001:00060a73       ?FcolorToColor@@YAXPAUFCOLOR@@PAUS3TC_COLOR@@@Z 10061a73 f   d3dx8:s3tc.obj
 0001:00060aa8       ?ColorToRGB@@YAXPAUS3TC_COLOR@@PAG@Z 10061aa8 f   d3dx8:s3tc.obj
 0001:00060ad8       ?RGBToColor@@YAXPAGPAUS3TC_COLOR@@@Z 10061ad8 f   d3dx8:s3tc.obj
 0001:00060b25       ?Square3x3@@YAXQAY02M0@Z   10061b25 f   d3dx8:s3tc.obj
 0001:00060bc4       ?Quantize@@YAXPAUFCOLOR@@0PAUS3TCBlockRGB@@H@Z 10061bc4 f   d3dx8:s3tc.obj
 0001:00060c4f       ?ClipExtrema@@YAXPAUFCOLOR@@0@Z 10061c4f f   d3dx8:s3tc.obj
 0001:00060d81       ?AllSame@@YAXPAUS3TC_COLOR@@PAUS3TCBlockRGB@@G@Z 10061d81 f   d3dx8:s3tc.obj
 0001:0005d9be       ?png_format_buffer@D3DX@@YAXPAUpng_struct_def@1@PADPBD@Z 1005e9be f   d3dx8:pngerror.obj
 0001:0005da45       ?png_default_error@D3DX@@YAXPAUpng_struct_def@1@PBD@Z 1005ea45 f   d3dx8:pngerror.obj
 0001:0005da50       ?png_default_warning@D3DX@@YAXPAUpng_struct_def@1@PBD@Z 1005ea50 f   d3dx8:pngerror.obj
 0001:0005d861       ?error_exit@D3DX@@YAXPAUjpeg_common_struct@1@@Z 1005e861 f   d3dx8:jerror.obj
 0001:0005d87c       ?output_message@D3DX@@YAXPAUjpeg_common_struct@1@@Z 1005e87c f   d3dx8:jerror.obj
 0001:0005d899       ?emit_message@D3DX@@YAXPAUjpeg_common_struct@1@H@Z 1005e899 f   d3dx8:jerror.obj
 0001:0005d8ca       ?format_message@D3DX@@YAXPAUjpeg_common_struct@1@PAD@Z 1005e8ca f   d3dx8:jerror.obj
 0001:0005d961       ?reset_error_mgr@D3DX@@YAXPAUjpeg_common_struct@1@@Z 1005e961 f   d3dx8:jerror.obj
 0001:0005c112       ?get_soi@D3DX@@YAEPAUjpeg_decompress_struct@1@@Z 1005d112 f   d3dx8:jdmarker.obj
 0001:0005c1a0       ?get_sof@D3DX@@YAEPAUjpeg_decompress_struct@1@EE@Z 1005d1a0 f   d3dx8:jdmarker.obj
 0001:0005c49b       ?get_sos@D3DX@@YAEPAUjpeg_decompress_struct@1@@Z 1005d49b f   d3dx8:jdmarker.obj
 0001:0005c784       ?get_app0@D3DX@@YAEPAUjpeg_decompress_struct@1@@Z 1005d784 f   d3dx8:jdmarker.obj
 0001:0005c9c0       ?get_app14@D3DX@@YAEPAUjpeg_decompress_struct@1@@Z 1005d9c0 f   d3dx8:jdmarker.obj
 0001:0005cb3a       ?get_dac@D3DX@@YAEPAUjpeg_decompress_struct@1@@Z 1005db3a f   d3dx8:jdmarker.obj
 0001:0005cc91       ?get_dht@D3DX@@YAEPAUjpeg_decompress_struct@1@@Z 1005dc91 f   d3dx8:jdmarker.obj
 0001:0005cf25       ?get_dqt@D3DX@@YAEPAUjpeg_decompress_struct@1@@Z 1005df25 f   d3dx8:jdmarker.obj
 0001:0005d16f       ?get_dri@D3DX@@YAEPAUjpeg_decompress_struct@1@@Z 1005e16f f   d3dx8:jdmarker.obj
 0001:0005d24e       ?skip_variable@D3DX@@YAEPAUjpeg_decompress_struct@1@@Z 1005e24e f   d3dx8:jdmarker.obj
 0001:0005d2ea       ?next_marker@D3DX@@YAEPAUjpeg_decompress_struct@1@@Z 1005e2ea f   d3dx8:jdmarker.obj
 0001:0005d3c1       ?first_marker@D3DX@@YAEPAUjpeg_decompress_struct@1@@Z 1005e3c1 f   d3dx8:jdmarker.obj
 0001:0005d459       ?read_markers@D3DX@@YAHPAUjpeg_decompress_struct@1@@Z 1005e459 f   d3dx8:jdmarker.obj
 0001:0005d64d       ?read_restart_marker@D3DX@@YAEPAUjpeg_decompress_struct@1@@Z 1005e64d f   d3dx8:jdmarker.obj
 0001:0005d7ba       ?reset_marker_reader@D3DX@@YAXPAUjpeg_decompress_struct@1@@Z 1005e7ba f   d3dx8:jdmarker.obj
 0001:0005bdb3       ?output_pass_setup@D3DX@@YAEPAUjpeg_decompress_struct@1@@Z 1005cdb3 f   d3dx8:jdapistd.obj
 0001:0005ba26       ?default_decompress_parms@D3DX@@YAXPAUjpeg_decompress_struct@1@@Z 1005ca26 f   d3dx8:jdapimin.obj
 0001:00057e9e       ?F2IBegin@@YAXXZ           10058e9e f   d3dx8:cd3dxcodec.obj
 0001:00057ec1       ?F2I@@YAHM@Z               10058ec1 f   d3dx8:cd3dxcodec.obj
 0001:00057ed0       ?F2IEnd@@YAXXZ             10058ed0 f   d3dx8:cd3dxcodec.obj
 0001:00055b86       ?d3dx_jpeg_error_exit@@YAXPAUjpeg_common_struct@D3DX@@@Z 10056b86 f   d3dx8:cd3dximage.obj
 0001:00055ba2       ?d3dx_jpeg_ignore_message@@YAXPAUjpeg_common_struct@D3DX@@@Z 10056ba2 f   d3dx8:cd3dximage.obj
 0001:00055ba3       ?d3dx_jpeg_output_message@@YAXPAUjpeg_common_struct@D3DX@@@Z 10056ba3 f   d3dx8:cd3dximage.obj
 0001:00055bc0       ?d3dx_jpeg_init_source@@YAXPAUjpeg_decompress_struct@D3DX@@@Z 10056bc0 f   d3dx8:cd3dximage.obj
 0001:00055bc1       ?d3dx_jpeg_fill_input_buffer@@YAEPAUjpeg_decompress_struct@D3DX@@@Z 10056bc1 f   d3dx8:cd3dximage.obj
 0001:00055bd6       ?d3dx_jpeg_skip_input_data@@YAXPAUjpeg_decompress_struct@D3DX@@J@Z 10056bd6 f   d3dx8:cd3dximage.obj
 0001:00055be7       ?d3dx_jpeg_term_source@@YAXPAUjpeg_decompress_struct@D3DX@@@Z 10056be7 f   d3dx8:cd3dximage.obj
 0001:00056537       ?d3dx_png_read_fn@@YAXPAUpng_struct_def@D3DX@@PAEI@Z 10057537 f   d3dx8:cd3dximage.obj
 0001:0005657a       ?d3dx_png_error_fn@@YAXPAUpng_struct_def@D3DX@@PBD@Z 1005757a f   d3dx8:cd3dximage.obj
 0001:00056585       ?d3dx_png_warning_fn@@YAXPAUpng_struct_def@D3DX@@PBD@Z 10057585 f   d3dx8:cd3dximage.obj
 0001:00052172       ?TF_SetupTriangle@@YAPAEIIH@Z 10053172 f   d3dx8:cd3dxblt.obj
 0001:00053ced       ?F2IBegin@@YAXXZ           10054ced f   d3dx8:cd3dxblt.obj
 0001:00053d10       ?F2I@@YAHM@Z               10054d10 f   d3dx8:cd3dxblt.obj
 0001:00053d1f       ?F2IEnd@@YAXXZ             10054d1f f   d3dx8:cd3dxblt.obj
 0001:0005494c       ?LF_SetupLinear@@YAPAEIIH@Z 1005594c f   d3dx8:cd3dxblt.obj
 0001:0003191a       ?FI_Find@@YAPAUFormatInfo@@W4_D3DFORMAT@@@Z 1003291a f   d3dx8:d3dx8tex.obj
 0001:0003193e       ?FI_Score@@YAKPAUFormatInfo@@0@Z 1003293e f   d3dx8:d3dx8tex.obj
 0001:000319be       ?CheckTextureRequirements@@YAJPAUIDirect3DDevice8@@PAI111KPAW4_D3DFORMAT@@W4_D3DPOOL@@I@Z 100329be f   d3dx8:d3dx8tex.obj
 0001:0002b148       ?WithinEpsilon@@YAHMM@Z    1002c148 f   d3dx8:d3dxmath.obj
 0001:0002b175       ?sincosf@@YAXMPAM0@Z       1002c175 f   d3dx8:d3dxmath.obj
 0001:0006e7e4       ?ArrayUnwindFilter@@YAHPAU_EXCEPTION_POINTERS@@@Z 1006f7e4 f   MSVCRT:ehvecdtr.obj
