 Packer

 Timestamp is 3c562d40 (Tue Jan 29 00:04:00 2002)

 Preferred load address is 00400000

 Start         Length     Name                   Class
 0001:00000000 0000814eH .text                   CODE
 0002:00000000 000000b4H .idata$5                DATA
 0002:000000b8 00000b87H .rdata                  DATA
 0002:00000c40 00000014H .idata$2                DATA
 0002:00000c54 00000014H .idata$3                DATA
 0002:00000c68 000000b4H .idata$4                DATA
 0002:00000d1c 000002fcH .idata$6                DATA
 0002:00001018 00000000H .edata                  DATA
 0003:00000000 00000004H .CRT$XCA                DATA
 0003:00000004 00000004H .CRT$XCZ                DATA
 0003:00000008 00000004H .CRT$XIA                DATA
 0003:0000000c 00000008H .CRT$XIC                DATA
 0003:00000014 00000004H .CRT$XIZ                DATA
 0003:00000018 00000004H .CRT$XPA                DATA
 0003:0000001c 00000004H .CRT$XPX                DATA
 0003:00000020 00000004H .CRT$XPZ                DATA
 0003:00000024 00000004H .CRT$XTA                DATA
 0003:00000028 00000004H .CRT$XTZ                DATA
 0003:00000030 00001e44H .data                   DATA
 0003:00001e80 00001784H .bss                    DATA

  Address         Publics by Value              Rva+Base     Lib:Object

 0001:00000000       _PrintUsage                00401000 f   main.obj
 0001:00000010       _main                      00401010 f   main.obj
 0001:000000b0       _md3BinOutMeshHeader       004010b0 f   md3.obj
 0001:000000b0       _md3BinOutHeader           004010b0 f   md3.obj
 0001:000000d0       _md3BinOutBoneFrames       004010d0 f   md3.obj
 0001:000000f0       _md3BinOutTags             004010f0 f   md3.obj
 0001:00000120       _md3BinOutTextureNames     00401120 f   md3.obj
 0001:00000140       _md3BinOutTriangleData     00401140 f   md3.obj
 0001:00000160       _md3BinOutTexVecData       00401160 f   md3.obj
 0001:00000160       _md3BinOutVertexData       00401160 f   md3.obj
 0001:00000180       _yylex                     00401180 f   exporter_l.obj
 0001:00000bf0       _yyrestart                 00401bf0 f   exporter_l.obj
 0001:00000c30       _yy_load_buffer_state      00401c30 f   exporter_l.obj
 0001:00000c60       _yy_create_buffer          00401c60 f   exporter_l.obj
 0001:00000cc0       _yy_init_buffer            00401cc0 f   exporter_l.obj
 0001:00000d10       _yy_flush_buffer           00401d10 f   exporter_l.obj
 0001:00000da0       _yyparse                   00401da0 f   exporter_y.obj
 0001:00001ac0       _yyerror                   00402ac0 f   exporter_y.obj
 0001:00001ae0       _yywrap                    00402ae0 f   libfl:libyywrap.o
 0001:00001aec       _fwrite                    00402aec f   LIBC:fwrite.obj
 0001:00001bf6       _printf                    00402bf6 f   LIBC:printf.obj
 0001:00001c27       _fclose                    00402c27 f   LIBC:fclose.obj
 0001:00001c7d       _free                      00402c7d f   LIBC:free.obj
 0001:00001cac       _fprintf                   00402cac f   LIBC:fprintf.obj
 0001:00001cde       ___initstdio               00402cde f   LIBC:_file.obj
 0001:00001d83       ___endstdio                00402d83 f   LIBC:_file.obj
 0001:00001d97       __fsopen                   00402d97 f   LIBC:fopen.obj
 0001:00001db7       _fopen                     00402db7 f   LIBC:fopen.obj
 0001:00001dca       _fread                     00402dca f   LIBC:fread.obj
 0001:00001ec0       _strncpy                   00402ec0 f   LIBC:strncpy.obj
 0001:00001fbe       __fpmath                   00402fbe f   LIBC:fpinit.obj
 0001:00001fd5       __fpclear                  00402fd5 f   LIBC:fpinit.obj
 0001:00001fd6       __cfltcvt_init             00402fd6 f   LIBC:fpinit.obj
 0001:0000200e       _atof                      0040300e f   LIBC:atof.obj
 0001:0000205b       _atol                      0040305b f   LIBC:atox.obj
 0001:000020e6       _atoi                      004030e6 f   LIBC:atox.obj
 0001:000020f1       __filbuf                   004030f1 f   LIBC:_filbuf.obj
 0001:000021ca       __cinit                    004031ca f   LIBC:crt0dat.obj
 0001:000021f7       _exit                      004031f7 f   LIBC:crt0dat.obj
 0001:00002208       __exit                     00403208 f   LIBC:crt0dat.obj
 0001:000022cc       _malloc                    004032cc f   LIBC:malloc.obj
 0001:000022de       __nh_malloc                004032de f   LIBC:malloc.obj
 0001:0000230a       __heap_alloc               0040330a f   LIBC:malloc.obj
 0001:00002340       _realloc                   00403340 f   LIBC:realloc.obj
 0001:00002460       __chkstk                   00403460 f   LIBC:chkstk.obj
 0001:00002460       __alloca_probe             00403460 f   LIBC:chkstk.obj
 0001:0000248f       _mainCRTStartup            0040348f f   LIBC:crt0.obj
 0001:0000256e       __amsg_exit                0040356e f   LIBC:crt0.obj
 0001:000025b7       __flsbuf                   004035b7 f   LIBC:_flsbuf.obj
 0001:000026cc       __write                    004036cc f   LIBC:write.obj
 0001:00002879       _fflush                    00403879 f   LIBC:fflush.obj
 0001:000028b4       __flush                    004038b4 f   LIBC:fflush.obj
 0001:00002910       __flushall                 00403910 f   LIBC:fflush.obj
 0001:00002990       _memcpy                    00403990 f   LIBC:memcpy.obj
 0001:00002cc5       __stbuf                    00403cc5 f   LIBC:_sftbuf.obj
 0001:00002d52       __ftbuf                    00403d52 f   LIBC:_sftbuf.obj
 0001:00002d8f       __output                   00403d8f f   LIBC:output.obj
 0001:00003599       __close                    00404599 f   LIBC:close.obj
 0001:0000364c       __freebuf                  0040464c f   LIBC:_freebuf.obj
 0001:00003677       __heap_init                00404677 f   LIBC:heapinit.obj
 0001:000036b3       ___sbh_heap_init           004046b3 f   LIBC:sbheap.obj
 0001:000036f1       ___sbh_find_block          004046f1 f   LIBC:sbheap.obj
 0001:0000371c       ___sbh_free_block          0040471c f   LIBC:sbheap.obj
 0001:00003a47       ___sbh_alloc_block         00404a47 f   LIBC:sbheap.obj
 0001:00003d50       ___sbh_alloc_new_region    00404d50 f   LIBC:sbheap.obj
 0001:00003e01       ___sbh_alloc_new_group     00404e01 f   LIBC:sbheap.obj
 0001:00003efc       ___sbh_resize_block        00404efc f   LIBC:sbheap.obj
 0001:000041f2       __ioinit                   004051f2 f   LIBC:ioinit.obj
 0001:0000439d       _calloc                    0040539d f   LIBC:calloc.obj
 0001:0000441a       __fcloseall                0040541a f   LIBC:closeall.obj
 0001:00004472       __openfile                 00405472 f   LIBC:_open.obj
 0001:000045e2       __getstream                004055e2 f   LIBC:stream.obj
 0001:0000465a       __read                     0040565a f   LIBC:read.obj
 0001:00004850       __setdefaultprecision      00405850 f   LIBC:fp8.obj
 0001:00004862       __ms_p5_test_fdiv          00405862 f   LIBC:testfdiv.obj
 0001:000048a0       __ms_p5_mp_test_fdiv       004058a0 f   LIBC:testfdiv.obj
 0001:000048c9       __forcdecpt                004058c9 f   LIBC:cvt.obj
 0001:00004923       __cropzeros                00405923 f   LIBC:cvt.obj
 0001:00004971       __positive                 00405971 f   LIBC:cvt.obj
 0001:00004989       __fassign                  00405989 f   LIBC:cvt.obj
 0001:000049c7       __cftoe                    004059c7 f   LIBC:cvt.obj
 0001:00004acb       __cftof                    00405acb f   LIBC:cvt.obj
 0001:00004ba9       __cftog                    00405ba9 f   LIBC:cvt.obj
 0001:00004c8e       __cfltcvt                  00405c8e f   LIBC:cvt.obj
 0001:00004d04       __fltin                    00405d04 f   LIBC:cfin.obj
 0001:00004da0       _strlen                    00405da0 f   LIBC:strlen.obj
 0001:00004e1b       __isctype                  00405e1b f   LIBC:isctype.obj
 0001:00004e90       __allmul                   00405e90 f   LIBC:llmul.obj
 0001:00004ec4       __getbuf                   00405ec4 f   LIBC:_getbuf.obj
 0001:00004f08       __callnewh                 00405f08 f   LIBC:handler.obj
 0001:00004f23       __XcptFilter               00405f23 f   LIBC:winxfltr.obj
 0001:000050a7       __setenvp                  004060a7 f   LIBC:stdenvp.obj
 0001:00005160       __setargv                  00406160 f   LIBC:stdargv.obj
 0001:000053ad       ___crtGetEnvironmentStringsA 004063ad f   LIBC:a_env.obj
 0001:000054e0       __global_unwind2           004064e0 f   LIBC:exsup.obj
 0001:00005522       __local_unwind2            00406522 f   LIBC:exsup.obj
 0001:0000557a       __NLG_Return2              0040657a f   LIBC:exsup.obj
 0001:0000558a       __abnormal_termination     0040658a f   LIBC:exsup.obj
 0001:000055ad       __NLG_Notify1              004065ad f   LIBC:exsup.obj
 0001:000055b6       __NLG_Notify               004065b6 f   LIBC:exsup.obj
 0001:000055c9       __NLG_Dispatch             004065c9 f   LIBC:exsup.obj
 0001:000055d8       __except_handler3          004065d8 f   LIBC:exsup3.obj
 0001:00005695       __seh_longjmp_unwind@4     00406695 f   LIBC:exsup3.obj
 0001:000056b0       __FF_MSGBANNER             004066b0 f   LIBC:crt0msg.obj
 0001:000056e9       __NMSG_WRITE               004066e9 f   LIBC:crt0msg.obj
 0001:0000583c       __lseek                    0040683c f   LIBC:lseek.obj
 0001:000058d6       __isatty                   004068d6 f   LIBC:isatty.obj
 0001:000058d6       _isatty                    004068d6 f   LIBC:isatty.obj
 0001:000058fc       __dosmaperr                004068fc f   LIBC:dosmap.obj
 0001:00005963       __commit                   00406963 f   LIBC:commit.obj
 0001:000059ba       _wctomb                    004069ba f   LIBC:wctomb.obj
 0001:00005a30       __aulldiv                  00406a30 f   LIBC:ulldiv.obj
 0001:00005aa0       __aullrem                  00406aa0 f   LIBC:ullrem.obj
 0001:00005b15       __alloc_osfhnd             00406b15 f   LIBC:osfinfo.obj
 0001:00005baa       __set_osfhnd               00406baa f   LIBC:osfinfo.obj
 0001:00005c21       __free_osfhnd              00406c21 f   LIBC:osfinfo.obj
 0001:00005c9b       __get_osfhandle            00406c9b f   LIBC:osfinfo.obj
 0001:00005ce0       _memmove                   00406ce0 f   LIBC:memmove.obj
 0001:00006020       _memset                    00407020 f   LIBC:memset.obj
 0001:00006078       __sopen                    00407078 f   LIBC:open.obj
 0001:00006331       __control87                00407331 f   LIBC:ieee87.obj
 0001:00006366       __controlfp                00407366 f   LIBC:ieee87.obj
 0001:00006497       _tolower                   00407497 f   LIBC:tolower.obj
 0001:00006562       __ZeroTail                 00407562 f   LIBC:intrncvt.obj
 0001:000065ab       __IncMan                   004075ab f   LIBC:intrncvt.obj
 0001:00006601       __RoundMan                 00407601 f   LIBC:intrncvt.obj
 0001:0000668d       __CopyMan                  0040768d f   LIBC:intrncvt.obj
 0001:000066a8       __FillZeroMan              004076a8 f   LIBC:intrncvt.obj
 0001:000066b4       __IsZeroMan                004076b4 f   LIBC:intrncvt.obj
 0001:000066cf       __ShrMan                   004076cf f   LIBC:intrncvt.obj
 0001:0000675c       __ld12cvt                  0040775c f   LIBC:intrncvt.obj
 0001:000068c8       __ld12tod                  004078c8 f   LIBC:intrncvt.obj
 0001:000068de       __ld12tof                  004078de f   LIBC:intrncvt.obj
 0001:000068f4       __atodbl                   004078f4 f   LIBC:intrncvt.obj
 0001:00006921       __atoflt                   00407921 f   LIBC:intrncvt.obj
 0001:00006950       _strcpy                    00407950 f   LIBC:strcat.obj
 0001:00006960       _strcat                    00407960 f   LIBC:strcat.obj
 0001:00006a40       __fptostr                  00407a40 f   LIBC:_fptostr.obj
 0001:00006ab7       __fltout                   00407ab7 f   LIBC:cfout.obj
 0001:00006b1b       ___dtold                   00407b1b f   LIBC:cfout.obj
 0001:00006bd1       __fptrap                   00407bd1 f   LIBC:crt0fp.obj
 0001:00006bda       ___strgtold12              00407bda f   LIBC:strgtold.obj
 0001:000070ab       ___crtGetStringTypeA       004080ab f   LIBC:a_str.obj
 0001:000071f4       __setmbcp                  004081f4 f   LIBC:mbctype.obj
 0001:000075b8       ___initmbctable            004085b8 f   LIBC:mbctype.obj
 0001:000075d4       ___crtMessageBoxA          004085d4 f   LIBC:crtmbox.obj
 0001:0000765d       __chsize                   0040865d f   LIBC:chsize.obj
 0001:000077a3       ___crtLCMapStringA         004087a3 f   LIBC:a_map.obj
 0001:000079f2       ___addl                    004089f2 f   LIBC:mantold.obj
 0001:00007a13       ___add_12                  00408a13 f   LIBC:mantold.obj
 0001:00007a71       ___shl_12                  00408a71 f   LIBC:mantold.obj
 0001:00007a9f       ___shr_12                  00408a9f f   LIBC:mantold.obj
 0001:00007acc       ___mtold12                 00408acc f   LIBC:mantold.obj
 0001:00007b93       _$I10_OUTPUT               00408b93 f   LIBC:x10fout.obj
 0001:00007e26       ___ld12mul                 00408e26 f   LIBC:tenpow.obj
 0001:00008046       ___multtenpow12            00409046 f   LIBC:tenpow.obj
 0001:000080c2       __setmode                  004090c2 f   LIBC:setmode.obj
 0001:00008140       _RtlUnwind@16              00409140 f   kernel32:KERNEL32.dll
 0001:00008146       __fileno                   00409146 f   LIBC:fileno.obj
 0001:00008146       _fileno                    00409146 f   LIBC:fileno.obj
 0002:00000000       __imp__UnhandledExceptionFilter@4 0040a000     kernel32:KERNEL32.dll
 0002:00000004       __imp__ExitProcess@4       0040a004     kernel32:KERNEL32.dll
 0002:00000008       __imp__TerminateProcess@8  0040a008     kernel32:KERNEL32.dll
 0002:0000000c       __imp__GetCurrentProcess@0 0040a00c     kernel32:KERNEL32.dll
 0002:00000010       __imp__HeapAlloc@12        0040a010     kernel32:KERNEL32.dll
 0002:00000014       __imp__HeapReAlloc@16      0040a014     kernel32:KERNEL32.dll
 0002:00000018       __imp__GetCommandLineA@0   0040a018     kernel32:KERNEL32.dll
 0002:0000001c       __imp__GetVersion@0        0040a01c     kernel32:KERNEL32.dll
 0002:00000020       __imp__GetLastError@0      0040a020     kernel32:KERNEL32.dll
 0002:00000024       __imp__WriteFile@20        0040a024     kernel32:KERNEL32.dll
 0002:00000028       __imp__CloseHandle@4       0040a028     kernel32:KERNEL32.dll
 0002:0000002c       __imp__HeapDestroy@4       0040a02c     kernel32:KERNEL32.dll
 0002:00000030       __imp__HeapCreate@12       0040a030     kernel32:KERNEL32.dll
 0002:00000034       __imp__VirtualFree@12      0040a034     kernel32:KERNEL32.dll
 0002:00000038       __imp__VirtualAlloc@16     0040a038     kernel32:KERNEL32.dll
 0002:0000003c       __imp__SetHandleCount@4    0040a03c     kernel32:KERNEL32.dll
 0002:00000040       __imp__GetStdHandle@4      0040a040     kernel32:KERNEL32.dll
 0002:00000044       __imp__GetFileType@4       0040a044     kernel32:KERNEL32.dll
 0002:00000048       __imp__GetStartupInfoA@4   0040a048     kernel32:KERNEL32.dll
 0002:0000004c       __imp__ReadFile@20         0040a04c     kernel32:KERNEL32.dll
 0002:00000050       __imp__GetProcAddress@8    0040a050     kernel32:KERNEL32.dll
 0002:00000054       __imp__GetModuleHandleA@4  0040a054     kernel32:KERNEL32.dll
 0002:00000058       __imp__HeapFree@12         0040a058     kernel32:KERNEL32.dll
 0002:0000005c       __imp__GetModuleFileNameA@12 0040a05c     kernel32:KERNEL32.dll
 0002:00000060       __imp__FreeEnvironmentStringsA@4 0040a060     kernel32:KERNEL32.dll
 0002:00000064       __imp__FreeEnvironmentStringsW@4 0040a064     kernel32:KERNEL32.dll
 0002:00000068       __imp__WideCharToMultiByte@32 0040a068     kernel32:KERNEL32.dll
 0002:0000006c       __imp__GetEnvironmentStrings@0 0040a06c     kernel32:KERNEL32.dll
 0002:00000070       __imp__GetEnvironmentStringsW@0 0040a070     kernel32:KERNEL32.dll
 0002:00000074       __imp__RtlUnwind@16        0040a074     kernel32:KERNEL32.dll
 0002:00000078       __imp__SetFilePointer@16   0040a078     kernel32:KERNEL32.dll
 0002:0000007c       __imp__FlushFileBuffers@4  0040a07c     kernel32:KERNEL32.dll
 0002:00000080       __imp__SetStdHandle@8      0040a080     kernel32:KERNEL32.dll
 0002:00000084       __imp__CreateFileA@28      0040a084     kernel32:KERNEL32.dll
 0002:00000088       __imp__MultiByteToWideChar@24 0040a088     kernel32:KERNEL32.dll
 0002:0000008c       __imp__GetStringTypeA@20   0040a08c     kernel32:KERNEL32.dll
 0002:00000090       __imp__GetStringTypeW@16   0040a090     kernel32:KERNEL32.dll
 0002:00000094       __imp__GetCPInfo@8         0040a094     kernel32:KERNEL32.dll
 0002:00000098       __imp__GetACP@0            0040a098     kernel32:KERNEL32.dll
 0002:0000009c       __imp__GetOEMCP@0          0040a09c     kernel32:KERNEL32.dll
 0002:000000a0       __imp__LoadLibraryA@4      0040a0a0     kernel32:KERNEL32.dll
 0002:000000a4       __imp__SetEndOfFile@4      0040a0a4     kernel32:KERNEL32.dll
 0002:000000a8       __imp__LCMapStringA@24     0040a0a8     kernel32:KERNEL32.dll
 0002:000000ac       __imp__LCMapStringW@24     0040a0ac     kernel32:KERNEL32.dll
 0002:000000b0       \177KERNEL32_NULL_THUNK_DATA 0040a0b0     kernel32:KERNEL32.dll
 0002:00000804       ___lookuptable             0040a804     LIBC:output.obj
 0002:00000860       ??_C@_1O@POHA@?$AA?$CI?$AAn?$AAu?$AAl?$AAl?$AA?$CJ?$AA?$AA@ 0040a860     LIBC:output.obj
 0002:00000870       ??_C@_06ONKE@?$CInull?$CJ?$AA@ 0040a870     LIBC:output.obj
 0002:00000878       __real@8@3fff8000000000000000 0040a878     LIBC:testfdiv.obj
 0002:00000880       __real@8@4015800bf60000000000 0040a880     LIBC:testfdiv.obj
 0002:00000888       __real@8@4014bffffc0000000000 0040a888     LIBC:testfdiv.obj
 0002:00000890       ??_C@_0BK@JEGK@IsProcessorFeaturePresent?$AA@ 0040a890     LIBC:testfdiv.obj
 0002:000008ac       ??_C@_08OBID@KERNEL32?$AA@ 0040a8ac     LIBC:testfdiv.obj
 0002:000008b8       __real@8@00000000000000000000 0040a8b8     LIBC:cvt.obj
 0002:000008c0       ??_C@_05OFLO@e?$CL000?$AA@ 0040a8c0     LIBC:cvt.obj
 0002:000008c8       ??_C@_0P@GGKG@runtime?5error?5?$AA@ 0040a8c8     LIBC:crt0msg.obj
 0002:000008d8       ??_C@_02PIMC@?$AN?6?$AA@   0040a8d8     LIBC:crt0msg.obj
 0002:000008dc       ??_C@_0O@DELO@TLOSS?5error?$AN?6?$AA@ 0040a8dc     LIBC:crt0msg.obj
 0002:000008ec       ??_C@_0N@OMLL@SING?5error?$AN?6?$AA@ 0040a8ec     LIBC:crt0msg.obj
 0002:000008fc       ??_C@_0P@OJAK@DOMAIN?5error?$AN?6?$AA@ 0040a8fc     LIBC:crt0msg.obj
 0002:0000090c       ??_C@_0CF@EANP@R6028?$AN?6?9?5unable?5to?5initialize?5he@ 0040a90c     LIBC:crt0msg.obj
 0002:00000934       ??_C@_0DF@ECGN@R6027?$AN?6?9?5not?5enough?5space?5for?5lo@ 0040a934     LIBC:crt0msg.obj
 0002:0000096c       ??_C@_0DF@FKAC@R6026?$AN?6?9?5not?5enough?5space?5for?5st@ 0040a96c     LIBC:crt0msg.obj
 0002:000009a4       ??_C@_0CG@DPMN@R6025?$AN?6?9?5pure?5virtual?5function?5c@ 0040a9a4     LIBC:crt0msg.obj
 0002:000009cc       ??_C@_0DF@CKIP@R6024?$AN?6?9?5not?5enough?5space?5for?5_o@ 0040a9cc     LIBC:crt0msg.obj
 0002:00000a04       ??_C@_0CJ@GGOE@R6019?$AN?6?9?5unable?5to?5open?5console?5@ 0040aa04     LIBC:crt0msg.obj
 0002:00000a30       ??_C@_0CB@LBOB@R6018?$AN?6?9?5unexpected?5heap?5error?$AN?6@ 0040aa30     LIBC:crt0msg.obj
 0002:00000a54       ??_C@_0CN@FPEG@R6017?$AN?6?9?5unexpected?5multithread?5@ 0040aa54     LIBC:crt0msg.obj
 0002:00000a84       ??_C@_0CM@OBIC@R6016?$AN?6?9?5not?5enough?5space?5for?5th@ 0040aa84     LIBC:crt0msg.obj
 0002:00000ab0       ??_C@_0CB@HPAL@?$AN?6abnormal?5program?5termination?$AN?6@ 0040aab0     LIBC:crt0msg.obj
 0002:00000ad4       ??_C@_0CM@JOOB@R6009?$AN?6?9?5not?5enough?5space?5for?5en@ 0040aad4     LIBC:crt0msg.obj
 0002:00000b00       ??_C@_0CK@OIBL@R6008?$AN?6?9?5not?5enough?5space?5for?5ar@ 0040ab00     LIBC:crt0msg.obj
 0002:00000b2c       ??_C@_0CF@LKPB@R6002?$AN?6?9?5floating?5point?5not?5load@ 0040ab2c     LIBC:crt0msg.obj
 0002:00000b54       ??_C@_0CF@JPDF@Microsoft?5Visual?5C?$CL?$CL?5Runtime?5Lib@ 0040ab54     LIBC:crt0msg.obj
 0002:00000b7c       ??_C@_02JJJH@?6?6?$AA@     0040ab7c     LIBC:crt0msg.obj
 0002:00000b80       ??_C@_0BK@DEOK@Runtime?5Error?$CB?6?6Program?3?5?$AA@ 0040ab80     LIBC:crt0msg.obj
 0002:00000b9c       ??_C@_03NAME@?4?4?4?$AA@   0040ab9c     LIBC:crt0msg.obj
 0002:00000ba0       ??_C@_0BH@NNCD@?$DMprogram?5name?5unknown?$DO?$AA@ 0040aba0     LIBC:crt0msg.obj
 0002:00000bb8       ??_C@_01A@?$AA?$AA@        0040abb8     LIBC:a_str.obj
 0002:00000bbc       ??_C@_13A@?$AA?$AA?$AA?$AA@ 0040abbc     LIBC:a_str.obj
 0002:00000bcc       ??_C@_0BD@NJFP@GetLastActivePopup?$AA@ 0040abcc     LIBC:crtmbox.obj
 0002:00000be0       ??_C@_0BA@GILI@GetActiveWindow?$AA@ 0040abe0     LIBC:crtmbox.obj
 0002:00000bf0       ??_C@_0M@PKCK@MessageBoxA?$AA@ 0040abf0     LIBC:crtmbox.obj
 0002:00000bfc       ??_C@_0L@HKL@user32?4dll?$AA@ 0040abfc     LIBC:crtmbox.obj
 0002:00000c20       ??_C@_06PAPI@1?$CDQNAN?$AA@ 0040ac20     LIBC:x10fout.obj
 0002:00000c28       ??_C@_05BGNL@1?$CDINF?$AA@ 0040ac28     LIBC:x10fout.obj
 0002:00000c30       ??_C@_05EDPF@1?$CDIND?$AA@ 0040ac30     LIBC:x10fout.obj
 0002:00000c38       ??_C@_06LKFM@1?$CDSNAN?$AA@ 0040ac38     LIBC:x10fout.obj
 0002:00000c40       __IMPORT_DESCRIPTOR_KERNEL32 0040ac40     kernel32:KERNEL32.dll
 0002:00000c54       __NULL_IMPORT_DESCRIPTOR   0040ac54     kernel32:KERNEL32.dll
 0003:00000000       ___xc_a                    0040c000     LIBC:crt0init.obj
 0003:00000004       ___xc_z                    0040c004     LIBC:crt0init.obj
 0003:00000008       ___xi_a                    0040c008     LIBC:crt0init.obj
 0003:00000014       ___xi_z                    0040c014     LIBC:crt0init.obj
 0003:00000018       ___xp_a                    0040c018     LIBC:crt0init.obj
 0003:00000020       ___xp_z                    0040c020     LIBC:crt0init.obj
 0003:00000024       ___xt_a                    0040c024     LIBC:crt0init.obj
 0003:00000028       ___xt_z                    0040c028     LIBC:crt0init.obj
 0003:00000030       ??_C@_0CD@BNAL@packer?5output_file?5input_filenam@ 0040c030     main.obj
 0003:00000054       ??_C@_0BN@BFDK@Successful?5file?5creation?4?4?4?6?$AA@ 0040c054     main.obj
 0003:00000074       ??_C@_02NGAF@wb?$AA@       0040c074     main.obj
 0003:00000078       ??_C@_01LHO@r?$AA@         0040c078     main.obj
 0003:000011cc       ??_C@_0DD@BPDL@fatal?5flex?5scanner?5internal?5erro@ 0040d1cc     exporter_l.obj
 0003:00001200       ??_C@_0BN@PFNM@input?5in?5flex?5scanner?5failed?$AA@ 0040d200     exporter_l.obj
 0003:00001220       ??_C@_0CM@LKBM@fatal?5error?5?9?5scanner?5input?5buff@ 0040d220     exporter_l.obj
 0003:0000124c       ??_C@_0DI@GGOB@fatal?5flex?5scanner?5internal?5erro@ 0040d24c     exporter_l.obj
 0003:00001284       ??_C@_0CM@ONMF@out?5of?5dynamic?5memory?5in?5yy_crea@ 0040d284     exporter_l.obj
 0003:000012b0       ??_C@_03HHKO@?$CFs?6?$AA@  0040d2b0     exporter_l.obj
 0003:000012b4       ??_C@_0BG@NKOG@parser?5stack?5overflow?$AA@ 0040d2b4     exporter_y.obj
 0003:000012cc       ??_C@_0M@ILLL@parse?5error?$AA@ 0040d2cc     exporter_y.obj
 0003:000012d8       ??_C@_0M@DBMO@?$CFs?5at?5?8?$CFs?8?6?$AA@ 0040d2d8     exporter_y.obj
 0003:000012f0       __iob                      0040d2f0     LIBC:_file.obj
 0003:00001570       __fltused                  0040d570     LIBC:fpinit.obj
 0003:00001574       __ldused                   0040d574     LIBC:fpinit.obj
 0003:00001578       __FPinit                   0040d578     LIBC:fpinit.obj
 0003:0000157c       __FPmtinit                 0040d57c     LIBC:fpinit.obj
 0003:00001580       __FPmtterm                 0040d580     LIBC:fpinit.obj
 0003:00001590       __aexit_rtn                0040d590     LIBC:crt0.obj
 0003:00001594       ___app_type                0040d594     LIBC:crt0.obj
 0003:000015a0       ___nullstring              0040d5a0     LIBC:output.obj
 0003:000015a4       ___wnullstring             0040d5a4     LIBC:output.obj
 0003:000015a8       __amblksiz                 0040d5a8     LIBC:heapinit.obj
 0003:000015ac       ___sbh_threshold           0040d5ac     LIBC:sbheap.obj
 0003:000015b0       ___badioinfo               0040d5b0     LIBC:ioinit.obj
 0003:000015b8       __cfltcvt_tab              0040d5b8     LIBC:cmiscdat.obj
 0003:000015e0       __pctype                   0040d5e0     LIBC:ctype.obj
 0003:000015e4       __pwctype                  0040d5e4     LIBC:ctype.obj
 0003:000015e8       __ctype                    0040d5e8     LIBC:ctype.obj
 0003:000017ec       ___mb_cur_max              0040d7ec     LIBC:nlsdata1.obj
 0003:000017f0       ___decimal_point           0040d7f0     LIBC:nlsdata1.obj
 0003:000017f4       ___decimal_point_length    0040d7f4     LIBC:nlsdata1.obj
 0003:00001800       __XcptActTab               0040d800     LIBC:winxfltr.obj
 0003:00001878       __First_FPE_Indx           0040d878     LIBC:winxfltr.obj
 0003:0000187c       __Num_FPE                  0040d87c     LIBC:winxfltr.obj
 0003:00001880       __XcptActTabCount          0040d880     LIBC:winxfltr.obj
 0003:00001884       __fpecode                  0040d884     LIBC:winxfltr.obj
 0003:00001888       __NLG_Destination          0040d888     LIBC:exsup.obj
 0003:00001bb8       __pow10pos                 0040dbb8     LIBC:constpow.obj
 0003:00001d18       __pow10neg                 0040dd18     LIBC:constpow.obj
 0003:00001ea0       _yyin                      0040dea0     exporter_l.obj
 0003:00001ea4       _yyout                     0040dea4     exporter_l.obj
 0003:00001ea8       _boneframeIdx              0040dea8     exporter_y.obj
 0003:00001eac       _tagIdx                    0040deac     exporter_y.obj
 0003:00001eb0       _texnamesIdx               0040deb0     exporter_y.obj
 0003:00001eb4       _triIdx                    0040deb4     exporter_y.obj
 0003:00001eb8       _texvecIdx                 0040deb8     exporter_y.obj
 0003:00001ebc       _vertIdx                   0040debc     exporter_y.obj
 0003:00001ec0       __cflush                   0040dec0     LIBC:_file.obj
 0003:00001ec4       ___fastflag                0040dec4     LIBC:fpinit.obj
 0003:00001ec8       __adjust_fdiv              0040dec8     LIBC:fpinit.obj
 0003:00001ecc       _errno                     0040decc     LIBC:crt0dat.obj
 0003:00001ed0       __doserrno                 0040ded0     LIBC:crt0dat.obj
 0003:00001ed4       __umaskval                 0040ded4     LIBC:crt0dat.obj
 0003:00001ed8       __osver                    0040ded8     LIBC:crt0dat.obj
 0003:00001edc       __winver                   0040dedc     LIBC:crt0dat.obj
 0003:00001ee0       __winmajor                 0040dee0     LIBC:crt0dat.obj
 0003:00001ee4       __winminor                 0040dee4     LIBC:crt0dat.obj
 0003:00001ee8       ___argc                    0040dee8     LIBC:crt0dat.obj
 0003:00001eec       ___argv                    0040deec     LIBC:crt0dat.obj
 0003:00001ef0       ___wargv                   0040def0     LIBC:crt0dat.obj
 0003:00001ef4       __environ                  0040def4     LIBC:crt0dat.obj
 0003:00001ef8       ___initenv                 0040def8     LIBC:crt0dat.obj
 0003:00001efc       __wenviron                 0040defc     LIBC:crt0dat.obj
 0003:00001f00       ___winitenv                0040df00     LIBC:crt0dat.obj
 0003:00001f04       __pgmptr                   0040df04     LIBC:crt0dat.obj
 0003:00001f08       __wpgmptr                  0040df08     LIBC:crt0dat.obj
 0003:00001f0c       __exitflag                 0040df0c     LIBC:crt0dat.obj
 0003:00001f10       __C_Termination_Done       0040df10     LIBC:crt0dat.obj
 0003:00001f14       __C_Exit_Done              0040df14     LIBC:crt0dat.obj
 0003:00001f18       __aenvptr                  0040df18     LIBC:crt0.obj
 0003:00001f1c       __wenvptr                  0040df1c     LIBC:crt0.obj
 0003:00001f20       ___error_mode              0040df20     LIBC:crt0.obj
 0003:00001f24       __stdbuf                   0040df24     LIBC:_sftbuf.obj
 0003:00001f58       __newmode                  0040df58     LIBC:_newmode.obj
 0003:00001f5c       ?_pnhHeap@@3P6AHI@ZA       0040df5c     LIBC:handler.obj
 0003:00001f60       __pxcptinfoptrs            0040df60     LIBC:winxfltr.obj
 0003:0000206c       __adbgmsg                  0040e06c     LIBC:crt0msg.obj
 0003:00002070       __commode                  0040e070     LIBC:ncommode.obj
 0003:000020bc       ___lc_handle               0040e0bc     LIBC:nlsdata2.obj
 0003:000020d4       ___lc_codepage             0040e0d4     LIBC:nlsdata2.obj
 0003:000020d8       ___lc_collate_cp           0040e0d8     LIBC:nlsdata2.obj
 0003:000020dc       __fmode                    0040e0dc     LIBC:txtmode.obj
 0003:00002100       _yylval                    0040e100     <common>
 0003:00002150       _yychar                    0040e150     <common>
 0003:00002154       _nextTextureName           0040e154     <common>
 0003:00002158       _yynerrs                   0040e158     <common>
 0003:0000215c       _yyleng                    0040e15c     <common>
 0003:00002160       _yytext                    0040e160     <common>
 0003:00002164       _vertex_data               0040e164     <common>
 0003:00002180       _meshhdr_data              0040e180     <common>
 0003:00002200       _hdr                       0040e200     <common>
 0003:0000226c       _outFile                   0040e26c     <common>
 0003:00002270       _triangle_data             0040e270     <common>
 0003:00002274       _textureName_data          0040e274     <common>
 0003:00002278       _boneframe_data            0040e278     <common>
 0003:0000227c       _texvec_data               0040e27c     <common>
 0003:00002280       _tag_data                  0040e280     <common>
 0003:00002284       ___mbcodepage              0040e284     <common>
 0003:00002290       ___mbulinfo                0040e290     <common>
 0003:0000229c       ___ismbcodepage            0040e29c     <common>
 0003:000022a0       __mbcasemap                0040e2a0     <common>
 0003:000023a0       __mbctype                  0040e3a0     <common>
 0003:000024a4       ___mblcid                  0040e4a4     <common>
 0003:000024c0       ___pioinfo                 0040e4c0     <common>
 0003:000025c0       __nhandle                  0040e5c0     <common>
 0003:000025c4       ___sbh_sizeHeaderList      0040e5c4     <common>
 0003:000025c8       ___sbh_indGroupDefer       0040e5c8     <common>
 0003:000025cc       ___sbh_pHeaderScan         0040e5cc     <common>
 0003:000025d0       ___sbh_pHeaderDefer        0040e5d0     <common>
 0003:000025d4       ___sbh_cntHeaderList       0040e5d4     <common>
 0003:000025d8       ___sbh_pHeaderList         0040e5d8     <common>
 0003:000025dc       __crtheap                  0040e5dc     <common>
 0003:000025e0       __acmdln                   0040e5e0     <common>
 0003:000025e4       ___env_initialized         0040e5e4     <common>
 0003:000025e8       ___mbctype_initialized     0040e5e8     <common>
 0003:000025ec       ___onexitend               0040e5ec     <common>
 0003:000025f0       ___onexitbegin             0040e5f0     <common>
 0003:000025f4       ___piob                    0040e5f4     <common>
 0003:00002600       __bufin                    0040e600     <common>
 0003:00003600       __nstream                  0040f600     <common>

 entry point at        0001:0000248f

 Static symbols

 0001:00001aa0       _yymemcpy                  00402aa0 f   exporter_y.obj
 0001:000007d0       _yy_get_next_buffer        004017d0 f   exporter_l.obj
 0001:00000a50       _yy_get_previous_state     00401a50 f   exporter_l.obj
 0001:00000b30       _yy_try_NUL_trans          00401b30 f   exporter_l.obj
 0001:00000d50       _yy_fatal_error            00401d50 f   exporter_l.obj
 0001:00000d70       _yy_flex_alloc             00401d70 f   exporter_l.obj
 0001:00000d80       _yy_flex_realloc           00401d80 f   exporter_l.obj
 0001:000079c7       _strncnt                   004089c7 f   LIBC:a_map.obj
 0001:0000738d       _getSystemCP               0040838d f   LIBC:mbctype.obj
 0001:000073d7       _CPtoLCID                  004083d7 f   LIBC:mbctype.obj
 0001:0000740a       _setSBCS                   0040840a f   LIBC:mbctype.obj
 0001:00007433       _setSBUpLow                00408433 f   LIBC:mbctype.obj
 0001:0000637c       __abstract_cw              0040737c f   LIBC:ieee87.obj
 0001:0000640e       __hw_cw                    0040740e f   LIBC:ieee87.obj
 0001:00005d50       LeadUp1                    00406d50 f   LIBC:memmove.obj
 0001:00005d7c       LeadUp2                    00406d7c f   LIBC:memmove.obj
 0001:00005da0       LeadUp3                    00406da0 f   LIBC:memmove.obj
 0001:00005e1f       UnwindUp0                  00406e1f f   LIBC:memmove.obj
 0001:00005e0c       UnwindUp1                  00406e0c f   LIBC:memmove.obj
 0001:00005e04       UnwindUp2                  00406e04 f   LIBC:memmove.obj
 0001:00005dfc       UnwindUp3                  00406dfc f   LIBC:memmove.obj
 0001:00005df4       UnwindUp4                  00406df4 f   LIBC:memmove.obj
 0001:00005dec       UnwindUp5                  00406dec f   LIBC:memmove.obj
 0001:00005de4       UnwindUp6                  00406de4 f   LIBC:memmove.obj
 0001:00005ddc       UnwindUp7                  00406ddc f   LIBC:memmove.obj
 0001:00005e38       TrailUp0                   00406e38 f   LIBC:memmove.obj
 0001:00005e40       TrailUp1                   00406e40 f   LIBC:memmove.obj
 0001:00005e4c       TrailUp2                   00406e4c f   LIBC:memmove.obj
 0001:00005e60       TrailUp3                   00406e60 f   LIBC:memmove.obj
 0001:00005ed8       LeadDown1                  00406ed8 f   LIBC:memmove.obj
 0001:00005ef8       LeadDown2                  00406ef8 f   LIBC:memmove.obj
 0001:00005f20       LeadDown3                  00406f20 f   LIBC:memmove.obj
 0001:00005f74       UnwindDown7                00406f74 f   LIBC:memmove.obj
 0001:00005f7c       UnwindDown6                00406f7c f   LIBC:memmove.obj
 0001:00005f84       UnwindDown5                00406f84 f   LIBC:memmove.obj
 0001:00005f8c       UnwindDown4                00406f8c f   LIBC:memmove.obj
 0001:00005f94       UnwindDown3                00406f94 f   LIBC:memmove.obj
 0001:00005f9c       UnwindDown2                00406f9c f   LIBC:memmove.obj
 0001:00005fa4       UnwindDown1                00406fa4 f   LIBC:memmove.obj
 0001:00005fb7       UnwindDown0                00406fb7 f   LIBC:memmove.obj
 0001:00005fd0       TrailDown0                 00406fd0 f   LIBC:memmove.obj
 0001:00005fd8       TrailDown1                 00406fd8 f   LIBC:memmove.obj
 0001:00005fe8       TrailDown2                 00406fe8 f   LIBC:memmove.obj
 0001:00005ffc       TrailDown3                 00406ffc f   LIBC:memmove.obj
 0001:000054f8       _gu_return                 004064f8 f   LIBC:exsup.obj
 0001:00005500       __unwind_handler           00406500 f   LIBC:exsup.obj
 0001:000051f9       _parse_cmdline             004061f9 f   LIBC:stdargv.obj
 0001:00005064       _xcptlookup                00406064 f   LIBC:winxfltr.obj
 0001:00004c44       __cftoe_g                  00405c44 f   LIBC:cvt.obj
 0001:00004c6b       __cftof_g                  00405c6b f   LIBC:cvt.obj
 0001:00004cdf       __shift                    00405cdf f   LIBC:cvt.obj
 0001:000034d0       _write_char                004044d0 f   LIBC:output.obj
 0001:00003505       _write_multi_char          00404505 f   LIBC:output.obj
 0001:00003536       _write_string              00404536 f   LIBC:output.obj
 0001:0000356e       _get_int_arg               0040456e f   LIBC:output.obj
 0001:0000357b       _get_int64_arg             0040457b f   LIBC:output.obj
 0001:0000358b       _get_short_arg             0040458b f   LIBC:output.obj
 0001:00002a00       LeadUp1                    00403a00 f   LIBC:memcpy.obj
 0001:00002a2c       LeadUp2                    00403a2c f   LIBC:memcpy.obj
 0001:00002a50       LeadUp3                    00403a50 f   LIBC:memcpy.obj
 0001:00002acf       UnwindUp0                  00403acf f   LIBC:memcpy.obj
 0001:00002abc       UnwindUp1                  00403abc f   LIBC:memcpy.obj
 0001:00002ab4       UnwindUp2                  00403ab4 f   LIBC:memcpy.obj
 0001:00002aac       UnwindUp3                  00403aac f   LIBC:memcpy.obj
 0001:00002aa4       UnwindUp4                  00403aa4 f   LIBC:memcpy.obj
 0001:00002a9c       UnwindUp5                  00403a9c f   LIBC:memcpy.obj
 0001:00002a94       UnwindUp6                  00403a94 f   LIBC:memcpy.obj
 0001:00002a8c       UnwindUp7                  00403a8c f   LIBC:memcpy.obj
 0001:00002ae8       TrailUp0                   00403ae8 f   LIBC:memcpy.obj
 0001:00002af0       TrailUp1                   00403af0 f   LIBC:memcpy.obj
 0001:00002afc       TrailUp2                   00403afc f   LIBC:memcpy.obj
 0001:00002b10       TrailUp3                   00403b10 f   LIBC:memcpy.obj
 0001:00002b88       LeadDown1                  00403b88 f   LIBC:memcpy.obj
 0001:00002ba8       LeadDown2                  00403ba8 f   LIBC:memcpy.obj
 0001:00002bd0       LeadDown3                  00403bd0 f   LIBC:memcpy.obj
 0001:00002c24       UnwindDown7                00403c24 f   LIBC:memcpy.obj
 0001:00002c2c       UnwindDown6                00403c2c f   LIBC:memcpy.obj
 0001:00002c34       UnwindDown5                00403c34 f   LIBC:memcpy.obj
 0001:00002c3c       UnwindDown4                00403c3c f   LIBC:memcpy.obj
 0001:00002c44       UnwindDown3                00403c44 f   LIBC:memcpy.obj
 0001:00002c4c       UnwindDown2                00403c4c f   LIBC:memcpy.obj
 0001:00002c54       UnwindDown1                00403c54 f   LIBC:memcpy.obj
 0001:00002c67       UnwindDown0                00403c67 f   LIBC:memcpy.obj
 0001:00002c80       TrailDown0                 00403c80 f   LIBC:memcpy.obj
 0001:00002c88       TrailDown1                 00403c88 f   LIBC:memcpy.obj
 0001:00002c98       TrailDown2                 00403c98 f   LIBC:memcpy.obj
 0001:00002cac       TrailDown3                 00403cac f   LIBC:memcpy.obj
 0001:00002919       _flsall                    00403919 f   LIBC:fflush.obj
 0001:00002593       _fast_error_exit           00403593 f   LIBC:crt0.obj
 0001:00002219       _doexit                    00403219 f   LIBC:crt0dat.obj
 0001:000022b2       __initterm                 004032b2 f   LIBC:crt0dat.obj

 64 bytes saved through ICF

